<html>
<body>
<pre>
<h1>µVision Build Log</h1>
<h2>Tool Versions:</h2>
IDE-Version: ¶ÃVision V5.34.0.0
Copyright (C) 2021 ARM Ltd and ARM Germany GmbH. All rights reserved.
License Information: mingcheng zhang, alliance, LIC=14HV2-963H4-Z9PG9-4LVCZ-6XJR9-YFUGE
 
Tool Versions:
Toolchain:       MDK-ARM Plus  Version: 5.34.0.0
Toolchain Path:  D:\Soft\Keil_v5\ARM\ARMCC\Bin
C Compiler:      Armcc.exe V5.06 update 7 (build 960)
Assembler:       Armasm.exe V5.06 update 7 (build 960)
Linker/Locator:  ArmLink.exe V5.06 update 7 (build 960)
Library Manager: ArmAr.exe V5.06 update 7 (build 960)
Hex Converter:   FromElf.exe V5.06 update 7 (build 960)
CPU DLL:         SARMCM3.DLL V5.34.0.0
Dialog DLL:      DCM.DLL V1.17.3.0
Target DLL:      Segger\JL2CM3.dll V2.99.38.0
Dialog DLL:      TCM.DLL V1.48.0.0
 
<h2>Project:</h2>
C:\Users\shuimujieming\Desktop\RM2022_Sentry_407\RM2022_Sentry_407_Down\USER\RM2022_Sentry_407.uvprojx
Project File Date:  04/17/2022

<h2>Output:</h2>
*** Using Compiler 'V5.06 update 7 (build 960)', folder: 'D:\Soft\Keil_v5\ARM\ARMCC\Bin'
Build target 'Sentry_Down'
compiling gimbal.c...
..\USER\main.h(72): warning:  #1-D: last line of file ends without a newline
  #endif
..\TASK\task_init.h(49): warning:  #1295-D: Deprecated declaration Task_Init - give arg types
  void Task_Init();
..\TASK\task_init.h(50): warning:  #1-D: last line of file ends without a newline
  #endif
..\TASK\led_task.h(5): warning:  #1295-D: Deprecated declaration led_task_create - give arg types
  void led_task_create();
..\TASK\led_task.h(7): warning:  #1-D: last line of file ends without a newline
  #endif
..\TASK\imu_task.h(5): warning:  #1295-D: Deprecated declaration imu_task_create - give arg types
  void imu_task_create();
..\TASK\imu_task.h(8): warning:  #1-D: last line of file ends without a newline
  #endif
..\TASK\shoot_task.h(25): warning:  #1295-D: Deprecated declaration shoot_task_create - give arg types
  void shoot_task_create();
..\TASK\shoot_task.h(27): warning:  #1-D: last line of file ends without a newline
  #endif
..\TASK\gimbal_task.h(12): warning:  #1295-D: Deprecated declaration gimbal_task_create - give arg types
  void gimbal_task_create();
..\TASK\gimbal_task.h(15): warning:  #1-D: last line of file ends without a newline
  #endif
..\TASK\chassis_task.h(31): warning:  #1295-D: Deprecated declaration chassis_task_create - give arg types
  void chassis_task_create();
..\TASK\chassis_task.h(34): warning:  #1-D: last line of file ends without a newline
  #endif
..\TASK\ui_task.h(5): warning:  #1295-D: Deprecated declaration ui_task_create - give arg types
  void ui_task_create();
..\TASK\ui_task.h(7): warning:  #1-D: last line of file ends without a newline
  #endif
..\TASK\can_send_task.h(5): warning:  #1295-D: Deprecated declaration can_send_task_create - give arg types
  void can_send_task_create();
..\TASK\can_send_task.h(8): warning:  #1-D: last line of file ends without a newline
  #endif
..\TASK\mode_task.h(5): warning:  #1295-D: Deprecated declaration mode_task_create - give arg types
  void mode_task_create();
..\TASK\mode_task.h(7): warning:  #1-D: last line of file ends without a newline
  #endif
..\TASK\supercap_task.h(6): warning:  #1-D: last line of file ends without a newline
  #endif
..\TASK\nuc_task.h(6): warning:  #1295-D: Deprecated declaration nuc_task_create - give arg types
  void nuc_task_create();
..\TASK\nuc_task.h(8): warning:  #1-D: last line of file ends without a newline
  #endif
..\HARDWARE\led.h(21): warning:  #1295-D: Deprecated declaration LED_Init - give arg types
  void LED_Init();//≥ı ºªØLEDµ∆			    
..\HARDWARE\laser.h(17): warning:  #1-D: last line of file ends without a newline
  #endif
..\HARDWARE\dr16.h(70): warning:  #1295-D: Deprecated declaration DR16_Init - give arg types
  void DR16_Init();
..\HARDWARE\dr16.h(72): warning:  #1-D: last line of file ends without a newline
  #endif
..\HARDWARE\tim6.h(10): warning:  #1-D: last line of file ends without a newline
  #endif
..\HARDWARE\pid.h(40): warning:  #1-D: last line of file ends without a newline
  #endif
..\HARDWARE\can.h(9): warning:  #1-D: last line of file ends without a newline
  #endif
..\HARDWARE\spi.h(5): warning:  #1295-D: Deprecated declaration SPI_IMU_Init - give arg types
  void SPI_IMU_Init();
..\HARDWARE\spi.h(8): warning:  #1-D: last line of file ends without a newline
  #endif
..\HARDWARE\imu.h(13): warning:  #1295-D: Deprecated declaration IMU_Ahrs_Update - give arg types
  void IMU_Ahrs_Update();
..\HARDWARE\imu.h(14): warning:  #1295-D: Deprecated declaration IMU_Attitude_Update - give arg types
  void IMU_Attitude_Update();
..\HARDWARE\power.h(5): warning:  #1295-D: Deprecated declaration Power_Init - give arg types
  void Power_Init();
..\HARDWARE\power.h(7): warning:  #1-D: last line of file ends without a newline
  #endif
..\HARDWARE\nuc.h(7): warning:  #1295-D: Deprecated declaration NUC_Init - give arg types
  void NUC_Init();
..\HARDWARE\nuc.h(8): warning:  #1295-D: Deprecated declaration NUC_Send_Data - give arg types
  void NUC_Send_Data();
..\HARDWARE\nuc.h(23): warning:  #1-D: last line of file ends without a newline
  #endif
..\HARDWARE\shoot.h(5): warning:  #1295-D: Deprecated declaration Shoot_Init - give arg types
  void Shoot_Init();
..\HARDWARE\shoot.h(8): warning:  #1-D: last line of file ends without a newline
  #endif
..\HARDWARE\cover.h(5): warning:  #1295-D: Deprecated declaration Cover_Init - give arg types
  void Cover_Init();
..\HARDWARE\cover.h(15): warning:  #1-D: last line of file ends without a newline
  #endif
..\HARDWARE\referee.h(5): warning:  #1295-D: Deprecated declaration Referee_Init - give arg types
  void Referee_Init();
..\HARDWARE\referee.h(8): warning:  #1-D: last line of file ends without a newline
  #endif
..\HARDWARE\beep.h(9): warning:  #1295-D: Deprecated declaration Beep_Init - give arg types
  void Beep_Init();
..\HARDWARE\beep.h(12): warning:  #1-D: last line of file ends without a newline
  #endif
..\HARDWARE\dual_board.h(38): warning:  #1-D: last line of file ends without a newline
  #endif
..\HARDWARE\bmi088.h(9): warning:  #1295-D: Deprecated declaration BMI088_SPI_Init - give arg types
  void BMI088_SPI_Init();
..\HARDWARE\bmi088.h(11): warning:  #1-D: last line of file ends without a newline
  #endif
..\HARDWARE\bmi088driver.h(103): warning:  #1295-D: Deprecated declaration BMI088_Get_Data - give arg types
  void BMI088_Get_Data();
..\HARDWARE\bmi088driver.h(105): warning:  #1-D: last line of file ends without a newline
  #endif
..\HARDWARE\referee_info.h(242): warning:  #1-D: last line of file ends without a newline
  #endif
..\HARDWARE\custom_ui.h(138): warning:  #1295-D: Deprecated declaration Show_UI - give arg types
  void Show_UI();
..\HARDWARE\custom_ui.h(139): warning:  #1-D: last line of file ends without a newline
  #endif
..\HARDWARE\gimbal.h(15): warning:  #1-D: last line of file ends without a newline
  #endif
..\HARDWARE\chassis.h(8): warning:  #1295-D: Deprecated declaration Chassis_Init - give arg types
  void Chassis_Init();
..\HARDWARE\chassis.h(10): warning:  #1-D: last line of file ends without a newline
  #endif
..\HARDWARE\can_handle.h(31): warning:  #1-D: last line of file ends without a newline
  #endif
..\USER\main.h(72): warning:  #1-D: last line of file ends without a newline
  #endif
..\HARDWARE\gimbal.h(13): warning:  #1295-D: Deprecated declaration Gimbal_Init - give arg types
  void Gimbal_Init();
..\HARDWARE\gimbal.h(15): warning:  #1-D: last line of file ends without a newline
  #endif
..\HARDWARE\gimbal.c: 61 warnings, 0 errors
linking...
Program Size: Code=35432 RO-data=664 RW-data=460 ZI-data=80236  
FromELF: creating hex file...
".\Objects\RM2022_Sentry_407.axf" - 0 Error(s), 61 Warning(s).

<h2>Software Packages used:</h2>

Package Vendor: Keil
                http://www.keil.com/pack/Keil.STM32F4xx_DFP.2.15.0.pack
                Keil.STM32F4xx_DFP.2.15.0
                STMicroelectronics STM32F4 Series Device Support, Drivers and Examples

<h2>Collection of Component include folders:</h2>
  D:\Soft\Arm\Packs\Keil\STM32F4xx_DFP\2.15.0\Drivers\CMSIS\Device\ST\STM32F4xx\Include

<h2>Collection of Component Files used:</h2>
Build Time Elapsed:  00:00:02
</pre>
</body>
</html>
