<html>
<body>
<pre>
<h1>µVision Build Log</h1>
<h2>Tool Versions:</h2>
IDE-Version: ¶ÃVision V5.34.0.0
Copyright (C) 2021 ARM Ltd and ARM Germany GmbH. All rights reserved.
License Information: Mingcheng Zhang, shuimujieming, LIC=SDA0P-MEV8V-TGR7T-REHXJ-D3ATB-D8MEG
 
Tool Versions:
Toolchain:       MDK-ARM Plus  Version: 5.34.0.0
Toolchain Path:  D:\Soft\Keil_v5\ARM\ARMCC\Bin
C Compiler:      Armcc.exe V5.06 update 7 (build 960)
Assembler:       Armasm.exe V5.06 update 7 (build 960)
Linker/Locator:  ArmLink.exe V5.06 update 7 (build 960)
Library Manager: ArmAr.exe V5.06 update 7 (build 960)
Hex Converter:   FromElf.exe V5.06 update 7 (build 960)
CPU DLL:         SARMCM3.DLL V5.34.0.0
Dialog DLL:      DCM.DLL V1.17.3.0
Target DLL:      Segger\JL2CM3.dll V2.99.38.0
Dialog DLL:      TCM.DLL V1.48.0.0
 
<h2>Project:</h2>
E:\EmbededFiles\STM32\RM\Code\RM2022_Sentry_407\RM2022_Sentry_407_Up\USER\RM2022_Sentry_407.uvprojx
Project File Date:  04/23/2022

<h2>Output:</h2>
*** Using Compiler 'V5.06 update 7 (build 960)', folder: 'D:\Soft\Keil_v5\ARM\ARMCC\Bin'
Build target 'Sentry_Up'
compiling gimbal.c...
..\HARDWARE\led.h(21): warning:  #1295-D: Deprecated declaration LED_Init - give arg types
  void LED_Init();//≥ı ºªØLEDµ∆			    
..\HARDWARE\gimbal.c: 1 warning, 0 errors
linking...
Program Size: Code=40094 RO-data=1434 RW-data=560 ZI-data=83136  
FromELF: creating hex file...
".\Objects\RM2022_Sentry_407.axf" - 0 Error(s), 1 Warning(s).

<h2>Software Packages used:</h2>

Package Vendor: Keil
                http://www.keil.com/pack/Keil.STM32F4xx_DFP.2.15.0.pack
                Keil.STM32F4xx_DFP.2.15.0
                STMicroelectronics STM32F4 Series Device Support, Drivers and Examples

<h2>Collection of Component include folders:</h2>
  D:\Soft\Arm\Packs\Keil\STM32F4xx_DFP\2.15.0\Drivers\CMSIS\Device\ST\STM32F4xx\Include

<h2>Collection of Component Files used:</h2>
Build Time Elapsed:  00:00:06
</pre>
</body>
</html>
