Component: ARM Compiler 5.06 update 7 (build 960) Tool: armlink [4d3601]

==============================================================================

Section Cross References

    main.o(i.BSP_Init) refers to led.o(i.LED_Init) for LED_Init
    main.o(i.BSP_Init) refers to laser.o(i.Laser_Init) for Laser_Init
    main.o(i.BSP_Init) refers to dr16.o(i.DR16_Init) for DR16_Init
    main.o(i.BSP_Init) refers to can.o(i.CAN12_Init) for CAN12_Init
    main.o(i.BSP_Init) refers to bmi088driver.o(i.BMI088_init) for BMI088_init
    main.o(i.BSP_Init) refers to tim6.o(i.TIM6_Init) for TIM6_Init
    main.o(i.BSP_Init) refers to beep.o(i.Beep_Init) for Beep_Init
    main.o(i.BSP_Init) refers to cover.o(i.Cover_Init) for Cover_Init
    main.o(i.BSP_Init) refers to nuc.o(i.NUC_Init) for NUC_Init
    main.o(i.BSP_Init) refers to gimbal.o(i.Gimbal_Init) for Gimbal_Init
    main.o(i.BSP_Init) refers to shoot.o(i.Shoot_Init) for Shoot_Init
    main.o(i.main) refers to misc.o(i.NVIC_PriorityGroupConfig) for NVIC_PriorityGroupConfig
    main.o(i.main) refers to delay.o(i.delay_init) for delay_init
    main.o(i.main) refers to main.o(i.BSP_Init) for BSP_Init
    main.o(i.main) refers to task_init.o(i.Task_Init) for Task_Init
    system_stm32f4xx.o(i.SystemCoreClockUpdate) refers to system_stm32f4xx.o(.data) for SystemCoreClock
    system_stm32f4xx.o(i.SystemInit) refers to system_stm32f4xx.o(i.SetSysClock) for SetSysClock
    beep.o(i.Beep_Init) refers to stm32f4xx_rcc.o(i.RCC_APB1PeriphClockCmd) for RCC_APB1PeriphClockCmd
    beep.o(i.Beep_Init) refers to stm32f4xx_rcc.o(i.RCC_AHB1PeriphClockCmd) for RCC_AHB1PeriphClockCmd
    beep.o(i.Beep_Init) refers to stm32f4xx_gpio.o(i.GPIO_PinAFConfig) for GPIO_PinAFConfig
    beep.o(i.Beep_Init) refers to stm32f4xx_gpio.o(i.GPIO_Init) for GPIO_Init
    beep.o(i.Beep_Init) refers to stm32f4xx_tim.o(i.TIM_TimeBaseInit) for TIM_TimeBaseInit
    beep.o(i.Beep_Init) refers to stm32f4xx_tim.o(i.TIM_OC3Init) for TIM_OC3Init
    beep.o(i.Beep_Init) refers to stm32f4xx_tim.o(i.TIM_OC3PreloadConfig) for TIM_OC3PreloadConfig
    beep.o(i.Beep_Init) refers to stm32f4xx_tim.o(i.TIM_ARRPreloadConfig) for TIM_ARRPreloadConfig
    beep.o(i.Beep_Init) refers to stm32f4xx_tim.o(i.TIM_Cmd) for TIM_Cmd
    bmi088.o(i.BMI088_SPI_Init) refers to stm32f4xx_rcc.o(i.RCC_AHB1PeriphClockCmd) for RCC_AHB1PeriphClockCmd
    bmi088.o(i.BMI088_SPI_Init) refers to stm32f4xx_rcc.o(i.RCC_APB2PeriphClockCmd) for RCC_APB2PeriphClockCmd
    bmi088.o(i.BMI088_SPI_Init) refers to stm32f4xx_gpio.o(i.GPIO_Init) for GPIO_Init
    bmi088.o(i.BMI088_SPI_Init) refers to stm32f4xx_gpio.o(i.GPIO_SetBits) for GPIO_SetBits
    bmi088.o(i.BMI088_SPI_Init) refers to stm32f4xx_gpio.o(i.GPIO_PinAFConfig) for GPIO_PinAFConfig
    bmi088.o(i.BMI088_SPI_Init) refers to stm32f4xx_rcc.o(i.RCC_APB2PeriphResetCmd) for RCC_APB2PeriphResetCmd
    bmi088.o(i.BMI088_SPI_Init) refers to stm32f4xx_spi.o(i.SPI_Init) for SPI_Init
    bmi088.o(i.BMI088_SPI_Init) refers to stm32f4xx_spi.o(i.SPI_Cmd) for SPI_Cmd
    bmi088driver.o(i.BMI088_ACCEL_NS_H) refers to stm32f4xx_gpio.o(i.GPIO_SetBits) for GPIO_SetBits
    bmi088driver.o(i.BMI088_ACCEL_NS_L) refers to stm32f4xx_gpio.o(i.GPIO_ResetBits) for GPIO_ResetBits
    bmi088driver.o(i.BMI088_GYRO_NS_H) refers to stm32f4xx_gpio.o(i.GPIO_SetBits) for GPIO_SetBits
    bmi088driver.o(i.BMI088_GYRO_NS_L) refers to stm32f4xx_gpio.o(i.GPIO_ResetBits) for GPIO_ResetBits
    bmi088driver.o(i.BMI088_Get_Data) refers to bmi088driver.o(i.BMI088_ACCEL_NS_L) for BMI088_ACCEL_NS_L
    bmi088driver.o(i.BMI088_Get_Data) refers to bmi088driver.o(i.BMI088_read_write_byte) for BMI088_read_write_byte
    bmi088driver.o(i.BMI088_Get_Data) refers to bmi088driver.o(i.BMI088_read_muli_reg) for BMI088_read_muli_reg
    bmi088driver.o(i.BMI088_Get_Data) refers to bmi088driver.o(i.BMI088_ACCEL_NS_H) for BMI088_ACCEL_NS_H
    bmi088driver.o(i.BMI088_Get_Data) refers to bmi088driver.o(i.BMI088_GYRO_NS_L) for BMI088_GYRO_NS_L
    bmi088driver.o(i.BMI088_Get_Data) refers to bmi088driver.o(i.BMI088_GYRO_NS_H) for BMI088_GYRO_NS_H
    bmi088driver.o(i.BMI088_Get_Data) refers to imu.o(.bss) for mpu_data
    bmi088driver.o(i.BMI088_Get_Data) refers to bmi088driver.o(.data) for BMI088_GYRO_SEN
    bmi088driver.o(i.BMI088_Offset_Cali) refers to bmi088driver.o(i.BMI088_ACCEL_NS_L) for BMI088_ACCEL_NS_L
    bmi088driver.o(i.BMI088_Offset_Cali) refers to bmi088driver.o(i.BMI088_read_write_byte) for BMI088_read_write_byte
    bmi088driver.o(i.BMI088_Offset_Cali) refers to bmi088driver.o(i.BMI088_read_muli_reg) for BMI088_read_muli_reg
    bmi088driver.o(i.BMI088_Offset_Cali) refers to bmi088driver.o(i.BMI088_ACCEL_NS_H) for BMI088_ACCEL_NS_H
    bmi088driver.o(i.BMI088_Offset_Cali) refers to bmi088driver.o(i.BMI088_GYRO_NS_L) for BMI088_GYRO_NS_L
    bmi088driver.o(i.BMI088_Offset_Cali) refers to bmi088driver.o(i.BMI088_GYRO_NS_H) for BMI088_GYRO_NS_H
    bmi088driver.o(i.BMI088_Offset_Cali) refers to delay.o(i.delay_xms) for delay_xms
[...]
    RTC_WKUP_IRQHandler                      0x0800033b   Thumb Code     0  startup_stm32f40_41xxx.o(.text)
    SDIO_IRQHandler                          0x0800033b   Thumb Code     0  startup_stm32f40_41xxx.o(.text)
    SPI1_IRQHandler                          0x0800033b   Thumb Code     0  startup_stm32f40_41xxx.o(.text)
    SPI2_IRQHandler                          0x0800033b   Thumb Code     0  startup_stm32f40_41xxx.o(.text)
    SPI3_IRQHandler                          0x0800033b   Thumb Code     0  startup_stm32f40_41xxx.o(.text)
    TAMP_STAMP_IRQHandler                    0x0800033b   Thumb Code     0  startup_stm32f40_41xxx.o(.text)
    TIM1_BRK_TIM9_IRQHandler                 0x0800033b   Thumb Code     0  startup_stm32f40_41xxx.o(.text)
    TIM1_CC_IRQHandler                       0x0800033b   Thumb Code     0  startup_stm32f40_41xxx.o(.text)
    TIM1_TRG_COM_TIM11_IRQHandler            0x0800033b   Thumb Code     0  startup_stm32f40_41xxx.o(.text)
    TIM1_UP_TIM10_IRQHandler                 0x0800033b   Thumb Code     0  startup_stm32f40_41xxx.o(.text)
    TIM2_IRQHandler                          0x0800033b   Thumb Code     0  startup_stm32f40_41xxx.o(.text)
    TIM3_IRQHandler                          0x0800033b   Thumb Code     0  startup_stm32f40_41xxx.o(.text)
    TIM4_IRQHandler                          0x0800033b   Thumb Code     0  startup_stm32f40_41xxx.o(.text)
    TIM5_IRQHandler                          0x0800033b   Thumb Code     0  startup_stm32f40_41xxx.o(.text)
    TIM7_IRQHandler                          0x0800033b   Thumb Code     0  startup_stm32f40_41xxx.o(.text)
    TIM8_BRK_TIM12_IRQHandler                0x0800033b   Thumb Code     0  startup_stm32f40_41xxx.o(.text)
    TIM8_CC_IRQHandler                       0x0800033b   Thumb Code     0  startup_stm32f40_41xxx.o(.text)
    TIM8_TRG_COM_TIM14_IRQHandler            0x0800033b   Thumb Code     0  startup_stm32f40_41xxx.o(.text)
    TIM8_UP_TIM13_IRQHandler                 0x0800033b   Thumb Code     0  startup_stm32f40_41xxx.o(.text)
    UART4_IRQHandler                         0x0800033b   Thumb Code     0  startup_stm32f40_41xxx.o(.text)
    UART5_IRQHandler                         0x0800033b   Thumb Code     0  startup_stm32f40_41xxx.o(.text)
    USART2_IRQHandler                        0x0800033b   Thumb Code     0  startup_stm32f40_41xxx.o(.text)
    USART6_IRQHandler                        0x0800033b   Thumb Code     0  startup_stm32f40_41xxx.o(.text)
    WWDG_IRQHandler                          0x0800033b   Thumb Code     0  startup_stm32f40_41xxx.o(.text)
    __user_initial_stackheap                 0x0800033d   Thumb Code     0  startup_stm32f40_41xxx.o(.text)
    __aeabi_memcpy                           0x08000361   Thumb Code     0  rt_memcpy_v6.o(.text)
    __rt_memcpy                              0x08000361   Thumb Code   138  rt_memcpy_v6.o(.text)
    _memcpy_lastbytes                        0x080003c7   Thumb Code     0  rt_memcpy_v6.o(.text)
    __aeabi_memset                           0x080003eb   Thumb Code    16  aeabi_memset.o(.text)
    __use_two_region_memory                  0x080003fb   Thumb Code     2  heapauxi.o(.text)
    __rt_heap_escrow$2region                 0x080003fd   Thumb Code     2  heapauxi.o(.text)
    __rt_heap_expand$2region                 0x080003ff   Thumb Code     2  heapauxi.o(.text)
    __read_errno                             0x08000401   Thumb Code    10  _rserrno.o(.text)
    __set_errno                              0x0800040b   Thumb Code    12  _rserrno.o(.text)
    __aeabi_memcpy4                          0x08000417   Thumb Code     0  rt_memcpy_w.o(.text)
    __aeabi_memcpy8                          0x08000417   Thumb Code     0  rt_memcpy_w.o(.text)
    __rt_memcpy_w                            0x08000417   Thumb Code   100  rt_memcpy_w.o(.text)
    _memcpy_lastbytes_aligned                0x0800045f   Thumb Code     0  rt_memcpy_w.o(.text)
    __aeabi_memclr                           0x0800047b   Thumb Code     0  rt_memclr.o(.text)
    __rt_memclr                              0x0800047b   Thumb Code    68  rt_memclr.o(.text)
    _memset                                  0x0800047f   Thumb Code     0  rt_memclr.o(.text)
    __aeabi_errno_addr                       0x080004c1   Thumb Code     8  rt_errno_addr_intlibspace.o(.text)
    __errno$intlibspace                      0x080004c1   Thumb Code     0  rt_errno_addr_intlibspace.o(.text)
    __rt_errno_addr$intlibspace              0x080004c1   Thumb Code     0  rt_errno_addr_intlibspace.o(.text)
    __aeabi_memclr4                          0x080004c9   Thumb Code     0  rt_memclr_w.o(.text)
    __aeabi_memclr8                          0x080004c9   Thumb Code     0  rt_memclr_w.o(.text)
    __rt_memclr_w                            0x080004c9   Thumb Code    78  rt_memclr_w.o(.text)
    _memset_w                                0x080004cd   Thumb Code     0  rt_memclr_w.o(.text)
    __user_libspace                          0x08000519   Thumb Code     8  libspace.o(.text)
    __user_perproc_libspace                  0x08000519   Thumb Code     0  libspace.o(.text)
    __user_perthread_libspace                0x08000519   Thumb Code     0  libspace.o(.text)
    __user_setup_stackheap                   0x08000521   Thumb Code    74  sys_stackheap_outer.o(.text)
    exit                                     0x0800056b   Thumb Code    18  exit.o(.text)
    _sys_exit                                0x0800057d   Thumb Code     8  sys_exit.o(.text)
    __I$use$semihosting                      0x08000589   Thumb Code     0  use_no_semi.o(.text)
    __use_no_semihosting_swi                 0x08000589   Thumb Code     2  use_no_semi.o(.text)
    __semihosting_library_function           0x0800058b   Thumb Code     0  indicate_semi.o(.text)
    BMI088_ACCEL_NS_H                        0x0800059d   Thumb Code    12  bmi088driver.o(i.BMI088_ACCEL_NS_H)
    BMI088_ACCEL_NS_L                        0x080005ad   Thumb Code    12  bmi088driver.o(i.BMI088_ACCEL_NS_L)
    BMI088_GYRO_NS_H                         0x080005bd   Thumb Code    12  bmi088driver.o(i.BMI088_GYRO_NS_H)
    BMI088_GYRO_NS_L                         0x080005cd   Thumb Code    12  bmi088driver.o(i.BMI088_GYRO_NS_L)
    BMI088_Get_Data                          0x080005dd   Thumb Code   422  bmi088driver.o(i.BMI088_Get_Data)
    BMI088_Offset_Cali                       0x08000791   Thumb Code   334  bmi088driver.o(i.BMI088_Offset_Cali)
    BMI088_SPI_Init                          0x080008e5   Thumb Code   308  bmi088.o(i.BMI088_SPI_Init)
    BMI088_init                              0x08000a25   Thumb Code    34  bmi088driver.o(i.BMI088_init)
    BMI088_read_write_byte                   0x08000a85   Thumb Code    50  bmi088driver.o(i.BMI088_read_write_byte)
    BSP_Init                                 0x08000ad1   Thumb Code    52  main.o(i.BSP_Init)
    Beep_Ctrl                                0x08000b05   Thumb Code    12  beep.o(i.Beep_Ctrl)
    Beep_Init                                0x08000b15   Thumb Code   152  beep.o(i.Beep_Init)
    Bullet_Block_Control                     0x08000bb5   Thumb Code   106  shoot_task.o(i.Bullet_Block_Control)
    BusFault_Handler                         0x08000c35   Thumb Code     4  stm32f4xx_it.o(i.BusFault_Handler)
    CAN12_Init                               0x08000c39   Thumb Code    12  can.o(i.CAN12_Init)
    CAN1_Init                                0x08000c45   Thumb Code   276  can.o(i.CAN1_Init)
    CAN1_RX0_IRQHandler                      0x08000d61   Thumb Code   170  can_handle.o(i.CAN1_RX0_IRQHandler)
    CAN1_TX_Gimbal                           0x08000e25   Thumb Code   142  can_handle.o(i.CAN1_TX_Gimbal)
    CAN1_TX_IRQHandler                       0x08000ec9   Thumb Code    28  can_handle.o(i.CAN1_TX_IRQHandler)
    CAN1_TX_Shoot                            0x08000eed   Thumb Code   126  can_handle.o(i.CAN1_TX_Shoot)
    CAN2_Init                                0x08000f7d   Thumb Code   288  can.o(i.CAN2_Init)
    CAN2_RX0_IRQHandler                      0x080010a5   Thumb Code   146  can_handle.o(i.CAN2_RX0_IRQHandler)
    CAN2_TX_DualBoard                        0x0800114d   Thumb Code   110  can_handle.o(i.CAN2_TX_DualBoard)
    CAN2_TX_IRQHandler                       0x080011c9   Thumb Code    28  can_handle.o(i.CAN2_TX_IRQHandler)
    CAN_ClearITPendingBit                    0x080011ed   Thumb Code   162  stm32f4xx_can.o(i.CAN_ClearITPendingBit)
    CAN_Data_Decode                          0x08001295   Thumb Code    80  can_handle.o(i.CAN_Data_Decode)
    CAN_DeInit                               0x080012e5   Thumb Code    50  stm32f4xx_can.o(i.CAN_DeInit)
    CAN_FilterInit                           0x0800131d   Thumb Code   258  stm32f4xx_can.o(i.CAN_FilterInit)
    CAN_GetITStatus                          0x08001425   Thumb Code   284  stm32f4xx_can.o(i.CAN_GetITStatus)
    CAN_ITConfig                             0x08001545   Thumb Code    18  stm32f4xx_can.o(i.CAN_ITConfig)
    CAN_Init                                 0x08001557   Thumb Code   276  stm32f4xx_can.o(i.CAN_Init)
    CAN_Receive                              0x0800166b   Thumb Code   240  stm32f4xx_can.o(i.CAN_Receive)
    CAN_StructInit                           0x0800175b   Thumb Code    32  stm32f4xx_can.o(i.CAN_StructInit)
    CAN_Transmit                             0x0800177b   Thumb Code   294  stm32f4xx_can.o(i.CAN_Transmit)
    Cover_Init                               0x080018b5   Thumb Code    18  cover.o(i.Cover_Init)
    Cover_PWM_Init                           0x080018cd   Thumb Code   162  cover.o(i.Cover_PWM_Init)
    DMA2_Stream7_IRQHandler                  0x08001979   Thumb Code    40  nuc.o(i.DMA2_Stream7_IRQHandler)
    DMA_ClearITPendingBit                    0x080019a9   Thumb Code    38  stm32f4xx_dma.o(i.DMA_ClearITPendingBit)
    DMA_Cmd                                  0x080019dd   Thumb Code    22  stm32f4xx_dma.o(i.DMA_Cmd)
    DMA_DeInit                               0x080019f5   Thumb Code   324  stm32f4xx_dma.o(i.DMA_DeInit)
    DMA_DoubleBufferModeCmd                  0x08001b4d   Thumb Code    22  stm32f4xx_dma.o(i.DMA_DoubleBufferModeCmd)
    DMA_DoubleBufferModeConfig               0x08001b63   Thumb Code    24  stm32f4xx_dma.o(i.DMA_DoubleBufferModeConfig)
    DMA_GetCurrDataCounter                   0x08001b7b   Thumb Code     8  stm32f4xx_dma.o(i.DMA_GetCurrDataCounter)
    DMA_GetCurrentMemoryTarget               0x08001b83   Thumb Code    20  stm32f4xx_dma.o(i.DMA_GetCurrentMemoryTarget)
    DMA_GetITStatus                          0x08001b99   Thumb Code    82  stm32f4xx_dma.o(i.DMA_GetITStatus)
    DMA_ITConfig                             0x08001bfd   Thumb Code    58  stm32f4xx_dma.o(i.DMA_ITConfig)
    DMA_Init                                 0x08001c39   Thumb Code    82  stm32f4xx_dma.o(i.DMA_Init)
    DMA_SetCurrDataCounter                   0x08001c91   Thumb Code     4  stm32f4xx_dma.o(i.DMA_SetCurrDataCounter)
    DR16_DataDecode                          0x08001c95   Thumb Code   188  dr16.o(i.DR16_DataDecode)
    DR16_Init                                0x08001d59   Thumb Code    16  dr16.o(i.DR16_Init)
    DR16_USART_DMA_Init                      0x08001d69   Thumb Code   130  dr16.o(i.DR16_USART_DMA_Init)
    DR16_USART_Init                          0x08001df9   Thumb Code   142  dr16.o(i.DR16_USART_Init)
    DR16_USART_NVIC_Init                     0x08001e95   Thumb Code    34  dr16.o(i.DR16_USART_NVIC_Init)
    DebugMon_Handler                         0x08001eb7   Thumb Code     2  stm32f4xx_it.o(i.DebugMon_Handler)
    EXTI9_5_IRQHandler                       0x08001eb9   Thumb Code    20  imu.o(i.EXTI9_5_IRQHandler)
    EXTI_ClearITPendingBit                   0x08001ecd   Thumb Code     6  stm32f4xx_exti.o(i.EXTI_ClearITPendingBit)
    EXTI_GetITStatus                         0x08001ed9   Thumb Code    20  stm32f4xx_exti.o(i.EXTI_GetITStatus)
    Encoder_Data_Process                     0x08001ef1   Thumb Code    30  gimbal.o(i.Encoder_Data_Process)
    FLASH_DataCacheCmd                       0x08001f11   Thumb Code    30  stm32f4xx_flash.o(i.FLASH_DataCacheCmd)
    FLASH_EraseSector                        0x08001f35   Thumb Code   130  stm32f4xx_flash.o(i.FLASH_EraseSector)
    FLASH_GetStatus                          0x08001fbd   Thumb Code    80  stm32f4xx_flash.o(i.FLASH_GetStatus)
    FLASH_Lock                               0x08002011   Thumb Code    14  stm32f4xx_flash.o(i.FLASH_Lock)
    FLASH_ProgramWord                        0x08002025   Thumb Code    74  stm32f4xx_flash.o(i.FLASH_ProgramWord)
    FLASH_Unlock                             0x08002075   Thumb Code    24  stm32f4xx_flash.o(i.FLASH_Unlock)
    FLASH_WaitForLastOperation               0x08002099   Thumb Code    34  stm32f4xx_flash.o(i.FLASH_WaitForLastOperation)
    GPIO_Init                                0x080020bb   Thumb Code   144  stm32f4xx_gpio.o(i.GPIO_Init)
    GPIO_PinAFConfig                         0x0800214b   Thumb Code    70  stm32f4xx_gpio.o(i.GPIO_PinAFConfig)
    GPIO_ResetBits                           0x08002191   Thumb Code     4  stm32f4xx_gpio.o(i.GPIO_ResetBits)
    GPIO_SetBits                             0x08002195   Thumb Code     4  stm32f4xx_gpio.o(i.GPIO_SetBits)
    GPIO_ToggleBits                          0x08002199   Thumb Code     8  stm32f4xx_gpio.o(i.GPIO_ToggleBits)
    Get_Cover_Mode                           0x080021a1   Thumb Code   138  mode_task.o(i.Get_Cover_Mode)
    Get_Gimbal_Mode                          0x08002249   Thumb Code    92  mode_task.o(i.Get_Gimbal_Mode)
    Get_Shoot_Mode                           0x080022ad   Thumb Code   106  mode_task.o(i.Get_Shoot_Mode)
    Gimbal_Angle_Calibrate                   0x08002325   Thumb Code   354  gimbal.o(i.Gimbal_Angle_Calibrate)
    Gimbal_Angle_Read                        0x08002499   Thumb Code   116  gimbal.o(i.Gimbal_Angle_Read)
    Gimbal_AutoAim_Control                   0x08002515   Thumb Code   428  gimbal_task.o(i.Gimbal_AutoAim_Control)
    Gimbal_Follow_Control                    0x080026f5   Thumb Code   320  gimbal_task.o(i.Gimbal_Follow_Control)
    Gimbal_Init                              0x0800286d   Thumb Code   464  gimbal.o(i.Gimbal_Init)
    Gimbal_Keep_Control                      0x08002a81   Thumb Code   278  gimbal_task.o(i.Gimbal_Keep_Control)
    Gimbal_Stop_Control                      0x08002bc1   Thumb Code    14  gimbal_task.o(i.Gimbal_Stop_Control)
    HardFault_Handler                        0x08002bd5   Thumb Code     4  stm32f4xx_it.o(i.HardFault_Handler)
    IMU_Ahrs_Update                          0x08002bd9   Thumb Code  1834  imu.o(i.IMU_Ahrs_Update)
    IMU_Attitude_Update                      0x08003349   Thumb Code   490  imu.o(i.IMU_Attitude_Update)
    Infrared_Sensor_Init                     0x08003551   Thumb Code    50  laser.o(i.Infrared_Sensor_Init)
    LED_Init                                 0x08003589   Thumb Code    54  led.o(i.LED_Init)
    Laser_Init                               0x080035c5   Thumb Code    58  laser.o(i.Laser_Init)
    MemManage_Handler                        0x08003605   Thumb Code     4  stm32f4xx_it.o(i.MemManage_Handler)
    NMI_Handler                              0x08003609   Thumb Code     2  stm32f4xx_it.o(i.NMI_Handler)
    NUC_Data_Decode                          0x0800360d   Thumb Code   158  nuc.o(i.NUC_Data_Decode)
    NUC_Init                                 0x080036b9   Thumb Code    16  nuc.o(i.NUC_Init)
    NUC_Send_Data                            0x080036c9   Thumb Code   474  nuc.o(i.NUC_Send_Data)
    NUC_USART_DMA_Init                       0x080038d9   Thumb Code   224  nuc.o(i.NUC_USART_DMA_Init)
    NUC_USART_Init                           0x080039c9   Thumb Code   174  nuc.o(i.NUC_USART_Init)
    NUC_USART_NVIC_Init                      0x08003a85   Thumb Code    64  nuc.o(i.NUC_USART_NVIC_Init)
    NVIC_Init                                0x08003ac5   Thumb Code   106  misc.o(i.NVIC_Init)
    NVIC_PriorityGroupConfig                 0x08003b3d   Thumb Code    10  misc.o(i.NVIC_PriorityGroupConfig)
    Pid_Calc                                 0x08003b51   Thumb Code   476  pid.o(i.Pid_Calc)
    Pid_Reset                                0x08003d31   Thumb Code   154  pid.o(i.Pid_Reset)
    Pid_Set                                  0x08003dd1   Thumb Code    46  pid.o(i.Pid_Set)
    RCC_AHB1PeriphClockCmd                   0x08003e01   Thumb Code    26  stm32f4xx_rcc.o(i.RCC_AHB1PeriphClockCmd)
    RCC_APB1PeriphClockCmd                   0x08003e21   Thumb Code    26  stm32f4xx_rcc.o(i.RCC_APB1PeriphClockCmd)
    RCC_APB1PeriphResetCmd                   0x08003e41   Thumb Code    26  stm32f4xx_rcc.o(i.RCC_APB1PeriphResetCmd)
    RCC_APB2PeriphClockCmd                   0x08003e61   Thumb Code    26  stm32f4xx_rcc.o(i.RCC_APB2PeriphClockCmd)
    RCC_APB2PeriphResetCmd                   0x08003e81   Thumb Code    26  stm32f4xx_rcc.o(i.RCC_APB2PeriphResetCmd)
    RCC_GetClocksFreq                        0x08003ea1   Thumb Code   214  stm32f4xx_rcc.o(i.RCC_GetClocksFreq)
    SPI_Cmd                                  0x08003f89   Thumb Code    24  stm32f4xx_spi.o(i.SPI_Cmd)
    SPI_I2S_GetFlagStatus                    0x08003fa1   Thumb Code    18  stm32f4xx_spi.o(i.SPI_I2S_GetFlagStatus)
    SPI_I2S_ReceiveData                      0x08003fb3   Thumb Code     6  stm32f4xx_spi.o(i.SPI_I2S_ReceiveData)
    SPI_I2S_SendData                         0x08003fb9   Thumb Code     4  stm32f4xx_spi.o(i.SPI_I2S_SendData)
    SPI_Init                                 0x08003fbd   Thumb Code    60  stm32f4xx_spi.o(i.SPI_Init)
    STMFLASH_GetFlashSector                  0x08003ff9   Thumb Code   116  flash.o(i.STMFLASH_GetFlashSector)
    STMFLASH_Read                            0x08004099   Thumb Code    32  flash.o(i.STMFLASH_Read)
    STMFLASH_ReadWord                        0x080040b9   Thumb Code     6  flash.o(i.STMFLASH_ReadWord)
    STMFLASH_Write                           0x080040c1   Thumb Code   146  flash.o(i.STMFLASH_Write)
    Shoot_Init                               0x08004245   Thumb Code   228  shoot.o(i.Shoot_Init)
    Shoot_Run_Control                        0x0800433d   Thumb Code   188  shoot_task.o(i.Shoot_Run_Control)
    Shoot_Stop_Control                       0x08004421   Thumb Code   132  shoot_task.o(i.Shoot_Stop_Control)
    SysTick_CLKSourceConfig                  0x080044b9   Thumb Code    40  misc.o(i.SysTick_CLKSourceConfig)
    SysTick_Handler                          0x080044e1   Thumb Code    16  delay.o(i.SysTick_Handler)
    SystemInit                               0x080044f1   Thumb Code    88  system_stm32f4xx.o(i.SystemInit)
    TIM6_DAC_IRQHandler                      0x08004559   Thumb Code    96  tim6.o(i.TIM6_DAC_IRQHandler)
    TIM6_Init                                0x080045d1   Thumb Code    86  tim6.o(i.TIM6_Init)
    TIM_ARRPreloadConfig                     0x0800462d   Thumb Code    24  stm32f4xx_tim.o(i.TIM_ARRPreloadConfig)
    TIM_ClearITPendingBit                    0x08004645   Thumb Code     6  stm32f4xx_tim.o(i.TIM_ClearITPendingBit)
    TIM_Cmd                                  0x0800464b   Thumb Code    24  stm32f4xx_tim.o(i.TIM_Cmd)
    TIM_CtrlPWMOutputs                       0x08004663   Thumb Code    30  stm32f4xx_tim.o(i.TIM_CtrlPWMOutputs)
    TIM_GetITStatus                          0x08004681   Thumb Code    34  stm32f4xx_tim.o(i.TIM_GetITStatus)
    TIM_ITConfig                             0x080046a3   Thumb Code    18  stm32f4xx_tim.o(i.TIM_ITConfig)
    TIM_OC1Init                              0x080046b5   Thumb Code   114  stm32f4xx_tim.o(i.TIM_OC1Init)
    TIM_OC1PreloadConfig                     0x08004731   Thumb Code    18  stm32f4xx_tim.o(i.TIM_OC1PreloadConfig)
    TIM_OC3Init                              0x08004745   Thumb Code   150  stm32f4xx_tim.o(i.TIM_OC3Init)
    TIM_OC3PreloadConfig                     0x080047e5   Thumb Code    18  stm32f4xx_tim.o(i.TIM_OC3PreloadConfig)
    TIM_SetCompare1                          0x080047f7   Thumb Code     4  stm32f4xx_tim.o(i.TIM_SetCompare1)
    TIM_TimeBaseInit                         0x080047fd   Thumb Code   104  stm32f4xx_tim.o(i.TIM_TimeBaseInit)
    Task_Init                                0x08004881   Thumb Code     8  task_init.o(i.Task_Init)
    USART1_IRQHandler                        0x08004889   Thumb Code   124  nuc.o(i.USART1_IRQHandler)
    USART3_IRQHandler                        0x08004911   Thumb Code   124  dr16.o(i.USART3_IRQHandler)
    USART_ClearFlag                          0x08004999   Thumb Code    18  stm32f4xx_usart.o(i.USART_ClearFlag)
    USART_Cmd                                0x080049ab   Thumb Code    24  stm32f4xx_usart.o(i.USART_Cmd)
    USART_DMACmd                             0x080049c3   Thumb Code    18  stm32f4xx_usart.o(i.USART_DMACmd)
    USART_GetITStatus                        0x080049d5   Thumb Code    84  stm32f4xx_usart.o(i.USART_GetITStatus)
    USART_ITConfig                           0x08004a29   Thumb Code    74  stm32f4xx_usart.o(i.USART_ITConfig)
    USART_Init                               0x08004a75   Thumb Code   204  stm32f4xx_usart.o(i.USART_Init)
    USART_ReceiveData                        0x08004b49   Thumb Code    10  stm32f4xx_usart.o(i.USART_ReceiveData)
    UsageFault_Handler                       0x08004b53   Thumb Code     4  stm32f4xx_it.o(i.UsageFault_Handler)
    __ARM_fpclassify                         0x08004b57   Thumb Code    48  fpclassify.o(i.__ARM_fpclassify)
    __hardfp_asin                            0x08004b89   Thumb Code   770  asin.o(i.__hardfp_asin)
    __hardfp_atan                            0x08004ee9   Thumb Code   622  atan.o(i.__hardfp_atan)
    __hardfp_atan2                           0x080051c1   Thumb Code   448  atan2.o(i.__hardfp_atan2)
    __hardfp_fabs                            0x080053c1   Thumb Code    20  fabs.o(i.__hardfp_fabs)
    __hardfp_sqrt                            0x080053d5   Thumb Code   122  sqrt.o(i.__hardfp_sqrt)
    __kernel_poly                            0x0800544f   Thumb Code   248  poly.o(i.__kernel_poly)
    __mathlib_dbl_infnan                     0x08005547   Thumb Code    20  dunder.o(i.__mathlib_dbl_infnan)
    __mathlib_dbl_infnan2                    0x0800555b   Thumb Code    20  dunder.o(i.__mathlib_dbl_infnan2)
    __mathlib_dbl_invalid                    0x08005571   Thumb Code    24  dunder.o(i.__mathlib_dbl_invalid)
    __mathlib_dbl_underflow                  0x08005591   Thumb Code    24  dunder.o(i.__mathlib_dbl_underflow)
    atan                                     0x080055b1   Thumb Code    16  atan.o(i.atan)
    bmi088_accel_init                        0x080055cd   Thumb Code   290  bmi088driver.o(i.bmi088_accel_init)
    bmi088_gyro_init                         0x080056f5   Thumb Code   238  bmi088driver.o(i.bmi088_gyro_init)
    can_send_task                            0x080057e9   Thumb Code    46  can_send_task.o(i.can_send_task)
    can_send_task_create                     0x0800581d   Thumb Code    26  can_send_task.o(i.can_send_task_create)
    delay_init                               0x08005851   Thumb Code    58  delay.o(i.delay_init)
    delay_ms                                 0x08005895   Thumb Code    62  delay.o(i.delay_ms)
    delay_us                                 0x080058d9   Thumb Code    68  delay.o(i.delay_us)
    delay_xms                                0x08005921   Thumb Code    24  delay.o(i.delay_xms)
    fabs                                     0x08005939   Thumb Code    24  fabs.o(i.fabs)
    gimbal_task                              0x08005951   Thumb Code    90  gimbal_task.o(i.gimbal_task)
    gimbal_task_create                       0x080059b5   Thumb Code    26  gimbal_task.o(i.gimbal_task_create)
    imu_task                                 0x080059e5   Thumb Code    34  imu_task.o(i.imu_task)
    imu_task_create                          0x08005a09   Thumb Code    26  imu_task.o(i.imu_task_create)
    inv_sqrt                                 0x08005a39   Thumb Code    48  imu.o(i.inv_sqrt)
    led_task                                 0x08005a6d   Thumb Code    94  led_task.o(i.led_task)
    led_task_create                          0x08005ad1   Thumb Code    24  led_task.o(i.led_task_create)
    main                                     0x08005afd   Thumb Code    28  main.o(i.main)
    mode_task                                0x08005b19   Thumb Code    86  mode_task.o(i.mode_task)
    mode_task_create                         0x08005b85   Thumb Code    26  mode_task.o(i.mode_task_create)
    nuc_task                                 0x08005bb5   Thumb Code    36  nuc_task.o(i.nuc_task)
    nuc_task_create                          0x08005bdd   Thumb Code    26  nuc_task.o(i.nuc_task_create)
    pvPortMalloc                             0x080065b1   Thumb Code   296  heap_4.o(i.pvPortMalloc)
    pvTaskIncrementMutexHeldCount            0x080066ed   Thumb Code    26  tasks.o(i.pvTaskIncrementMutexHeldCount)
    pxPortInitialiseStack                    0x0800670d   Thumb Code    38  port.o(i.pxPortInitialiseStack)
    shoot_task                               0x08006739   Thumb Code    64  shoot_task.o(i.shoot_task)
    shoot_task_create                        0x08006781   Thumb Code    24  shoot_task.o(i.shoot_task_create)
    sqrt                                     0x080067b9   Thumb Code   110  sqrt.o(i.sqrt)
    start_task                               0x08006829   Thumb Code    56  task_init.o(i.start_task)
    start_task_create                        0x08006869   Thumb Code    28  task_init.o(i.start_task_create)
    uxListRemove                             0x08006899   Thumb Code    40  list.o(i.uxListRemove)
    uxTaskResetEventItemValue                0x080068c1   Thumb Code    24  tasks.o(i.uxTaskResetEventItemValue)
    vListInitialise                          0x080068dd   Thumb Code    26  list.o(i.vListInitialise)
    vListInitialiseItem                      0x080068f7   Thumb Code     6  list.o(i.vListInitialiseItem)
    vListInsert                              0x080068fd   Thumb Code    52  list.o(i.vListInsert)
    vListInsertEnd                           0x08006931   Thumb Code    24  list.o(i.vListInsertEnd)
    vPortEnterCritical                       0x08006949   Thumb Code    76  port.o(i.vPortEnterCritical)
    vPortExitCritical                        0x0800699d   Thumb Code    56  port.o(i.vPortExitCritical)
    vPortFree                                0x080069d9   Thumb Code   140  heap_4.o(i.vPortFree)
    vPortSetupTimerInterrupt                 0x08006a6d   Thumb Code    26  port.o(i.vPortSetupTimerInterrupt)
    vPortValidateInterruptPriority           0x08006a8d   Thumb Code   106  port.o(i.vPortValidateInterruptPriority)
    vQueueAddToRegistry                      0x08006b05   Thumb Code    38  queue.o(i.vQueueAddToRegistry)
    vQueueWaitForMessageRestricted           0x08006b31   Thumb Code    74  queue.o(i.vQueueWaitForMessageRestricted)
    vTaskDelay                               0x08006b7d   Thumb Code    82  tasks.o(i.vTaskDelay)
    vTaskDelayUntil                          0x08006bd9   Thumb Code   200  tasks.o(i.vTaskDelayUntil)
    vTaskDelete                              0x08006cad   Thumb Code   202  tasks.o(i.vTaskDelete)
    vTaskMissedYield                         0x08006da1   Thumb Code     8  tasks.o(i.vTaskMissedYield)
    vTaskPlaceOnEventList                    0x08006dad   Thumb Code    52  tasks.o(i.vTaskPlaceOnEventList)
    vTaskPlaceOnEventListRestricted          0x08006de5   Thumb Code    60  tasks.o(i.vTaskPlaceOnEventListRestricted)
    vTaskPlaceOnUnorderedEventList           0x08006e25   Thumb Code   100  tasks.o(i.vTaskPlaceOnUnorderedEventList)
    vTaskPriorityInherit                     0x08006e91   Thumb Code   164  tasks.o(i.vTaskPriorityInherit)
    vTaskSetTimeOutState                     0x08006f41   Thumb Code    38  tasks.o(i.vTaskSetTimeOutState)
    vTaskStartScheduler                      0x08006f71   Thumb Code   118  tasks.o(i.vTaskStartScheduler)
    vTaskSuspendAll                          0x08007005   Thumb Code    12  tasks.o(i.vTaskSuspendAll)
    vTaskSwitchContext                       0x08007015   Thumb Code   118  tasks.o(i.vTaskSwitchContext)
    xEventGroupCreate                        0x080070a1   Thumb Code    26  event_groups.o(i.xEventGroupCreate)
    xEventGroupSetBits                       0x080070bb   Thumb Code   206  event_groups.o(i.xEventGroupSetBits)
    xEventGroupWaitBits                      0x08007189   Thumb Code   334  event_groups.o(i.xEventGroupWaitBits)
    xPortStartScheduler                      0x080072dd   Thumb Code   288  port.o(i.xPortStartScheduler)
    xPortSysTickHandler                      0x08007419   Thumb Code    46  port.o(i.xPortSysTickHandler)
    xQueueGenericCreate                      0x0800744d   Thumb Code    88  queue.o(i.xQueueGenericCreate)
    xQueueGenericReceive                     0x080074a5   Thumb Code   446  queue.o(i.xQueueGenericReceive)
    xQueueGenericReset                       0x08007669   Thumb Code   146  queue.o(i.xQueueGenericReset)
    xQueueGenericSend                        0x08007701   Thumb Code   420  queue.o(i.xQueueGenericSend)
    xQueueGenericSendFromISR                 0x080078a9   Thumb Code   248  queue.o(i.xQueueGenericSendFromISR)
    xTaskCheckForTimeOut                     0x080079a1   Thumb Code   132  tasks.o(i.xTaskCheckForTimeOut)
    xTaskCreate                              0x08007a2d   Thumb Code    96  tasks.o(i.xTaskCreate)
    xTaskGetSchedulerState                   0x08007a8d   Thumb Code    24  tasks.o(i.xTaskGetSchedulerState)
    xTaskGetTickCount                        0x08007aad   Thumb Code     6  tasks.o(i.xTaskGetTickCount)
    xTaskIncrementTick                       0x08007ab9   Thumb Code   282  tasks.o(i.xTaskIncrementTick)
    xTaskPriorityDisinherit                  0x08007c01   Thumb Code   188  tasks.o(i.xTaskPriorityDisinherit)
    xTaskRemoveFromEventList                 0x08007cc9   Thumb Code   128  tasks.o(i.xTaskRemoveFromEventList)
    xTaskRemoveFromUnorderedEventList        0x08007d61   Thumb Code   154  tasks.o(i.xTaskRemoveFromUnorderedEventList)
    xTaskResumeAll                           0x08007e11   Thumb Code   224  tasks.o(i.xTaskResumeAll)
    xTimerCreateTimerTask                    0x08007f15   Thumb Code    66  timers.o(i.xTimerCreateTimerTask)
    xTimerGenericCommand                     0x08007f6d   Thumb Code   126  timers.o(i.xTimerGenericCommand)
    __aeabi_dneg                             0x08007ff1   Thumb Code     0  basic.o(x$fpl$basic)
    _dneg                                    0x08007ff1   Thumb Code     6  basic.o(x$fpl$basic)
    __aeabi_fneg                             0x08007ff7   Thumb Code     0  basic.o(x$fpl$basic)
    _fneg                                    0x08007ff7   Thumb Code     6  basic.o(x$fpl$basic)
    _dabs                                    0x08007ffd   Thumb Code     6  basic.o(x$fpl$basic)
    _fabs                                    0x08008003   Thumb Code     6  basic.o(x$fpl$basic)
    __aeabi_d2f                              0x08008009   Thumb Code     0  d2f.o(x$fpl$d2f)
    _d2f                                     0x08008009   Thumb Code    98  d2f.o(x$fpl$d2f)
    __aeabi_dadd                             0x0800806d   Thumb Code     0  daddsub_clz.o(x$fpl$dadd)
    _dadd                                    0x0800806d   Thumb Code   332  daddsub_clz.o(x$fpl$dadd)
    __fpl_dcmp_Inf                           0x080081bd   Thumb Code    24  dcmpi.o(x$fpl$dcmpinf)
    __aeabi_ddiv                             0x080081d5   Thumb Code     0  ddiv.o(x$fpl$ddiv)
    _ddiv                                    0x080081d5   Thumb Code   552  ddiv.o(x$fpl$ddiv)
    __aeabi_cdcmpeq                          0x08008485   Thumb Code     0  deqf.o(x$fpl$deqf)
    _dcmpeq                                  0x08008485   Thumb Code   120  deqf.o(x$fpl$deqf)
    __aeabi_cdcmple                          0x080084fd   Thumb Code     0  dleqf.o(x$fpl$dleqf)
    _dcmple                                  0x080084fd   Thumb Code   120  dleqf.o(x$fpl$dleqf)
    __fpl_dcmple_InfNaN                      0x0800855f   Thumb Code     0  dleqf.o(x$fpl$dleqf)
    __aeabi_dmul                             0x08008575   Thumb Code     0  dmul.o(x$fpl$dmul)
    _dmul                                    0x08008575   Thumb Code   332  dmul.o(x$fpl$dmul)
    __fpl_dnaninf                            0x080086c9   Thumb Code   156  dnaninf.o(x$fpl$dnaninf)
    __fpl_dretinf                            0x08008765   Thumb Code    12  dretinf.o(x$fpl$dretinf)
    __aeabi_drsub                            0x08008771   Thumb Code     0  daddsub_clz.o(x$fpl$drsb)
    _drsb                                    0x08008771   Thumb Code    22  daddsub_clz.o(x$fpl$drsb)
    _dsqrt                                   0x08008789   Thumb Code   404  dsqrt_umaal.o(x$fpl$dsqrt)
    __aeabi_dsub                             0x08008921   Thumb Code     0  daddsub_clz.o(x$fpl$dsub)
    _dsub                                    0x08008921   Thumb Code   464  daddsub_clz.o(x$fpl$dsub)
    __aeabi_f2d                              0x08008af5   Thumb Code     0  f2d.o(x$fpl$f2d)
    _f2d                                     0x08008af5   Thumb Code    86  f2d.o(x$fpl$f2d)
    __fpl_fnaninf                            0x08008b4b   Thumb Code   140  fnaninf.o(x$fpl$fnaninf)
    _fp_init                                 0x08008bd7   Thumb Code    10  fpinit.o(x$fpl$fpinit)
    __fplib_config_fpu_vfp                   0x08008bdf   Thumb Code     0  fpinit.o(x$fpl$fpinit)
    __fplib_config_pureend_doubles           0x08008bdf   Thumb Code     0  fpinit.o(x$fpl$fpinit)
    __fpl_fretinf                            0x08008be1   Thumb Code    10  fretinf.o(x$fpl$fretinf)
    __I$use$fp                               0x08008bea   Number         0  usenofp.o(x$fpl$usenofp)
    __mathlib_zero                           0x08008cd8   Data           8  qnan.o(.constdata)
    Region$$Table$$Base                      0x08008ce0   Number         0  anon$$obj.o(Region$$Table)
    Region$$Table$$Limit                     0x08008d00   Number         0  anon$$obj.o(Region$$Table)
    SystemCoreClock                          0x20000000   Data           4  system_stm32f4xx.o(.data)
    AHBPrescTable                            0x20000004   Data          16  system_stm32f4xx.o(.data)
    BMI088_ACCEL_SEN                         0x20000014   Data           4  bmi088driver.o(.data)
    BMI088_GYRO_SEN                          0x20000018   Data           4  bmi088driver.o(.data)
    CAN1_Signal                              0x20000040   Data           4  can_handle.o(.data)
    CAN2_Signal                              0x20000044   Data           4  can_handle.o(.data)
    CAN1_Tx_Message_Flag                     0x20000048   Data           1  can_handle.o(.data)
    CAN2_Tx_Message_Flag                     0x20000049   Data           1  can_handle.o(.data)
    DR16_Signal                              0x2000004c   Data           4  dr16.o(.data)
    Origin_Init_Yaw_Angle                    0x20000050   Data           2  gimbal.o(.data)
    Origin_Init_Pitch_Angle                  0x20000052   Data           2  gimbal.o(.data)
    q0                                       0x20000054   Data           4  imu.o(.data)
    q1                                       0x20000058   Data           4  imu.o(.data)
    q2                                       0x2000005c   Data           4  imu.o(.data)
    q3                                       0x20000060   Data           4  imu.o(.data)
    exInt                                    0x20000064   Data           4  imu.o(.data)
    eyInt                                    0x20000068   Data           4  imu.o(.data)
    ezInt                                    0x2000006c   Data           4  imu.o(.data)
    last_update                              0x20000094   Data           4  imu.o(.data)
    now_update                               0x20000098   Data           4  imu.o(.data)
    ist_buff                                 0x200000ac   Data           6  imu.o(.data)
    Yaw_Angle_NUC                            0x200000b4   Data           4  nuc.o(.data)
    Pitch_Angle_NUC                          0x200000b8   Data           4  nuc.o(.data)
    Yaw_Speed_NUC                            0x200000bc   Data           4  nuc.o(.data)
    Pitch_Speed_NUC                          0x200000c0   Data           4  nuc.o(.data)
    imu_tick_counts                          0x200000c4   Data           4  tim6.o(.data)
    Yaw_Angle                                0x200000c8   Data           4  tim6.o(.data)
    g_z                                      0x200000cc   Data           4  tim6.o(.data)
    pxCurrentTCB                             0x200000e4   Data           4  tasks.o(.data)
    StartTask_Handler                        0x20000158   Data           4  task_init.o(.data)
    EventGroupHandler                        0x2000015c   Data           4  task_init.o(.data)
    CAN_SEND_Task_Handler                    0x20000160   Data           4  can_send_task.o(.data)
    GIMBAL_Task_Handler                      0x20000164   Data           4  gimbal_task.o(.data)
    Gimbal_Mode                              0x20000168   Data           1  gimbal_task.o(.data)
    Yaw_Aim_Angle                            0x2000016c   Data           4  gimbal_task.o(.data)
    Pitch_Aim_Angle                          0x20000170   Data           4  gimbal_task.o(.data)
    Pitch_Angle_Max                          0x20000174   Data           4  gimbal_task.o(.data)
    Pitch_Angle_Min                          0x20000178   Data           4  gimbal_task.o(.data)
    test_data                                0x2000017c   Data           2  gimbal_task.o(.data)
    Pitch_Speed                              0x20000180   Data           4  gimbal_task.o(.data)
    Yaw_Speed                                0x20000184   Data           4  gimbal_task.o(.data)
    IMU_Task_Handler                         0x20000188   Data           4  imu_task.o(.data)
    LED_Task_Handler                         0x2000018c   Data           4  led_task.o(.data)
    MODE_Task_Handler                        0x20000190   Data           4  mode_task.o(.data)
    Cover_Open_Flag                          0x20000194   Data           4  mode_task.o(.data)
    Shoot_Run_Flag                           0x20000198   Data           4  mode_task.o(.data)
    Chassis_Rotate_Flag                      0x2000019c   Data           4  mode_task.o(.data)
    Shoot_Ready_Flag                         0x200001a0   Data           4  mode_task.o(.data)
    Cover_Ready_Flag                         0x200001a4   Data           4  mode_task.o(.data)
    cover_value                              0x200001a8   Data           4  mode_task.o(.data)
    NUC_Task_Handler                         0x200001ac   Data           4  nuc_task.o(.data)
    Shoot_Mode                               0x200001b0   Data           1  shoot_task.o(.data)
    SHOOT_Task_Handler                       0x200001b4   Data           4  shoot_task.o(.data)
    Cover_Mode                               0x200001b8   Data           1  shoot_task.o(.data)
    Cover_Value                              0x200001bc   Data           4  shoot_task.o(.data)
    Shoot_Speed                              0x200001c0   Data           4  shoot_task.o(.data)
    Block_Time                               0x200001c4   Data           4  shoot_task.o(.data)
    Block_Reverse_Time                       0x200001c8   Data           4  shoot_task.o(.data)
    CAN_Chassis                              0x200001cc   Data          64  can_handle.o(.bss)
    CAN_Gimbal                               0x2000020c   Data          32  can_handle.o(.bss)
    CAN_Shoot                                0x2000022c   Data          32  can_handle.o(.bss)
    CAN_Trigger                              0x2000024c   Data          32  can_handle.o(.bss)
    CAN2_Rx_Message                          0x2000026c   Data          20  can_handle.o(.bss)
    DBUS                                     0x200002a4   Data          58  dr16.o(.bss)
    Angle_Init                               0x200002e0   Data          16  gimbal.o(.bss)
    mpu_buff                                 0x200002f0   Data          14  imu.o(.bss)
    mpu_data                                 0x200002fe   Data          32  imu.o(.bss)
    imu                                      0x20000320   Data          52  imu.o(.bss)
    NUC_rx_buff                              0x20000354   Data          20  nuc.o(.bss)
    NUC_tx_buff                              0x20000368   Data          23  nuc.o(.bss)
    NUC_Data                                 0x20000380   Data          20  nuc.o(.bss)
    PID_Chassis                              0x20000394   Data         320  pid.o(.bss)
    PID_Gimbal_Angle                         0x200004d4   Data         160  pid.o(.bss)
    PID_Gimbal_Speed                         0x20000574   Data         160  pid.o(.bss)
    PID_Chassis_Omega                        0x20000614   Data          80  pid.o(.bss)
    PID_Shoot                                0x20000664   Data         160  pid.o(.bss)
    PID_Trigger                              0x20000704   Data         160  pid.o(.bss)
    xQueueRegistry                           0x200007a4   Data          64  queue.o(.bss)
    __libspace_start                         0x200134d4   Data          96  libspace.o(.bss)
    __temporary_stack_top$libspace           0x20013534   Data           0  libspace.o(.bss)



==============================================================================

Memory Map of the image

  Image Entry point : 0x08000189

  Load Region LR_IROM1 (Base: 0x08000000, Size: 0x00008ecc, Max: 0x00100000, ABSOLUTE, COMPRESSED[0x00008d60])

    Execution Region ER_IROM1 (Exec base: 0x08000000, Load base: 0x08000000, Size: 0x00008d00, Max: 0x00100000, ABSOLUTE)

    Exec Addr    Load Addr    Size         Type   Attr      Idx    E Section Name        Object

    0x08000000   0x08000000   0x00000188   Data   RO         4573    RESET               startup_stm32f40_41xxx.o
    0x08000188   0x08000188   0x00000008   Code   RO         4889  * !!!main             c_w.l(__main.o)
    0x08000190   0x08000190   0x00000034   Code   RO         5175    !!!scatter          c_w.l(__scatter.o)
    0x080001c4   0x080001c4   0x0000005a   Code   RO         5173    !!dczerorl2         c_w.l(__dczerorl2.o)
    0x0800021e   0x0800021e   0x00000002   PAD
    0x08000220   0x08000220   0x0000001c   Code   RO         5177    !!handler_zi        c_w.l(__scatter_zi.o)
    0x0800023c   0x0800023c   0x00000002   Code   RO         5044    .ARM.Collect$$libinit$$00000000  c_w.l(libinit.o)
    0x0800023e   0x0800023e   0x00000004   Code   RO         5047    .ARM.Collect$$libinit$$00000001  c_w.l(libinit2.o)
    0x08000242   0x08000242   0x00000000   Code   RO         5050    .ARM.Collect$$libinit$$00000004  c_w.l(libinit2.o)
    0x08000242   0x08000242   0x00000000   Code   RO         5053    .ARM.Collect$$libinit$$0000000A  c_w.l(libinit2.o)
    0x08000242   0x08000242   0x00000000   Code   RO         5055    .ARM.Collect$$libinit$$0000000C  c_w.l(libinit2.o)
    0x08000242   0x08000242   0x00000000   Code   RO         5057    .ARM.Collect$$libinit$$0000000E  c_w.l(libinit2.o)
    0x08000242   0x08000242   0x00000000   Code   RO         5060    .ARM.Collect$$libinit$$00000011  c_w.l(libinit2.o)
    0x08000242   0x08000242   0x00000000   Code   RO         5062    .ARM.Collect$$libinit$$00000013  c_w.l(libinit2.o)
    0x08000242   0x08000242   0x00000000   Code   RO         5064    .ARM.Collect$$libinit$$00000015  c_w.l(libinit2.o)
    0x08000242   0x08000242   0x00000000   Code   RO         5066    .ARM.Collect$$libinit$$00000017  c_w.l(libinit2.o)
    0x08000242   0x08000242   0x00000000   Code   RO         5068    .ARM.Collect$$libinit$$00000019  c_w.l(libinit2.o)
    0x08000242   0x08000242   0x00000000   Code   RO         5070    .ARM.Collect$$libinit$$0000001B  c_w.l(libinit2.o)
    0x08000242   0x08000242   0x00000000   Code   RO         5072    .ARM.Collect$$libinit$$0000001D  c_w.l(libinit2.o)
    0x08000242   0x08000242   0x00000000   Code   RO         5074    .ARM.Collect$$libinit$$0000001F  c_w.l(libinit2.o)
    0x08000242   0x08000242   0x00000000   Code   RO         5076    .ARM.Collect$$libinit$$00000021  c_w.l(libinit2.o)
    0x08000242   0x08000242   0x00000000   Code   RO         5078    .ARM.Collect$$libinit$$00000023  c_w.l(libinit2.o)
    0x08000242   0x08000242   0x00000000   Code   RO         5080    .ARM.Collect$$libinit$$00000025  c_w.l(libinit2.o)
    0x08000242   0x08000242   0x00000000   Code   RO         5084    .ARM.Collect$$libinit$$0000002C  c_w.l(libinit2.o)
    0x08000242   0x08000242   0x00000000   Code   RO         5086    .ARM.Collect$$libinit$$0000002E  c_w.l(libinit2.o)
    0x08000242   0x08000242   0x00000000   Code   RO         5088    .ARM.Collect$$libinit$$00000030  c_w.l(libinit2.o)
    0x08000242   0x08000242   0x00000000   Code   RO         5090    .ARM.Collect$$libinit$$00000032  c_w.l(libinit2.o)
    0x08000242   0x08000242   0x00000002   Code   RO         5091    .ARM.Collect$$libinit$$00000033  c_w.l(libinit2.o)
    0x08000244   0x08000244   0x00000002   Code   RO         5111    .ARM.Collect$$libshutdown$$00000000  c_w.l(libshutdown.o)
    0x08000246   0x08000246   0x00000000   Code   RO         5124    .ARM.Collect$$libshutdown$$00000002  c_w.l(libshutdown2.o)
    0x08000246   0x08000246   0x00000000   Code   RO         5126    .ARM.Collect$$libshutdown$$00000004  c_w.l(libshutdown2.o)
    0x08000246   0x08000246   0x00000000   Code   RO         5128    .ARM.Collect$$libshutdown$$00000006  c_w.l(libshutdown2.o)
    0x08000246   0x08000246   0x00000000   Code   RO         5131    .ARM.Collect$$libshutdown$$00000009  c_w.l(libshutdown2.o)
    0x08000246   0x08000246   0x00000000   Code   RO         5134    .ARM.Collect$$libshutdown$$0000000C  c_w.l(libshutdown2.o)
    0x08000246   0x08000246   0x00000000   Code   RO         5136    .ARM.Collect$$libshutdown$$0000000E  c_w.l(libshutdown2.o)
    0x08000246   0x08000246   0x00000000   Code   RO         5139    .ARM.Collect$$libshutdown$$00000011  c_w.l(libshutdown2.o)
    0x08000246   0x08000246   0x00000002   Code   RO         5140    .ARM.Collect$$libshutdown$$00000012  c_w.l(libshutdown2.o)
    0x08000248   0x08000248   0x00000000   Code   RO         4943    .ARM.Collect$$rtentry$$00000000  c_w.l(__rtentry.o)
    0x08000248   0x08000248   0x00000000   Code   RO         5011    .ARM.Collect$$rtentry$$00000002  c_w.l(__rtentry2.o)
    0x08000248   0x08000248   0x00000006   Code   RO         5023    .ARM.Collect$$rtentry$$00000004  c_w.l(__rtentry4.o)
    0x0800024e   0x0800024e   0x00000000   Code   RO         5013    .ARM.Collect$$rtentry$$00000009  c_w.l(__rtentry2.o)
    0x0800024e   0x0800024e   0x00000004   Code   RO         5014    .ARM.Collect$$rtentry$$0000000A  c_w.l(__rtentry2.o)
    0x08000252   0x08000252   0x00000000   Code   RO         5016    .ARM.Collect$$rtentry$$0000000C  c_w.l(__rtentry2.o)
    0x08000252   0x08000252   0x00000008   Code   RO         5017    .ARM.Collect$$rtentry$$0000000D  c_w.l(__rtentry2.o)
    0x0800025a   0x0800025a   0x00000002   Code   RO         5045    .ARM.Collect$$rtexit$$00000000  c_w.l(rtexit.o)
    0x0800025c   0x0800025c   0x00000000   Code   RO         5093    .ARM.Collect$$rtexit$$00000002  c_w.l(rtexit2.o)
    0x0800025c   0x0800025c   0x00000004   Code   RO         5094    .ARM.Collect$$rtexit$$00000003  c_w.l(rtexit2.o)
    0x08000260   0x08000260   0x00000006   Code   RO         5095    .ARM.Collect$$rtexit$$00000004  c_w.l(rtexit2.o)
    0x08000266   0x08000266   0x00000002   PAD
    0x08000268   0x08000268   0x000000b6   Code   RO         4494    .emb_text           port.o
    0x0800031e   0x0800031e   0x00000002   PAD
    0x08000320   0x08000320   0x00000040   Code   RO         4574    .text               startup_stm32f40_41xxx.o
    0x08000360   0x08000360   0x0000008a   Code   RO         4883    .text               c_w.l(rt_memcpy_v6.o)
    0x080003ea   0x080003ea   0x00000010   Code   RO         4885    .text               c_w.l(aeabi_memset.o)
    0x080003fa   0x080003fa   0x00000006   Code   RO         4887    .text               c_w.l(heapauxi.o)
    0x08000400   0x08000400   0x00000016   Code   RO         4944    .text               c_w.l(_rserrno.o)
    0x08000416   0x08000416   0x00000064   Code   RO         4946    .text               c_w.l(rt_memcpy_w.o)
    0x0800047a   0x0800047a   0x00000044   Code   RO         4948    .text               c_w.l(rt_memclr.o)
    0x080004be   0x080004be   0x00000002   PAD
    0x080004c0   0x080004c0   0x00000008   Code   RO         5028    .text               c_w.l(rt_errno_addr_intlibspace.o)
    0x080004c8   0x080004c8   0x0000004e   Code   RO         5030    .text               c_w.l(rt_memclr_w.o)
    0x08000516   0x08000516   0x00000002   PAD
    0x08000518   0x08000518   0x00000008   Code   RO         5032    .text               c_w.l(libspace.o)
    0x08000520   0x08000520   0x0000004a   Code   RO         5035    .text               c_w.l(sys_stackheap_outer.o)
    0x0800056a   0x0800056a   0x00000012   Code   RO         5037    .text               c_w.l(exit.o)
    0x0800057c   0x0800057c   0x0000000c   Code   RO         5103    .text               c_w.l(sys_exit.o)
    0x08000588   0x08000588   0x00000002   Code   RO         5114    .text               c_w.l(use_no_semi.o)
    0x0800058a   0x0800058a   0x00000000   Code   RO         5116    .text               c_w.l(indicate_semi.o)
    0x0800058a   0x0800058a   0x00000010   Code   RO          838    i.Angle_Correct_Get  gimbal.o
    0x0800059a   0x0800059a   0x00000002   PAD
    0x0800059c   0x0800059c   0x00000010   Code   RO          497    i.BMI088_ACCEL_NS_H  bmi088driver.o
    0x080005ac   0x080005ac   0x00000010   Code   RO          498    i.BMI088_ACCEL_NS_L  bmi088driver.o
    0x080005bc   0x080005bc   0x00000010   Code   RO          499    i.BMI088_GYRO_NS_H  bmi088driver.o
    0x080005cc   0x080005cc   0x00000010   Code   RO          500    i.BMI088_GYRO_NS_L  bmi088driver.o
    0x080005dc   0x080005dc   0x000001b4   Code   RO          501    i.BMI088_Get_Data   bmi088driver.o
    0x08000790   0x08000790   0x00000154   Code   RO          502    i.BMI088_Offset_Cali  bmi088driver.o
    0x080008e4   0x080008e4   0x00000140   Code   RO          477    i.BMI088_SPI_Init   bmi088.o
    0x08000a24   0x08000a24   0x00000022   Code   RO          503    i.BMI088_init       bmi088driver.o
    0x08000a46   0x08000a46   0x00000026   Code   RO          505    i.BMI088_read_muli_reg  bmi088driver.o
    0x08000a6c   0x08000a6c   0x00000018   Code   RO          506    i.BMI088_read_single_reg  bmi088driver.o
    0x08000a84   0x08000a84   0x00000038   Code   RO          507    i.BMI088_read_write_byte  bmi088driver.o
    0x08000abc   0x08000abc   0x00000014   Code   RO          509    i.BMI088_write_single_reg  bmi088driver.o
    0x08000ad0   0x08000ad0   0x00000034   Code   RO            3    i.BSP_Init          main.o
    0x08000b04   0x08000b04   0x00000010   Code   RO          445    i.Beep_Ctrl         beep.o
    0x08000b14   0x08000b14   0x000000a0   Code   RO          446    i.Beep_Init         beep.o
    0x08000bb4   0x08000bb4   0x00000080   Code   RO         4836    i.Bullet_Block_Control  shoot_task.o
    0x08000c34   0x08000c34   0x00000004   Code   RO          329    i.BusFault_Handler  stm32f4xx_it.o
    0x08000c38   0x08000c38   0x0000000c   Code   RO          606    i.CAN12_Init        can.o
    0x08000c44   0x08000c44   0x0000011c   Code   RO          607    i.CAN1_Init         can.o
    0x08000d60   0x08000d60   0x000000c4   Code   RO          638    i.CAN1_RX0_IRQHandler  can_handle.o
    0x08000e24   0x08000e24   0x000000a4   Code   RO          640    i.CAN1_TX_Gimbal    can_handle.o
    0x08000ec8   0x08000ec8   0x00000024   Code   RO          641    i.CAN1_TX_IRQHandler  can_handle.o
    0x08000eec   0x08000eec   0x00000090   Code   RO          642    i.CAN1_TX_Shoot     can_handle.o
    0x08000f7c   0x08000f7c   0x00000128   Code   RO          608    i.CAN2_Init         can.o
    0x080010a4   0x080010a4   0x000000a8   Code   RO          643    i.CAN2_RX0_IRQHandler  can_handle.o
    0x0800114c   0x0800114c   0x0000007c   Code   RO          644    i.CAN2_TX_DualBoard  can_handle.o
    0x080011c8   0x080011c8   0x00000024   Code   RO          645    i.CAN2_TX_IRQHandler  can_handle.o
    0x080011ec   0x080011ec   0x000000a8   Code   RO         1443    i.CAN_ClearITPendingBit  stm32f4xx_can.o
    0x08001294   0x08001294   0x00000050   Code   RO          646    i.CAN_Data_Decode   can_handle.o
    0x080012e4   0x080012e4   0x00000038   Code   RO         1445    i.CAN_DeInit        stm32f4xx_can.o
    0x0800131c   0x0800131c   0x00000108   Code   RO         1447    i.CAN_FilterInit    stm32f4xx_can.o
    0x08001424   0x08001424   0x00000120   Code   RO         1449    i.CAN_GetITStatus   stm32f4xx_can.o
    0x08001544   0x08001544   0x00000012   Code   RO         1453    i.CAN_ITConfig      stm32f4xx_can.o
    0x08001556   0x08001556   0x00000114   Code   RO         1454    i.CAN_Init          stm32f4xx_can.o
    0x0800166a   0x0800166a   0x000000f0   Code   RO         1457    i.CAN_Receive       stm32f4xx_can.o
    0x0800175a   0x0800175a   0x00000020   Code   RO         1460    i.CAN_StructInit    stm32f4xx_can.o
    0x0800177a   0x0800177a   0x00000126   Code   RO         1462    i.CAN_Transmit      stm32f4xx_can.o
    0x080018a0   0x080018a0   0x00000012   Code   RO         1465    i.CheckITStatus     stm32f4xx_can.o
    0x080018b2   0x080018b2   0x00000002   PAD
    0x080018b4   0x080018b4   0x00000018   Code   RO          734    i.Cover_Init        cover.o
    0x080018cc   0x080018cc   0x000000ac   Code   RO          735    i.Cover_PWM_Init    cover.o
    0x08001978   0x08001978   0x00000030   Code   RO         1102    i.DMA2_Stream7_IRQHandler  nuc.o
    0x080019a8   0x080019a8   0x00000034   Code   RO         1605    i.DMA_ClearITPendingBit  stm32f4xx_dma.o
    0x080019dc   0x080019dc   0x00000016   Code   RO         1606    i.DMA_Cmd           stm32f4xx_dma.o
    0x080019f2   0x080019f2   0x00000002   PAD
    0x080019f4   0x080019f4   0x00000158   Code   RO         1607    i.DMA_DeInit        stm32f4xx_dma.o
    0x08001b4c   0x08001b4c   0x00000016   Code   RO         1608    i.DMA_DoubleBufferModeCmd  stm32f4xx_dma.o
    0x08001b62   0x08001b62   0x00000018   Code   RO         1609    i.DMA_DoubleBufferModeConfig  stm32f4xx_dma.o
    0x08001b7a   0x08001b7a   0x00000008   Code   RO         1612    i.DMA_GetCurrDataCounter  stm32f4xx_dma.o
    0x08001b82   0x08001b82   0x00000014   Code   RO         1613    i.DMA_GetCurrentMemoryTarget  stm32f4xx_dma.o
    0x08001b96   0x08001b96   0x00000002   PAD
    0x08001b98   0x08001b98   0x00000064   Code   RO         1616    i.DMA_GetITStatus   stm32f4xx_dma.o
    0x08001bfc   0x08001bfc   0x0000003a   Code   RO         1617    i.DMA_ITConfig      stm32f4xx_dma.o
    0x08001c36   0x08001c36   0x00000002   PAD
    0x08001c38   0x08001c38   0x00000058   Code   RO         1618    i.DMA_Init          stm32f4xx_dma.o
    0x08001c90   0x08001c90   0x00000004   Code   RO         1621    i.DMA_SetCurrDataCounter  stm32f4xx_dma.o
    0x08001c94   0x08001c94   0x000000c4   Code   RO          760    i.DR16_DataDecode   dr16.o
    0x08001d58   0x08001d58   0x00000010   Code   RO          761    i.DR16_Init         dr16.o
    0x08001d68   0x08001d68   0x00000090   Code   RO          762    i.DR16_USART_DMA_Init  dr16.o
    0x08001df8   0x08001df8   0x0000009c   Code   RO          763    i.DR16_USART_Init   dr16.o
    0x08001e94   0x08001e94   0x00000022   Code   RO          764    i.DR16_USART_NVIC_Init  dr16.o
    0x08001eb6   0x08001eb6   0x00000002   Code   RO          330    i.DebugMon_Handler  stm32f4xx_it.o
    0x08001eb8   0x08001eb8   0x00000014   Code   RO          886    i.EXTI9_5_IRQHandler  imu.o
    0x08001ecc   0x08001ecc   0x0000000c   Code   RO         1733    i.EXTI_ClearITPendingBit  stm32f4xx_exti.o
    0x08001ed8   0x08001ed8   0x00000018   Code   RO         1737    i.EXTI_GetITStatus  stm32f4xx_exti.o
    0x08001ef0   0x08001ef0   0x0000001e   Code   RO          839    i.Encoder_Data_Process  gimbal.o
    0x08001f0e   0x08001f0e   0x00000002   PAD
    0x08001f10   0x08001f10   0x00000024   Code   RO         3381    i.FLASH_DataCacheCmd  stm32f4xx_flash.o
    0x08001f34   0x08001f34   0x00000088   Code   RO         3386    i.FLASH_EraseSector  stm32f4xx_flash.o
    0x08001fbc   0x08001fbc   0x00000054   Code   RO         3388    i.FLASH_GetStatus   stm32f4xx_flash.o
    0x08002010   0x08002010   0x00000014   Code   RO         3392    i.FLASH_Lock        stm32f4xx_flash.o
    0x08002024   0x08002024   0x00000050   Code   RO         3416    i.FLASH_ProgramWord  stm32f4xx_flash.o
    0x08002074   0x08002074   0x00000024   Code   RO         3418    i.FLASH_Unlock      stm32f4xx_flash.o
    0x08002098   0x08002098   0x00000022   Code   RO         3419    i.FLASH_WaitForLastOperation  stm32f4xx_flash.o
    0x080020ba   0x080020ba   0x00000090   Code   RO         1795    i.GPIO_Init         stm32f4xx_gpio.o
    0x0800214a   0x0800214a   0x00000046   Code   RO         1796    i.GPIO_PinAFConfig  stm32f4xx_gpio.o
    0x08002190   0x08002190   0x00000004   Code   RO         1802    i.GPIO_ResetBits    stm32f4xx_gpio.o
    0x08002194   0x08002194   0x00000004   Code   RO         1803    i.GPIO_SetBits      stm32f4xx_gpio.o
    0x08002198   0x08002198   0x00000008   Code   RO         1805    i.GPIO_ToggleBits   stm32f4xx_gpio.o
    0x080021a0   0x080021a0   0x000000a8   Code   RO         4759    i.Get_Cover_Mode    mode_task.o
    0x08002248   0x08002248   0x00000064   Code   RO         4760    i.Get_Gimbal_Mode   mode_task.o
    0x080022ac   0x080022ac   0x00000078   Code   RO         4761    i.Get_Shoot_Mode    mode_task.o
    0x08002324   0x08002324   0x00000174   Code   RO          840    i.Gimbal_Angle_Calibrate  gimbal.o
    0x08002498   0x08002498   0x0000007c   Code   RO          841    i.Gimbal_Angle_Read  gimbal.o
    0x08002514   0x08002514   0x000001e0   Code   RO         4647    i.Gimbal_AutoAim_Control  gimbal_task.o
    0x080026f4   0x080026f4   0x00000178   Code   RO         4648    i.Gimbal_Follow_Control  gimbal_task.o
    0x0800286c   0x0800286c   0x00000214   Code   RO          842    i.Gimbal_Init       gimbal.o
    0x08002a80   0x08002a80   0x00000140   Code   RO         4649    i.Gimbal_Keep_Control  gimbal_task.o
    0x08002bc0   0x08002bc0   0x00000014   Code   RO         4650    i.Gimbal_Stop_Control  gimbal_task.o
    0x08002bd4   0x08002bd4   0x00000004   Code   RO          331    i.HardFault_Handler  stm32f4xx_it.o
    0x08002bd8   0x08002bd8   0x00000770   Code   RO          887    i.IMU_Ahrs_Update   imu.o
    0x08003348   0x08003348   0x00000208   Code   RO          888    i.IMU_Attitude_Update  imu.o
    0x08003550   0x08003550   0x00000038   Code   RO         1050    i.Infrared_Sensor_Init  laser.o
    0x08003588   0x08003588   0x0000003c   Code   RO         1076    i.LED_Init          led.o
    0x080035c4   0x080035c4   0x00000040   Code   RO         1051    i.Laser_Init        laser.o
    0x08003604   0x08003604   0x00000004   Code   RO          332    i.MemManage_Handler  stm32f4xx_it.o
    0x08003608   0x08003608   0x00000002   Code   RO          333    i.NMI_Handler       stm32f4xx_it.o
    0x0800360a   0x0800360a   0x00000002   PAD
    0x0800360c   0x0800360c   0x000000ac   Code   RO         1103    i.NUC_Data_Decode   nuc.o
    0x080036b8   0x080036b8   0x00000010   Code   RO         1104    i.NUC_Init          nuc.o
    0x080036c8   0x080036c8   0x00000210   Code   RO         1105    i.NUC_Send_Data     nuc.o
    0x080038d8   0x080038d8   0x000000f0   Code   RO         1106    i.NUC_USART_DMA_Init  nuc.o
    0x080039c8   0x080039c8   0x000000bc   Code   RO         1107    i.NUC_USART_Init    nuc.o
    0x08003a84   0x08003a84   0x00000040   Code   RO         1108    i.NUC_USART_NVIC_Init  nuc.o
    0x08003ac4   0x08003ac4   0x00000078   Code   RO         1397    i.NVIC_Init         misc.o
    0x08003b3c   0x08003b3c   0x00000014   Code   RO         1398    i.NVIC_PriorityGroupConfig  misc.o
    0x08003b50   0x08003b50   0x000001e0   Code   RO         1179    i.Pid_Calc          pid.o
    0x08003d30   0x08003d30   0x000000a0   Code   RO         1180    i.Pid_Reset         pid.o
    0x08003dd0   0x08003dd0   0x0000002e   Code   RO         1181    i.Pid_Set           pid.o
    0x08003dfe   0x08003dfe   0x00000002   PAD
    0x08003e00   0x08003e00   0x00000020   Code   RO         2014    i.RCC_AHB1PeriphClockCmd  stm32f4xx_rcc.o
    0x08003e20   0x08003e20   0x00000020   Code   RO         2023    i.RCC_APB1PeriphClockCmd  stm32f4xx_rcc.o
    0x08003e40   0x08003e40   0x00000020   Code   RO         2025    i.RCC_APB1PeriphResetCmd  stm32f4xx_rcc.o
    0x08003e60   0x08003e60   0x00000020   Code   RO         2026    i.RCC_APB2PeriphClockCmd  stm32f4xx_rcc.o
    0x08003e80   0x08003e80   0x00000020   Code   RO         2028    i.RCC_APB2PeriphResetCmd  stm32f4xx_rcc.o
    0x08003ea0   0x08003ea0   0x000000e8   Code   RO         2035    i.RCC_GetClocksFreq  stm32f4xx_rcc.o
    0x08003f88   0x08003f88   0x00000018   Code   RO         2354    i.SPI_Cmd           stm32f4xx_spi.o
    0x08003fa0   0x08003fa0   0x00000012   Code   RO         2362    i.SPI_I2S_GetFlagStatus  stm32f4xx_spi.o
    0x08003fb2   0x08003fb2   0x00000006   Code   RO         2365    i.SPI_I2S_ReceiveData  stm32f4xx_spi.o
    0x08003fb8   0x08003fb8   0x00000004   Code   RO         2366    i.SPI_I2S_SendData  stm32f4xx_spi.o
    0x08003fbc   0x08003fbc   0x0000003c   Code   RO         2367    i.SPI_Init          stm32f4xx_spi.o
    0x08003ff8   0x08003ff8   0x000000a0   Code   RO         1295    i.STMFLASH_GetFlashSector  flash.o
    0x08004098   0x08004098   0x00000020   Code   RO         1296    i.STMFLASH_Read     flash.o
    0x080040b8   0x080040b8   0x00000006   Code   RO         1297    i.STMFLASH_ReadWord  flash.o
    0x080040be   0x080040be   0x00000002   PAD
    0x080040c0   0x080040c0   0x00000098   Code   RO         1298    i.STMFLASH_Write    flash.o
    0x08004158   0x08004158   0x000000ec   Code   RO          408    i.SetSysClock       system_stm32f4xx.o
    0x08004244   0x08004244   0x000000f8   Code   RO         1217    i.Shoot_Init        shoot.o
    0x0800433c   0x0800433c   0x000000e4   Code   RO         4837    i.Shoot_Run_Control  shoot_task.o
    0x08004420   0x08004420   0x00000098   Code   RO         4838    i.Shoot_Stop_Control  shoot_task.o
    0x080044b8   0x080044b8   0x00000028   Code   RO         1401    i.SysTick_CLKSourceConfig  misc.o
    0x080044e0   0x080044e0   0x00000010   Code   RO         1351    i.SysTick_Handler   delay.o
    0x080044f0   0x080044f0   0x00000068   Code   RO          410    i.SystemInit        system_stm32f4xx.o
    0x08004558   0x08004558   0x00000078   Code   RO         1263    i.TIM6_DAC_IRQHandler  tim6.o
    0x080045d0   0x080045d0   0x0000005c   Code   RO         1264    i.TIM6_Init         tim6.o
    0x0800462c   0x0800462c   0x00000018   Code   RO         2516    i.TIM_ARRPreloadConfig  stm32f4xx_tim.o
    0x08004644   0x08004644   0x00000006   Code   RO         2523    i.TIM_ClearITPendingBit  stm32f4xx_tim.o
    0x0800464a   0x0800464a   0x00000018   Code   RO         2528    i.TIM_Cmd           stm32f4xx_tim.o
    0x08004662   0x08004662   0x0000001e   Code   RO         2530    i.TIM_CtrlPWMOutputs  stm32f4xx_tim.o
    0x08004680   0x08004680   0x00000022   Code   RO         2549    i.TIM_GetITStatus   stm32f4xx_tim.o
    0x080046a2   0x080046a2   0x00000012   Code   RO         2553    i.TIM_ITConfig      stm32f4xx_tim.o
    0x080046b4   0x080046b4   0x0000007c   Code   RO         2557    i.TIM_OC1Init       stm32f4xx_tim.o
    0x08004730   0x08004730   0x00000012   Code   RO         2560    i.TIM_OC1PreloadConfig  stm32f4xx_tim.o
    0x08004742   0x08004742   0x00000002   PAD
    0x08004744   0x08004744   0x000000a0   Code   RO         2567    i.TIM_OC3Init       stm32f4xx_tim.o
    0x080047e4   0x080047e4   0x00000012   Code   RO         2570    i.TIM_OC3PreloadConfig  stm32f4xx_tim.o
    0x080047f6   0x080047f6   0x00000004   Code   RO         2590    i.TIM_SetCompare1   stm32f4xx_tim.o
    0x080047fa   0x080047fa   0x00000002   PAD
    0x080047fc   0x080047fc   0x00000084   Code   RO         2600    i.TIM_TimeBaseInit  stm32f4xx_tim.o
    0x08004880   0x08004880   0x00000008   Code   RO         4580    i.Task_Init         task_init.o
    0x08004888   0x08004888   0x00000088   Code   RO         1109    i.USART1_IRQHandler  nuc.o
    0x08004910   0x08004910   0x00000088   Code   RO          765    i.USART3_IRQHandler  dr16.o
    0x08004998   0x08004998   0x00000012   Code   RO         3074    i.USART_ClearFlag   stm32f4xx_usart.o
    0x080049aa   0x080049aa   0x00000018   Code   RO         3078    i.USART_Cmd         stm32f4xx_usart.o
    0x080049c2   0x080049c2   0x00000012   Code   RO         3079    i.USART_DMACmd      stm32f4xx_usart.o
    0x080049d4   0x080049d4   0x00000054   Code   RO         3082    i.USART_GetITStatus  stm32f4xx_usart.o
    0x08004a28   0x08004a28   0x0000004a   Code   RO         3084    i.USART_ITConfig    stm32f4xx_usart.o
    0x08004a72   0x08004a72   0x00000002   PAD
    0x08004a74   0x08004a74   0x000000d4   Code   RO         3085    i.USART_Init        stm32f4xx_usart.o
    0x08004b48   0x08004b48   0x0000000a   Code   RO         3092    i.USART_ReceiveData  stm32f4xx_usart.o
    0x08004b52   0x08004b52   0x00000004   Code   RO          334    i.UsageFault_Handler  stm32f4xx_it.o
    0x08004b56   0x08004b56   0x00000030   Code   RO         5005    i.__ARM_fpclassify  m_wm.l(fpclassify.o)
    0x08004b86   0x08004b86   0x00000002   PAD
    0x08004b88   0x08004b88   0x00000360   Code   RO         4899    i.__hardfp_asin     m_wm.l(asin.o)
    0x08004ee8   0x08004ee8   0x000002d8   Code   RO         4977    i.__hardfp_atan     m_wm.l(atan.o)
    0x080051c0   0x080051c0   0x00000200   Code   RO         4913    i.__hardfp_atan2    m_wm.l(atan2.o)
    0x080053c0   0x080053c0   0x00000014   Code   RO         4925    i.__hardfp_fabs     m_wm.l(fabs.o)
    0x080053d4   0x080053d4   0x0000007a   Code   RO         4931    i.__hardfp_sqrt     m_wm.l(sqrt.o)
    0x0800544e   0x0800544e   0x000000f8   Code   RO         5007    i.__kernel_poly     m_wm.l(poly.o)
    0x08005546   0x08005546   0x00000014   Code   RO         4992    i.__mathlib_dbl_infnan  m_wm.l(dunder.o)
    0x0800555a   0x0800555a   0x00000014   Code   RO         4993    i.__mathlib_dbl_infnan2  m_wm.l(dunder.o)
    0x0800556e   0x0800556e   0x00000002   PAD
    0x08005570   0x08005570   0x00000020   Code   RO         4994    i.__mathlib_dbl_invalid  m_wm.l(dunder.o)
    0x08005590   0x08005590   0x00000020   Code   RO         4997    i.__mathlib_dbl_underflow  m_wm.l(dunder.o)
    0x080055b0   0x080055b0   0x00000010   Code   RO         4979    i.atan              m_wm.l(atan.o)
    0x080055c0   0x080055c0   0x0000000c   Code   RO         1110    i.bit32TObit8       nuc.o
    0x080055cc   0x080055cc   0x00000128   Code   RO          510    i.bmi088_accel_init  bmi088driver.o
    0x080056f4   0x080056f4   0x000000f4   Code   RO          511    i.bmi088_gyro_init  bmi088driver.o
    0x080057e8   0x080057e8   0x00000034   Code   RO         4618    i.can_send_task     can_send_task.o
    0x0800581c   0x0800581c   0x00000034   Code   RO         4619    i.can_send_task_create  can_send_task.o
    0x08005850   0x08005850   0x00000044   Code   RO         1352    i.delay_init        delay.o
    0x08005894   0x08005894   0x00000044   Code   RO         1353    i.delay_ms          delay.o
    0x080058d8   0x080058d8   0x00000048   Code   RO         1354    i.delay_us          delay.o
    0x08005920   0x08005920   0x00000018   Code   RO         1355    i.delay_xms         delay.o
    0x08005938   0x08005938   0x00000018   Code   RO         4927    i.fabs              m_wm.l(fabs.o)
    0x08005950   0x08005950   0x00000064   Code   RO         4651    i.gimbal_task       gimbal_task.o
    0x080059b4   0x080059b4   0x00000030   Code   RO         4652    i.gimbal_task_create  gimbal_task.o
    0x080059e4   0x080059e4   0x00000022   Code   RO         4701    i.imu_task          imu_task.o
    0x08005a06   0x08005a06   0x00000002   PAD
    0x08005a08   0x08005a08   0x00000030   Code   RO         4702    i.imu_task_create   imu_task.o
    0x08005a38   0x08005a38   0x00000034   Code   RO          906    i.inv_sqrt          imu.o
    0x08005a6c   0x08005a6c   0x00000064   Code   RO         4730    i.led_task          led_task.o
    0x08005ad0   0x08005ad0   0x0000002c   Code   RO         4731    i.led_task_create   led_task.o
    0x08005afc   0x08005afc   0x0000001c   Code   RO            4    i.main              main.o
    0x08005b18   0x08005b18   0x0000006c   Code   RO         4762    i.mode_task         mode_task.o
    0x08005b84   0x08005b84   0x00000030   Code   RO         4763    i.mode_task_create  mode_task.o
    0x08005bb4   0x08005bb4   0x00000028   Code   RO         4807    i.nuc_task          nuc_task.o
    0x08005bdc   0x08005bdc   0x00000030   Code   RO         4808    i.nuc_task_create   nuc_task.o
    0x08005c0c   0x08005c0c   0x00000098   Code   RO         3972    i.prvAddCurrentTaskToDelayedList  tasks.o
    0x08005ca4   0x08005ca4   0x000000b8   Code   RO         3973    i.prvAddNewTaskToReadyList  tasks.o
    0x08005d5c   0x08005d5c   0x00000064   Code   RO         4315    i.prvCheckForValidListAndQueue  timers.o
    0x08005dc0   0x08005dc0   0x00000064   Code   RO         3974    i.prvCheckTasksWaitingTermination  tasks.o
    0x08005e24   0x08005e24   0x0000002a   Code   RO         3774    i.prvCopyDataFromQueue  queue.o
    0x08005e4e   0x08005e4e   0x0000007c   Code   RO         3775    i.prvCopyDataToQueue  queue.o
    0x08005eca   0x08005eca   0x00000012   Code   RO         3975    i.prvDeleteTCB      tasks.o
    0x08005edc   0x08005edc   0x00000028   Code   RO         4316    i.prvGetNextExpireTime  timers.o
    0x08005f04   0x08005f04   0x0000007c   Code   RO         4445    i.prvHeapInit       heap_4.o
    0x08005f80   0x08005f80   0x00000028   Code   RO         3976    i.prvIdleTask       tasks.o
    0x08005fa8   0x08005fa8   0x0000002a   Code   RO         3777    i.prvInitialiseNewQueue  queue.o
    0x08005fd2   0x08005fd2   0x000000b4   Code   RO         3977    i.prvInitialiseNewTask  tasks.o
    0x08006086   0x08006086   0x00000002   PAD
    0x08006088   0x08006088   0x00000068   Code   RO         3978    i.prvInitialiseTaskLists  tasks.o
    0x080060f0   0x080060f0   0x00000068   Code   RO         4446    i.prvInsertBlockIntoFreeList  heap_4.o
    0x08006158   0x08006158   0x00000058   Code   RO         4318    i.prvInsertTimerInActiveList  timers.o
    0x080061b0   0x080061b0   0x0000001a   Code   RO         3778    i.prvIsQueueEmpty   queue.o
    0x080061ca   0x080061ca   0x0000001e   Code   RO         3779    i.prvIsQueueFull    queue.o
    0x080061e8   0x080061e8   0x00000064   Code   RO         4319    i.prvProcessExpiredTimer  timers.o
    0x0800624c   0x0800624c   0x000000f8   Code   RO         4320    i.prvProcessReceivedCommands  timers.o
    0x08006344   0x08006344   0x00000074   Code   RO         4321    i.prvProcessTimerOrBlockTask  timers.o
    0x080063b8   0x080063b8   0x00000034   Code   RO         3980    i.prvResetNextTaskUnblockTime  tasks.o
    0x080063ec   0x080063ec   0x0000002c   Code   RO         4322    i.prvSampleTimeNow  timers.o
    0x08006418   0x08006418   0x000000a0   Code   RO         4323    i.prvSwitchTimerLists  timers.o
    0x080064b8   0x080064b8   0x00000040   Code   RO         4495    i.prvTaskExitError  port.o
    0x080064f8   0x080064f8   0x0000001e   Code   RO         3651    i.prvTestWaitCondition  event_groups.o
    0x08006516   0x08006516   0x0000001a   Code   RO         4324    i.prvTimerTask      timers.o
    0x08006530   0x08006530   0x0000007e   Code   RO         3780    i.prvUnlockQueue    queue.o
    0x080065ae   0x080065ae   0x00000002   PAD
    0x080065b0   0x080065b0   0x0000013c   Code   RO         4447    i.pvPortMalloc      heap_4.o
    0x080066ec   0x080066ec   0x00000020   Code   RO         3983    i.pvTaskIncrementMutexHeldCount  tasks.o
    0x0800670c   0x0800670c   0x0000002c   Code   RO         4496    i.pxPortInitialiseStack  port.o
    0x08006738   0x08006738   0x00000048   Code   RO         4839    i.shoot_task        shoot_task.o
    0x08006780   0x08006780   0x0000002c   Code   RO         4840    i.shoot_task_create  shoot_task.o
    0x080067ac   0x080067ac   0x0000000c   Code   RO         1111    i.shortTou8         nuc.o
    0x080067b8   0x080067b8   0x0000006e   Code   RO         4933    i.sqrt              m_wm.l(sqrt.o)
    0x08006826   0x08006826   0x00000002   PAD
    0x08006828   0x08006828   0x00000040   Code   RO         4581    i.start_task        task_init.o
    0x08006868   0x08006868   0x00000030   Code   RO         4582    i.start_task_create  task_init.o
    0x08006898   0x08006898   0x00000028   Code   RO         3737    i.uxListRemove      list.o
    0x080068c0   0x080068c0   0x0000001c   Code   RO         3991    i.uxTaskResetEventItemValue  tasks.o
    0x080068dc   0x080068dc   0x0000001a   Code   RO         3738    i.vListInitialise   list.o
    0x080068f6   0x080068f6   0x00000006   Code   RO         3739    i.vListInitialiseItem  list.o
    0x080068fc   0x080068fc   0x00000034   Code   RO         3740    i.vListInsert       list.o
    0x08006930   0x08006930   0x00000018   Code   RO         3741    i.vListInsertEnd    list.o
    0x08006948   0x08006948   0x00000054   Code   RO         4498    i.vPortEnterCritical  port.o
    0x0800699c   0x0800699c   0x0000003c   Code   RO         4499    i.vPortExitCritical  port.o
    0x080069d8   0x080069d8   0x00000094   Code   RO         4448    i.vPortFree         heap_4.o
    0x08006a6c   0x08006a6c   0x00000020   Code   RO         4500    i.vPortSetupTimerInterrupt  port.o
    0x08006a8c   0x08006a8c   0x00000078   Code   RO         4501    i.vPortValidateInterruptPriority  port.o
    0x08006b04   0x08006b04   0x0000002c   Code   RO         3786    i.vQueueAddToRegistry  queue.o
    0x08006b30   0x08006b30   0x0000004a   Code   RO         3790    i.vQueueWaitForMessageRestricted  queue.o
    0x08006b7a   0x08006b7a   0x00000002   PAD
    0x08006b7c   0x08006b7c   0x0000005c   Code   RO         3992    i.vTaskDelay        tasks.o
    0x08006bd8   0x08006bd8   0x000000d4   Code   RO         3993    i.vTaskDelayUntil   tasks.o
    0x08006cac   0x08006cac   0x000000f4   Code   RO         3994    i.vTaskDelete       tasks.o
    0x08006da0   0x08006da0   0x0000000c   Code   RO         3997    i.vTaskMissedYield  tasks.o
    0x08006dac   0x08006dac   0x00000038   Code   RO         3999    i.vTaskPlaceOnEventList  tasks.o
    0x08006de4   0x08006de4   0x00000040   Code   RO         4000    i.vTaskPlaceOnEventListRestricted  tasks.o
    0x08006e24   0x08006e24   0x0000006c   Code   RO         4001    i.vTaskPlaceOnUnorderedEventList  tasks.o
    0x08006e90   0x08006e90   0x000000b0   Code   RO         4002    i.vTaskPriorityInherit  tasks.o
    0x08006f40   0x08006f40   0x00000030   Code   RO         4006    i.vTaskSetTimeOutState  tasks.o
    0x08006f70   0x08006f70   0x00000094   Code   RO         4007    i.vTaskStartScheduler  tasks.o
    0x08007004   0x08007004   0x00000010   Code   RO         4009    i.vTaskSuspendAll   tasks.o
    0x08007014   0x08007014   0x0000008c   Code   RO         4010    i.vTaskSwitchContext  tasks.o
    0x080070a0   0x080070a0   0x0000001a   Code   RO         3657    i.xEventGroupCreate  event_groups.o
    0x080070ba   0x080070ba   0x000000ce   Code   RO         3659    i.xEventGroupSetBits  event_groups.o
    0x08007188   0x08007188   0x00000154   Code   RO         3661    i.xEventGroupWaitBits  event_groups.o
    0x080072dc   0x080072dc   0x0000013c   Code   RO         4502    i.xPortStartScheduler  port.o
    0x08007418   0x08007418   0x00000034   Code   RO         4503    i.xPortSysTickHandler  port.o
    0x0800744c   0x0800744c   0x00000058   Code   RO         3793    i.xQueueGenericCreate  queue.o
    0x080074a4   0x080074a4   0x000001c4   Code   RO         3794    i.xQueueGenericReceive  queue.o
    0x08007668   0x08007668   0x00000098   Code   RO         3795    i.xQueueGenericReset  queue.o
    0x08007700   0x08007700   0x000001a8   Code   RO         3796    i.xQueueGenericSend  queue.o
    0x080078a8   0x080078a8   0x000000f8   Code   RO         3797    i.xQueueGenericSendFromISR  queue.o
    0x080079a0   0x080079a0   0x0000008c   Code   RO         4011    i.xTaskCheckForTimeOut  tasks.o
    0x08007a2c   0x08007a2c   0x00000060   Code   RO         4012    i.xTaskCreate       tasks.o
    0x08007a8c   0x08007a8c   0x00000020   Code   RO         4016    i.xTaskGetSchedulerState  tasks.o
    0x08007aac   0x08007aac   0x0000000c   Code   RO         4017    i.xTaskGetTickCount  tasks.o
    0x08007ab8   0x08007ab8   0x00000148   Code   RO         4019    i.xTaskIncrementTick  tasks.o
    0x08007c00   0x08007c00   0x000000c8   Code   RO         4022    i.xTaskPriorityDisinherit  tasks.o
    0x08007cc8   0x08007cc8   0x00000098   Code   RO         4023    i.xTaskRemoveFromEventList  tasks.o
    0x08007d60   0x08007d60   0x000000b0   Code   RO         4024    i.xTaskRemoveFromUnorderedEventList  tasks.o
    0x08007e10   0x08007e10   0x00000104   Code   RO         4025    i.xTaskResumeAll    tasks.o
    0x08007f14   0x08007f14   0x00000058   Code   RO         4328    i.xTimerCreateTimerTask  timers.o
    0x08007f6c   0x08007f6c   0x00000084   Code   RO         4329    i.xTimerGenericCommand  timers.o
    0x08007ff0   0x08007ff0   0x00000018   Code   RO         4950    x$fpl$basic         fz_wm.l(basic.o)
    0x08008008   0x08008008   0x00000062   Code   RO         4891    x$fpl$d2f           fz_wm.l(d2f.o)
    0x0800806a   0x0800806a   0x00000002   PAD
    0x0800806c   0x0800806c   0x00000150   Code   RO         4952    x$fpl$dadd          fz_wm.l(daddsub_clz.o)
    0x080081bc   0x080081bc   0x00000018   Code   RO         4958    x$fpl$dcmpinf       fz_wm.l(dcmpi.o)
    0x080081d4   0x080081d4   0x000002b0   Code   RO         4961    x$fpl$ddiv          fz_wm.l(ddiv.o)
    0x08008484   0x08008484   0x00000078   Code   RO         4964    x$fpl$deqf          fz_wm.l(deqf.o)
    0x080084fc   0x080084fc   0x00000078   Code   RO         4893    x$fpl$dleqf         fz_wm.l(dleqf.o)
    0x08008574   0x08008574   0x00000154   Code   RO         4895    x$fpl$dmul          fz_wm.l(dmul.o)
    0x080086c8   0x080086c8   0x0000009c   Code   RO         4966    x$fpl$dnaninf       fz_wm.l(dnaninf.o)
    0x08008764   0x08008764   0x0000000c   Code   RO         4968    x$fpl$dretinf       fz_wm.l(dretinf.o)
    0x08008770   0x08008770   0x00000016   Code   RO         4953    x$fpl$drsb          fz_wm.l(daddsub_clz.o)
    0x08008786   0x08008786   0x00000002   PAD
    0x08008788   0x08008788   0x00000198   Code   RO         4970    x$fpl$dsqrt         fz_wm.l(dsqrt_umaal.o)
    0x08008920   0x08008920   0x000001d4   Code   RO         4954    x$fpl$dsub          fz_wm.l(daddsub_clz.o)
    0x08008af4   0x08008af4   0x00000056   Code   RO         4897    x$fpl$f2d           fz_wm.l(f2d.o)
    0x08008b4a   0x08008b4a   0x0000008c   Code   RO         4972    x$fpl$fnaninf       fz_wm.l(fnaninf.o)
    0x08008bd6   0x08008bd6   0x0000000a   Code   RO         5101    x$fpl$fpinit        fz_wm.l(fpinit.o)
    0x08008be0   0x08008be0   0x0000000a   Code   RO         4974    x$fpl$fretinf       fz_wm.l(fretinf.o)
    0x08008bea   0x08008bea   0x00000000   Code   RO         4976    x$fpl$usenofp       fz_wm.l(usenofp.o)
    0x08008bea   0x08008bea   0x00000006   PAD
    0x08008bf0   0x08008bf0   0x00000050   Data   RO         4902    .constdata          m_wm.l(asin.o)
    0x08008c40   0x08008c40   0x00000098   Data   RO         4980    .constdata          m_wm.l(atan.o)
    0x08008cd8   0x08008cd8   0x00000008   Data   RO         5009    .constdata          m_wm.l(qnan.o)
    0x08008ce0   0x08008ce0   0x00000020   Data   RO         5171    Region$$Table       anon$$obj.o


    Execution Region RW_IRAM1 (Exec base: 0x20000000, Load base: 0x08008d00, Size: 0x00013b38, Max: 0x00020000, ABSOLUTE, COMPRESSED[0x00000060])

    Exec Addr    Load Addr    Size         Type   Attr      Idx    E Section Name        Object

    0x20000000   COMPRESSED   0x00000014   Data   RW          411    .data               system_stm32f4xx.o
    0x20000014   COMPRESSED   0x0000002c   Data   RW          513    .data               bmi088driver.o
    0x20000040   COMPRESSED   0x0000000a   Data   RW          648    .data               can_handle.o
    0x2000004a   COMPRESSED   0x00000002   PAD
    0x2000004c   COMPRESSED   0x00000004   Data   RW          767    .data               dr16.o
    0x20000050   COMPRESSED   0x00000004   Data   RW          844    .data               gimbal.o
    0x20000054   COMPRESSED   0x0000005e   Data   RW          909    .data               imu.o
    0x200000b2   COMPRESSED   0x00000002   PAD
    0x200000b4   COMPRESSED   0x00000010   Data   RW         1113    .data               nuc.o
    0x200000c4   COMPRESSED   0x0000000c   Data   RW         1265    .data               tim6.o
    0x200000d0   COMPRESSED   0x00000004   Data   RW         1356    .data               delay.o
    0x200000d4   COMPRESSED   0x00000010   Data   RW         2067    .data               stm32f4xx_rcc.o
    0x200000e4   COMPRESSED   0x0000003c   Data   RW         4028    .data               tasks.o
    0x20000120   COMPRESSED   0x00000014   Data   RW         4335    .data               timers.o
    0x20000134   COMPRESSED   0x00000018   Data   RW         4453    .data               heap_4.o
    0x2000014c   COMPRESSED   0x0000000c   Data   RW         4504    .data               port.o
    0x20000158   COMPRESSED   0x00000008   Data   RW         4583    .data               task_init.o
    0x20000160   COMPRESSED   0x00000004   Data   RW         4620    .data               can_send_task.o
    0x20000164   COMPRESSED   0x00000024   Data   RW         4653    .data               gimbal_task.o
    0x20000188   COMPRESSED   0x00000004   Data   RW         4703    .data               imu_task.o
    0x2000018c   COMPRESSED   0x00000004   Data   RW         4732    .data               led_task.o
    0x20000190   COMPRESSED   0x0000001c   Data   RW         4764    .data               mode_task.o
    0x200001ac   COMPRESSED   0x00000004   Data   RW         4809    .data               nuc_task.o
    0x200001b0   COMPRESSED   0x0000001c   Data   RW         4841    .data               shoot_task.o
    0x200001cc        -       0x000000b4   Zero   RW          647    .bss                can_handle.o
    0x20000280        -       0x0000005e   Zero   RW          766    .bss                dr16.o
    0x200002de   COMPRESSED   0x00000002   PAD
    0x200002e0        -       0x00000010   Zero   RW          843    .bss                gimbal.o
    0x200002f0        -       0x00000064   Zero   RW          907    .bss                imu.o
    0x20000354        -       0x00000040   Zero   RW         1112    .bss                nuc.o
    0x20000394        -       0x00000410   Zero   RW         1182    .bss                pid.o
    0x200007a4        -       0x00000040   Zero   RW         3805    .bss                queue.o
    0x200007e4        -       0x000000c8   Zero   RW         4027    .bss                tasks.o
    0x200008ac        -       0x00000028   Zero   RW         4334    .bss                timers.o
    0x200008d4        -       0x00012c00   Zero   RW         4452    .bss                heap_4.o
    0x200134d4        -       0x00000060   Zero   RW         5033    .bss                c_w.l(libspace.o)
    0x20013534   COMPRESSED   0x00000004   PAD
    0x20013538        -       0x00000200   Zero   RW         4572    HEAP                startup_stm32f40_41xxx.o
    0x20013738        -       0x00000400   Zero   RW         4571    STACK               startup_stm32f40_41xxx.o


==============================================================================

Image component sizes


      Code (inc. data)   RO Data    RW Data    ZI Data      Debug   Object Name

       176         12          0          0          0       2668   beep.o
       320         12          0          0          0        774   bmi088.o
      1552         54          0         44          0       9882   bmi088driver.o
       592         16          0          0          0       2137   can.o
       948        126          0         10        180       6508   can_handle.o
       104         32          0          4          0       1423   can_send_task.o
       196         16          0          0          0       1230   cover.o
       248         20          0          4          0       3209   delay.o
       682         48          0          4         94       6144   dr16.o
       602          6          0          0          0      13439   event_groups.o
       350         50          0          0          0       3187   flash.o
      1074         94          0          4         16       4023   gimbal.o
      1344        188          0         36          0       4419   gimbal_task.o
       692         62          0         24      76800       4523   heap_4.o
      2496        180          0         94        100       9690   imu.o
        82         22          0          4          0       1672   imu_task.o
       120         12          0          0          0       1128   laser.o
        60          6          0          0          0        543   led.o
       144         26          0          4          0       1368   led_task.o
       148          0          0          0          0       3350   list.o
        80          0          0          0          0     336317   main.o
       180         24          0          0          0       2161   misc.o
       544         96          0         28          0       3961   mode_task.o
      1416        118          0         16         64       7918   nuc.o
        88         26          0          4          0       1668   nuc_task.o
       686         10          0          0       1040       3913   pid.o
       954         92          0         12          0      11669   port.o
      1872         22          0          0         64      16317   queue.o
       248         20          0          0          0        525   shoot.o
       624        110          0         28          0       3274   shoot_task.o
        64         26        392          0       1536        864   startup_stm32f40_41xxx.o
      1654         22          0          0          0       7764   stm32f4xx_can.o
       742         58          0          0          0       8417   stm32f4xx_dma.o
        36         10          0          0          0       1176   stm32f4xx_exti.o
       426         40          0          0          0       4668   stm32f4xx_flash.o
       230          0          0          0          0       3557   stm32f4xx_gpio.o
        20          0          0          0          0       2849   stm32f4xx_it.o
       392         48          0         16          0       5969   stm32f4xx_rcc.o
       112          0          0          0          0       3618   stm32f4xx_spi.o
       592         48          0          0          0       8326   stm32f4xx_tim.o
       440          8          0          0          0       5611   stm32f4xx_usart.o
       340         32          0         20          0       1833   system_stm32f4xx.o
       120         28          0          8          0       1903   task_init.o
      3602        456          0         60        200      27402   tasks.o
       212         30          0         12          0       1518   tim6.o
      1142        118          0         20         40      17651   timers.o

    ----------------------------------------------------------------------
     28780       2424        424        460      80136     572166   Object Totals
         0          0         32          0          0          0   (incl. Generated)
        34          0          0          4          2          0   (incl. Padding)

    ----------------------------------------------------------------------

      Code (inc. data)   RO Data    RW Data    ZI Data      Debug   Library Member Name

        90          0          0          0          0          0   __dczerorl2.o
         8          0          0          0          0         68   __main.o
         0          0          0          0          0          0   __rtentry.o
        12          0          0          0          0          0   __rtentry2.o
         6          0          0          0          0          0   __rtentry4.o
        52          8          0          0          0          0   __scatter.o
        28          0          0          0          0          0   __scatter_zi.o
        22          0          0          0          0        100   _rserrno.o
        16          0          0          0          0         68   aeabi_memset.o
        18          0          0          0          0         80   exit.o
         6          0          0          0          0        152   heapauxi.o
         0          0          0          0          0          0   indicate_semi.o
         2          0          0          0          0          0   libinit.o
         6          0          0          0          0          0   libinit2.o
         2          0          0          0          0          0   libshutdown.o
         2          0          0          0          0          0   libshutdown2.o
         8          4          0          0         96         68   libspace.o
         8          4          0          0          0         68   rt_errno_addr_intlibspace.o
        68          0          0          0          0         68   rt_memclr.o
        78          0          0          0          0         80   rt_memclr_w.o
       138          0          0          0          0         68   rt_memcpy_v6.o
       100          0          0          0          0         80   rt_memcpy_w.o
         2          0          0          0          0          0   rtexit.o
        10          0          0          0          0          0   rtexit2.o
        12          4          0          0          0         68   sys_exit.o
        74          0          0          0          0         80   sys_stackheap_outer.o
         2          0          0          0          0         68   use_no_semi.o
        24          0          0          0          0        164   basic.o
        98          4          0          0          0        140   d2f.o
       826         16          0          0          0        492   daddsub_clz.o
        24          0          0          0          0        116   dcmpi.o
       688        140          0          0          0        256   ddiv.o
       120          4          0          0          0        140   deqf.o
       120          4          0          0          0        140   dleqf.o
       340         12          0          0          0        152   dmul.o
       156          4          0          0          0        140   dnaninf.o
        12          0          0          0          0        116   dretinf.o
       408         56          0          0          0        168   dsqrt_umaal.o
        86          4          0          0          0        132   f2d.o
       140          4          0          0          0        132   fnaninf.o
        10          0          0          0          0        116   fpinit.o
        10          0          0          0          0        116   fretinf.o
         0          0          0          0          0          0   usenofp.o
       864         94         80          0          0        280   asin.o
       744        106        152          0          0        352   atan.o
       512         64          0          0          0        208   atan2.o
       104         16          0          0          0        496   dunder.o
        44          0          0          0          0        248   fabs.o
        48          0          0          0          0        124   fpclassify.o
       248          0          0          0          0        152   poly.o
         0          0          8          0          0          0   qnan.o
       232          0          0          0          0        296   sqrt.o

    ----------------------------------------------------------------------
      6652        548        240          0        100       5792   Library Totals
        24          0          0          0          4          0   (incl. Padding)

    ----------------------------------------------------------------------

      Code (inc. data)   RO Data    RW Data    ZI Data      Debug   Library Name

       770         20          0          0         96       1116   c_w.l
      3062        248          0          0          0       2520   fz_wm.l
      2796        280        240          0          0       2156   m_wm.l

    ----------------------------------------------------------------------
      6652        548        240          0        100       5792   Library Totals

    ----------------------------------------------------------------------

==============================================================================


      Code (inc. data)   RO Data    RW Data    ZI Data      Debug   

     35432       2972        664        460      80236     550038   Grand Totals
     35432       2972        664         96      80236     550038   ELF Image Totals (compressed)
     35432       2972        664         96          0          0   ROM Totals

==============================================================================

    Total RO  Size (Code + RO Data)                36096 (  35.25kB)
    Total RW  Size (RW Data + ZI Data)             80696 (  78.80kB)
    Total ROM Size (Code + RO Data + RW Data)      36192 (  35.34kB)

==============================================================================

