Component: ARM Compiler 5.06 update 7 (build 960) Tool: armlink [4d3601]

==============================================================================

Section Cross References

    main.o(i.BSP_Init) refers to led.o(i.LED_Init) for LED_Init
    main.o(i.BSP_Init) refers to laser.o(i.Laser_Init) for Laser_Init
    main.o(i.BSP_Init) refers to dr16.o(i.DR16_Init) for DR16_Init
    main.o(i.BSP_Init) refers to can.o(i.CAN12_Init) for CAN12_Init
    main.o(i.BSP_Init) refers to bmi088driver.o(i.BMI088_init) for BMI088_init
    main.o(i.BSP_Init) refers to tim6.o(i.TIM6_Init) for TIM6_Init
    main.o(i.BSP_Init) refers to beep.o(i.Beep_Init) for Beep_Init
    main.o(i.BSP_Init) refers to cover.o(i.Cover_Init) for Cover_Init
    main.o(i.BSP_Init) refers to nuc.o(i.NUC_Init) for NUC_Init
    main.o(i.BSP_Init) refers to referee.o(i.Referee_Init) for Referee_Init
    main.o(i.BSP_Init) refers to gimbal.o(i.Gimbal_Init) for Gimbal_Init
    main.o(i.BSP_Init) refers to chassis.o(i.Chassis_Init) for Chassis_Init
    main.o(i.BSP_Init) refers to shoot.o(i.Shoot_Init) for Shoot_Init
    main.o(i.main) refers to misc.o(i.NVIC_PriorityGroupConfig) for NVIC_PriorityGroupConfig
    main.o(i.main) refers to delay.o(i.delay_init) for delay_init
    main.o(i.main) refers to main.o(i.BSP_Init) for BSP_Init
    main.o(i.main) refers to task_init.o(i.Task_Init) for Task_Init
    system_stm32f4xx.o(i.SystemCoreClockUpdate) refers to system_stm32f4xx.o(.data) for SystemCoreClock
    system_stm32f4xx.o(i.SystemInit) refers to system_stm32f4xx.o(i.SetSysClock) for SetSysClock
    beep.o(i.Beep_Init) refers to stm32f4xx_rcc.o(i.RCC_APB1PeriphClockCmd) for RCC_APB1PeriphClockCmd
    beep.o(i.Beep_Init) refers to stm32f4xx_rcc.o(i.RCC_AHB1PeriphClockCmd) for RCC_AHB1PeriphClockCmd
    beep.o(i.Beep_Init) refers to stm32f4xx_gpio.o(i.GPIO_PinAFConfig) for GPIO_PinAFConfig
    beep.o(i.Beep_Init) refers to stm32f4xx_gpio.o(i.GPIO_Init) for GPIO_Init
    beep.o(i.Beep_Init) refers to stm32f4xx_tim.o(i.TIM_TimeBaseInit) for TIM_TimeBaseInit
    beep.o(i.Beep_Init) refers to stm32f4xx_tim.o(i.TIM_OC3Init) for TIM_OC3Init
    beep.o(i.Beep_Init) refers to stm32f4xx_tim.o(i.TIM_OC3PreloadConfig) for TIM_OC3PreloadConfig
    beep.o(i.Beep_Init) refers to stm32f4xx_tim.o(i.TIM_ARRPreloadConfig) for TIM_ARRPreloadConfig
    beep.o(i.Beep_Init) refers to stm32f4xx_tim.o(i.TIM_Cmd) for TIM_Cmd
    bmi088.o(i.BMI088_SPI_Init) refers to stm32f4xx_rcc.o(i.RCC_AHB1PeriphClockCmd) for RCC_AHB1PeriphClockCmd
    bmi088.o(i.BMI088_SPI_Init) refers to stm32f4xx_rcc.o(i.RCC_APB2PeriphClockCmd) for RCC_APB2PeriphClockCmd
    bmi088.o(i.BMI088_SPI_Init) refers to stm32f4xx_gpio.o(i.GPIO_Init) for GPIO_Init
    bmi088.o(i.BMI088_SPI_Init) refers to stm32f4xx_gpio.o(i.GPIO_SetBits) for GPIO_SetBits
    bmi088.o(i.BMI088_SPI_Init) refers to stm32f4xx_gpio.o(i.GPIO_PinAFConfig) for GPIO_PinAFConfig
    bmi088.o(i.BMI088_SPI_Init) refers to stm32f4xx_rcc.o(i.RCC_APB2PeriphResetCmd) for RCC_APB2PeriphResetCmd
    bmi088.o(i.BMI088_SPI_Init) refers to stm32f4xx_spi.o(i.SPI_Init) for SPI_Init
    bmi088.o(i.BMI088_SPI_Init) refers to stm32f4xx_spi.o(i.SPI_Cmd) for SPI_Cmd
    bmi088driver.o(i.BMI088_ACCEL_NS_H) refers to stm32f4xx_gpio.o(i.GPIO_SetBits) for GPIO_SetBits
    bmi088driver.o(i.BMI088_ACCEL_NS_L) refers to stm32f4xx_gpio.o(i.GPIO_ResetBits) for GPIO_ResetBits
    bmi088driver.o(i.BMI088_GYRO_NS_H) refers to stm32f4xx_gpio.o(i.GPIO_SetBits) for GPIO_SetBits
    bmi088driver.o(i.BMI088_GYRO_NS_L) refers to stm32f4xx_gpio.o(i.GPIO_ResetBits) for GPIO_ResetBits
    bmi088driver.o(i.BMI088_Get_Data) refers to bmi088driver.o(i.BMI088_ACCEL_NS_L) for BMI088_ACCEL_NS_L
    bmi088driver.o(i.BMI088_Get_Data) refers to bmi088driver.o(i.BMI088_read_write_byte) for BMI088_read_write_byte
    bmi088driver.o(i.BMI088_Get_Data) refers to bmi088driver.o(i.BMI088_read_muli_reg) for BMI088_read_muli_reg
    bmi088driver.o(i.BMI088_Get_Data) refers to bmi088driver.o(i.BMI088_ACCEL_NS_H) for BMI088_ACCEL_NS_H
    bmi088driver.o(i.BMI088_Get_Data) refers to bmi088driver.o(i.BMI088_GYRO_NS_L) for BMI088_GYRO_NS_L
    bmi088driver.o(i.BMI088_Get_Data) refers to bmi088driver.o(i.BMI088_GYRO_NS_H) for BMI088_GYRO_NS_H
    bmi088driver.o(i.BMI088_Get_Data) refers to imu.o(.bss) for mpu_data
    bmi088driver.o(i.BMI088_Get_Data) refers to bmi088driver.o(.data) for BMI088_GYRO_SEN
    bmi088driver.o(i.BMI088_Offset_Cali) refers to bmi088driver.o(i.BMI088_ACCEL_NS_L) for BMI088_ACCEL_NS_L
    bmi088driver.o(i.BMI088_Offset_Cali) refers to bmi088driver.o(i.BMI088_read_write_byte) for BMI088_read_write_byte
    bmi088driver.o(i.BMI088_Offset_Cali) refers to bmi088driver.o(i.BMI088_read_muli_reg) for BMI088_read_muli_reg
    bmi088driver.o(i.BMI088_Offset_Cali) refers to bmi088driver.o(i.BMI088_ACCEL_NS_H) for BMI088_ACCEL_NS_H
    bmi088driver.o(i.BMI088_Offset_Cali) refers to bmi088driver.o(i.BMI088_GYRO_NS_L) for BMI088_GYRO_NS_L
[...]
    DMA_GetITStatus                          0x080022c5   Thumb Code    82  stm32f4xx_dma.o(i.DMA_GetITStatus)
    DMA_ITConfig                             0x08002329   Thumb Code    58  stm32f4xx_dma.o(i.DMA_ITConfig)
    DMA_Init                                 0x08002365   Thumb Code    82  stm32f4xx_dma.o(i.DMA_Init)
    DMA_SetCurrDataCounter                   0x080023bd   Thumb Code     4  stm32f4xx_dma.o(i.DMA_SetCurrDataCounter)
    DR16_DataDecode                          0x080023c1   Thumb Code   188  dr16.o(i.DR16_DataDecode)
    DR16_Init                                0x08002485   Thumb Code    16  dr16.o(i.DR16_Init)
    DR16_USART_DMA_Init                      0x08002495   Thumb Code   130  dr16.o(i.DR16_USART_DMA_Init)
    DR16_USART_Init                          0x08002525   Thumb Code   142  dr16.o(i.DR16_USART_Init)
    DR16_USART_NVIC_Init                     0x080025c1   Thumb Code    34  dr16.o(i.DR16_USART_NVIC_Init)
    DebugMon_Handler                         0x080025e3   Thumb Code     2  stm32f4xx_it.o(i.DebugMon_Handler)
    EXTI9_5_IRQHandler                       0x080025e5   Thumb Code    20  imu.o(i.EXTI9_5_IRQHandler)
    EXTI_ClearITPendingBit                   0x080025f9   Thumb Code     6  stm32f4xx_exti.o(i.EXTI_ClearITPendingBit)
    EXTI_GetITStatus                         0x08002605   Thumb Code    20  stm32f4xx_exti.o(i.EXTI_GetITStatus)
    Encoder_Data_Process                     0x0800261d   Thumb Code    30  gimbal.o(i.Encoder_Data_Process)
    FLASH_DataCacheCmd                       0x0800263d   Thumb Code    30  stm32f4xx_flash.o(i.FLASH_DataCacheCmd)
    FLASH_EraseSector                        0x08002661   Thumb Code   130  stm32f4xx_flash.o(i.FLASH_EraseSector)
    FLASH_GetStatus                          0x080026e9   Thumb Code    80  stm32f4xx_flash.o(i.FLASH_GetStatus)
    FLASH_Lock                               0x0800273d   Thumb Code    14  stm32f4xx_flash.o(i.FLASH_Lock)
    FLASH_ProgramWord                        0x08002751   Thumb Code    74  stm32f4xx_flash.o(i.FLASH_ProgramWord)
    FLASH_Unlock                             0x080027a1   Thumb Code    24  stm32f4xx_flash.o(i.FLASH_Unlock)
    FLASH_WaitForLastOperation               0x080027c5   Thumb Code    34  stm32f4xx_flash.o(i.FLASH_WaitForLastOperation)
    GPIO_Init                                0x080027e7   Thumb Code   144  stm32f4xx_gpio.o(i.GPIO_Init)
    GPIO_PinAFConfig                         0x08002877   Thumb Code    70  stm32f4xx_gpio.o(i.GPIO_PinAFConfig)
    GPIO_ReadInputDataBit                    0x080028bd   Thumb Code    18  stm32f4xx_gpio.o(i.GPIO_ReadInputDataBit)
    GPIO_ResetBits                           0x080028cf   Thumb Code     4  stm32f4xx_gpio.o(i.GPIO_ResetBits)
    GPIO_SetBits                             0x080028d3   Thumb Code     4  stm32f4xx_gpio.o(i.GPIO_SetBits)
    GPIO_ToggleBits                          0x080028d7   Thumb Code     8  stm32f4xx_gpio.o(i.GPIO_ToggleBits)
    Get_CRC16_Check_Sum                      0x080028e1   Thumb Code    46  crc.o(i.Get_CRC16_Check_Sum)
    Get_CRC8_Check_Sum                       0x08002915   Thumb Code    32  crc.o(i.Get_CRC8_Check_Sum)
    Get_Chassis_Mode                         0x08002939   Thumb Code    52  mode_task.o(i.Get_Chassis_Mode)
    Get_Chassis_RC                           0x08002975   Thumb Code    56  mode_task.o(i.Get_Chassis_RC)
    Get_Cover_Mode                           0x080029c1   Thumb Code   146  mode_task.o(i.Get_Cover_Mode)
    Get_Gimbal_Mode                          0x08002a71   Thumb Code    92  mode_task.o(i.Get_Gimbal_Mode)
    Get_Shoot_Mode                           0x08002ad5   Thumb Code   106  mode_task.o(i.Get_Shoot_Mode)
    Gimbal_Angle_Calibrate                   0x08002b4d   Thumb Code   376  gimbal.o(i.Gimbal_Angle_Calibrate)
    Gimbal_Angle_Read                        0x08002cd5   Thumb Code   116  gimbal.o(i.Gimbal_Angle_Read)
    Gimbal_AutoAim_Control                   0x08002d51   Thumb Code   700  gimbal_task.o(i.Gimbal_AutoAim_Control)
    Gimbal_Follow_Control                    0x08003045   Thumb Code   396  gimbal_task.o(i.Gimbal_Follow_Control)
    Gimbal_Init                              0x08003205   Thumb Code   560  gimbal.o(i.Gimbal_Init)
    Gimbal_Keep_Control                      0x0800348d   Thumb Code   362  gimbal_task.o(i.Gimbal_Keep_Control)
    Gimbal_Stop_Control                      0x08003625   Thumb Code    14  gimbal_task.o(i.Gimbal_Stop_Control)
    HardFault_Handler                        0x08003639   Thumb Code     4  stm32f4xx_it.o(i.HardFault_Handler)
    IMU_Ahrs_Update                          0x0800363d   Thumb Code  1834  imu.o(i.IMU_Ahrs_Update)
    IMU_Attitude_Update                      0x08003dad   Thumb Code   490  imu.o(i.IMU_Attitude_Update)
    Infrared_Sensor_Init                     0x08003fb5   Thumb Code    44  laser.o(i.Infrared_Sensor_Init)
    LED_Init                                 0x08003fe5   Thumb Code    54  led.o(i.LED_Init)
    LED_Run                                  0x08004021   Thumb Code    14  led.o(i.LED_Run)
    Laser_Init                               0x08004035   Thumb Code    58  laser.o(i.Laser_Init)
    MemManage_Handler                        0x08004075   Thumb Code     4  stm32f4xx_it.o(i.MemManage_Handler)
    NMI_Handler                              0x08004079   Thumb Code     2  stm32f4xx_it.o(i.NMI_Handler)
    NUC_Data_Decode                          0x0800407d   Thumb Code   154  nuc.o(i.NUC_Data_Decode)
    NUC_Init                                 0x08004121   Thumb Code    16  nuc.o(i.NUC_Init)
    NUC_Send_Data                            0x08004131   Thumb Code   554  nuc.o(i.NUC_Send_Data)
    NUC_USART_DMA_Init                       0x0800439d   Thumb Code   224  nuc.o(i.NUC_USART_DMA_Init)
    NUC_USART_Init                           0x0800448d   Thumb Code   174  nuc.o(i.NUC_USART_Init)
    NUC_USART_NVIC_Init                      0x08004549   Thumb Code    64  nuc.o(i.NUC_USART_NVIC_Init)
    NVIC_Init                                0x08004589   Thumb Code   106  misc.o(i.NVIC_Init)
    NVIC_PriorityGroupConfig                 0x08004601   Thumb Code    10  misc.o(i.NVIC_PriorityGroupConfig)
    Pid_Calc                                 0x08004615   Thumb Code   476  pid.o(i.Pid_Calc)
    Pid_Reset                                0x080047f5   Thumb Code   154  pid.o(i.Pid_Reset)
    Pid_Set                                  0x08004895   Thumb Code    46  pid.o(i.Pid_Set)
    RCC_AHB1PeriphClockCmd                   0x080048c5   Thumb Code    26  stm32f4xx_rcc.o(i.RCC_AHB1PeriphClockCmd)
    RCC_APB1PeriphClockCmd                   0x080048e5   Thumb Code    26  stm32f4xx_rcc.o(i.RCC_APB1PeriphClockCmd)
    RCC_APB1PeriphResetCmd                   0x08004905   Thumb Code    26  stm32f4xx_rcc.o(i.RCC_APB1PeriphResetCmd)
    RCC_APB2PeriphClockCmd                   0x08004925   Thumb Code    26  stm32f4xx_rcc.o(i.RCC_APB2PeriphClockCmd)
    RCC_APB2PeriphResetCmd                   0x08004945   Thumb Code    26  stm32f4xx_rcc.o(i.RCC_APB2PeriphResetCmd)
    RCC_GetClocksFreq                        0x08004965   Thumb Code   214  stm32f4xx_rcc.o(i.RCC_GetClocksFreq)
    RefereeInfo_Decode                       0x08004a4d   Thumb Code   326  referee_info.o(i.RefereeInfo_Decode)
    Referee_Init                             0x08004ba9   Thumb Code    16  referee.o(i.Referee_Init)
    Referee_USART_DMA_Init                   0x08004bb9   Thumb Code   128  referee.o(i.Referee_USART_DMA_Init)
    Referee_USART_Init                       0x08004c49   Thumb Code   148  referee.o(i.Referee_USART_Init)
    Referee_USART_NVIC_Init                  0x08004ce5   Thumb Code    32  referee.o(i.Referee_USART_NVIC_Init)
    SPI_Cmd                                  0x08004d05   Thumb Code    24  stm32f4xx_spi.o(i.SPI_Cmd)
    SPI_I2S_GetFlagStatus                    0x08004d1d   Thumb Code    18  stm32f4xx_spi.o(i.SPI_I2S_GetFlagStatus)
    SPI_I2S_ReceiveData                      0x08004d2f   Thumb Code     6  stm32f4xx_spi.o(i.SPI_I2S_ReceiveData)
    SPI_I2S_SendData                         0x08004d35   Thumb Code     4  stm32f4xx_spi.o(i.SPI_I2S_SendData)
    SPI_Init                                 0x08004d39   Thumb Code    60  stm32f4xx_spi.o(i.SPI_Init)
    STMFLASH_GetFlashSector                  0x08004d75   Thumb Code   116  flash.o(i.STMFLASH_GetFlashSector)
    STMFLASH_Read                            0x08004e15   Thumb Code    32  flash.o(i.STMFLASH_Read)
    STMFLASH_ReadWord                        0x08004e35   Thumb Code     6  flash.o(i.STMFLASH_ReadWord)
    STMFLASH_Write                           0x08004e3d   Thumb Code   146  flash.o(i.STMFLASH_Write)
    Shoot_Init                               0x08004fc1   Thumb Code   228  shoot.o(i.Shoot_Init)
    Shoot_Run_Control                        0x080050b9   Thumb Code   218  shoot_task.o(i.Shoot_Run_Control)
    Shoot_Run_Down_Control                   0x080051bd   Thumb Code    30  shoot_task.o(i.Shoot_Run_Down_Control)
    Shoot_Stop_Control                       0x080051e9   Thumb Code   132  shoot_task.o(i.Shoot_Stop_Control)
    SysTick_CLKSourceConfig                  0x08005281   Thumb Code    40  misc.o(i.SysTick_CLKSourceConfig)
    SysTick_Handler                          0x080052a9   Thumb Code    16  delay.o(i.SysTick_Handler)
    SystemInit                               0x080052b9   Thumb Code    88  system_stm32f4xx.o(i.SystemInit)
    TIM6_DAC_IRQHandler                      0x08005321   Thumb Code   228  tim6.o(i.TIM6_DAC_IRQHandler)
    TIM6_Init                                0x08005431   Thumb Code    86  tim6.o(i.TIM6_Init)
    TIM_ARRPreloadConfig                     0x0800548d   Thumb Code    24  stm32f4xx_tim.o(i.TIM_ARRPreloadConfig)
    TIM_ClearITPendingBit                    0x080054a5   Thumb Code     6  stm32f4xx_tim.o(i.TIM_ClearITPendingBit)
    TIM_Cmd                                  0x080054ab   Thumb Code    24  stm32f4xx_tim.o(i.TIM_Cmd)
    TIM_CtrlPWMOutputs                       0x080054c3   Thumb Code    30  stm32f4xx_tim.o(i.TIM_CtrlPWMOutputs)
    TIM_GetITStatus                          0x080054e1   Thumb Code    34  stm32f4xx_tim.o(i.TIM_GetITStatus)
    TIM_ITConfig                             0x08005503   Thumb Code    18  stm32f4xx_tim.o(i.TIM_ITConfig)
    TIM_OC1Init                              0x08005515   Thumb Code   114  stm32f4xx_tim.o(i.TIM_OC1Init)
    TIM_OC1PreloadConfig                     0x08005591   Thumb Code    18  stm32f4xx_tim.o(i.TIM_OC1PreloadConfig)
    TIM_OC3Init                              0x080055a5   Thumb Code   150  stm32f4xx_tim.o(i.TIM_OC3Init)
    TIM_OC3PreloadConfig                     0x08005645   Thumb Code    18  stm32f4xx_tim.o(i.TIM_OC3PreloadConfig)
    TIM_SetCompare1                          0x08005657   Thumb Code     4  stm32f4xx_tim.o(i.TIM_SetCompare1)
    TIM_TimeBaseInit                         0x0800565d   Thumb Code   104  stm32f4xx_tim.o(i.TIM_TimeBaseInit)
    Task_Init                                0x080056e1   Thumb Code     8  task_init.o(i.Task_Init)
    USART1_IRQHandler                        0x080056e9   Thumb Code   124  nuc.o(i.USART1_IRQHandler)
    USART3_IRQHandler                        0x08005771   Thumb Code   124  dr16.o(i.USART3_IRQHandler)
    USART6_IRQHandler                        0x080057f9   Thumb Code   330  referee.o(i.USART6_IRQHandler)
    USART_ClearFlag                          0x08005951   Thumb Code    18  stm32f4xx_usart.o(i.USART_ClearFlag)
    USART_Cmd                                0x08005963   Thumb Code    24  stm32f4xx_usart.o(i.USART_Cmd)
    USART_DMACmd                             0x0800597b   Thumb Code    18  stm32f4xx_usart.o(i.USART_DMACmd)
    USART_GetITStatus                        0x0800598d   Thumb Code    84  stm32f4xx_usart.o(i.USART_GetITStatus)
    USART_ITConfig                           0x080059e1   Thumb Code    74  stm32f4xx_usart.o(i.USART_ITConfig)
    USART_Init                               0x08005a2d   Thumb Code   204  stm32f4xx_usart.o(i.USART_Init)
    USART_ReceiveData                        0x08005b01   Thumb Code    10  stm32f4xx_usart.o(i.USART_ReceiveData)
    UsageFault_Handler                       0x08005b0b   Thumb Code     4  stm32f4xx_it.o(i.UsageFault_Handler)
    Verify_CRC16_Check_Sum                   0x08005b11   Thumb Code    60  crc.o(i.Verify_CRC16_Check_Sum)
    Verify_CRC8_Check_Sum                    0x08005b51   Thumb Code    48  crc.o(i.Verify_CRC8_Check_Sum)
    __ARM_fpclassify                         0x08005b81   Thumb Code    48  fpclassify.o(i.__ARM_fpclassify)
    __hardfp_asin                            0x08005bb1   Thumb Code   770  asin.o(i.__hardfp_asin)
    __hardfp_atan                            0x08005f11   Thumb Code   622  atan.o(i.__hardfp_atan)
    __hardfp_atan2                           0x080061e9   Thumb Code   448  atan2.o(i.__hardfp_atan2)
    __hardfp_fabs                            0x080063e9   Thumb Code    20  fabs.o(i.__hardfp_fabs)
    __hardfp_sqrt                            0x080063fd   Thumb Code   122  sqrt.o(i.__hardfp_sqrt)
    __kernel_poly                            0x08006477   Thumb Code   248  poly.o(i.__kernel_poly)
    __mathlib_dbl_infnan                     0x0800656f   Thumb Code    20  dunder.o(i.__mathlib_dbl_infnan)
    __mathlib_dbl_infnan2                    0x08006583   Thumb Code    20  dunder.o(i.__mathlib_dbl_infnan2)
    __mathlib_dbl_invalid                    0x08006599   Thumb Code    24  dunder.o(i.__mathlib_dbl_invalid)
    __mathlib_dbl_underflow                  0x080065b9   Thumb Code    24  dunder.o(i.__mathlib_dbl_underflow)
    atan                                     0x080065d9   Thumb Code    16  atan.o(i.atan)
    bit8TObit16                              0x080065f5   Thumb Code    22  referee_info.o(i.bit8TObit16)
    bit8TObit32                              0x0800660b   Thumb Code    32  referee_info.o(i.bit8TObit32)
    bmi088_accel_init                        0x0800662d   Thumb Code   290  bmi088driver.o(i.bmi088_accel_init)
    bmi088_gyro_init                         0x08006755   Thumb Code   238  bmi088driver.o(i.bmi088_gyro_init)
    can_send_task                            0x08006849   Thumb Code    58  can_send_task.o(i.can_send_task)
    can_send_task_create                     0x08006889   Thumb Code    26  can_send_task.o(i.can_send_task_create)
    chassis_task                             0x080068bd   Thumb Code   316  chassis_task.o(i.chassis_task)
    chassis_task_create                      0x08006a25   Thumb Code    26  chassis_task.o(i.chassis_task_create)
    delay_init                               0x08006a59   Thumb Code    58  delay.o(i.delay_init)
    delay_ms                                 0x08006a9d   Thumb Code    62  delay.o(i.delay_ms)
    delay_us                                 0x08006ae1   Thumb Code    68  delay.o(i.delay_us)
    delay_xms                                0x08006b29   Thumb Code    24  delay.o(i.delay_xms)
    fabs                                     0x08006b41   Thumb Code    24  fabs.o(i.fabs)
    gimbal_task                              0x08006b59   Thumb Code    90  gimbal_task.o(i.gimbal_task)
    gimbal_task_create                       0x08006bbd   Thumb Code    26  gimbal_task.o(i.gimbal_task_create)
    imu_task                                 0x08006bed   Thumb Code    34  imu_task.o(i.imu_task)
    imu_task_create                          0x08006c11   Thumb Code    26  imu_task.o(i.imu_task_create)
    inv_sqrt                                 0x08006c41   Thumb Code    48  imu.o(i.inv_sqrt)
    led_task                                 0x08006c75   Thumb Code   138  led_task.o(i.led_task)
    led_task_create                          0x08006d01   Thumb Code    24  led_task.o(i.led_task_create)
    main                                     0x08006d2d   Thumb Code    28  main.o(i.main)
    mode_task                                0x08006d49   Thumb Code    98  mode_task.o(i.mode_task)
    mode_task_create                         0x08006dc5   Thumb Code    26  mode_task.o(i.mode_task_create)
    nuc_task                                 0x08006df5   Thumb Code    26  nuc_task.o(i.nuc_task)
    nuc_task_create                          0x08006e11   Thumb Code    26  nuc_task.o(i.nuc_task_create)
    pvPortMalloc                             0x080077e5   Thumb Code   296  heap_4.o(i.pvPortMalloc)
    pvTaskIncrementMutexHeldCount            0x08007921   Thumb Code    26  tasks.o(i.pvTaskIncrementMutexHeldCount)
    pxPortInitialiseStack                    0x08007941   Thumb Code    38  port.o(i.pxPortInitialiseStack)
    shoot_task                               0x0800796d   Thumb Code    68  shoot_task.o(i.shoot_task)
    shoot_task_create                        0x080079b9   Thumb Code    24  shoot_task.o(i.shoot_task_create)
    sqrt                                     0x080079f1   Thumb Code   110  sqrt.o(i.sqrt)
    start_task                               0x08007a61   Thumb Code    60  task_init.o(i.start_task)
    start_task_create                        0x08007aa5   Thumb Code    28  task_init.o(i.start_task_create)
    uxListRemove                             0x08007ad5   Thumb Code    40  list.o(i.uxListRemove)
    uxTaskResetEventItemValue                0x08007afd   Thumb Code    24  tasks.o(i.uxTaskResetEventItemValue)
    vListInitialise                          0x08007b19   Thumb Code    26  list.o(i.vListInitialise)
    vListInitialiseItem                      0x08007b33   Thumb Code     6  list.o(i.vListInitialiseItem)
    vListInsert                              0x08007b39   Thumb Code    52  list.o(i.vListInsert)
    vListInsertEnd                           0x08007b6d   Thumb Code    24  list.o(i.vListInsertEnd)
    vPortEnterCritical                       0x08007b85   Thumb Code    76  port.o(i.vPortEnterCritical)
    vPortExitCritical                        0x08007bd9   Thumb Code    56  port.o(i.vPortExitCritical)
    vPortFree                                0x08007c15   Thumb Code   140  heap_4.o(i.vPortFree)
    vPortSetupTimerInterrupt                 0x08007ca9   Thumb Code    26  port.o(i.vPortSetupTimerInterrupt)
    vPortValidateInterruptPriority           0x08007cc9   Thumb Code   106  port.o(i.vPortValidateInterruptPriority)
    vQueueAddToRegistry                      0x08007d41   Thumb Code    38  queue.o(i.vQueueAddToRegistry)
    vQueueWaitForMessageRestricted           0x08007d6d   Thumb Code    74  queue.o(i.vQueueWaitForMessageRestricted)
    vTaskDelay                               0x08007db9   Thumb Code    82  tasks.o(i.vTaskDelay)
    vTaskDelayUntil                          0x08007e15   Thumb Code   200  tasks.o(i.vTaskDelayUntil)
    vTaskDelete                              0x08007ee9   Thumb Code   202  tasks.o(i.vTaskDelete)
    vTaskMissedYield                         0x08007fdd   Thumb Code     8  tasks.o(i.vTaskMissedYield)
    vTaskPlaceOnEventList                    0x08007fe9   Thumb Code    52  tasks.o(i.vTaskPlaceOnEventList)
    vTaskPlaceOnEventListRestricted          0x08008021   Thumb Code    60  tasks.o(i.vTaskPlaceOnEventListRestricted)
    vTaskPlaceOnUnorderedEventList           0x08008061   Thumb Code   100  tasks.o(i.vTaskPlaceOnUnorderedEventList)
    vTaskPriorityInherit                     0x080080cd   Thumb Code   164  tasks.o(i.vTaskPriorityInherit)
    vTaskSetTimeOutState                     0x0800817d   Thumb Code    38  tasks.o(i.vTaskSetTimeOutState)
    vTaskStartScheduler                      0x080081ad   Thumb Code   118  tasks.o(i.vTaskStartScheduler)
    vTaskSuspendAll                          0x08008241   Thumb Code    12  tasks.o(i.vTaskSuspendAll)
    vTaskSwitchContext                       0x08008251   Thumb Code   118  tasks.o(i.vTaskSwitchContext)
    xEventGroupCreate                        0x080082dd   Thumb Code    26  event_groups.o(i.xEventGroupCreate)
    xEventGroupSetBits                       0x080082f7   Thumb Code   206  event_groups.o(i.xEventGroupSetBits)
    xEventGroupWaitBits                      0x080083c5   Thumb Code   334  event_groups.o(i.xEventGroupWaitBits)
    xPortStartScheduler                      0x08008519   Thumb Code   288  port.o(i.xPortStartScheduler)
    xPortSysTickHandler                      0x08008655   Thumb Code    46  port.o(i.xPortSysTickHandler)
    xQueueGenericCreate                      0x08008689   Thumb Code    88  queue.o(i.xQueueGenericCreate)
    xQueueGenericReceive                     0x080086e1   Thumb Code   446  queue.o(i.xQueueGenericReceive)
    xQueueGenericReset                       0x080088a5   Thumb Code   146  queue.o(i.xQueueGenericReset)
    xQueueGenericSend                        0x0800893d   Thumb Code   420  queue.o(i.xQueueGenericSend)
    xQueueGenericSendFromISR                 0x08008ae5   Thumb Code   248  queue.o(i.xQueueGenericSendFromISR)
    xTaskCheckForTimeOut                     0x08008bdd   Thumb Code   132  tasks.o(i.xTaskCheckForTimeOut)
    xTaskCreate                              0x08008c69   Thumb Code    96  tasks.o(i.xTaskCreate)
    xTaskGetSchedulerState                   0x08008cc9   Thumb Code    24  tasks.o(i.xTaskGetSchedulerState)
    xTaskGetTickCount                        0x08008ce9   Thumb Code     6  tasks.o(i.xTaskGetTickCount)
    xTaskIncrementTick                       0x08008cf5   Thumb Code   282  tasks.o(i.xTaskIncrementTick)
    xTaskPriorityDisinherit                  0x08008e3d   Thumb Code   188  tasks.o(i.xTaskPriorityDisinherit)
    xTaskRemoveFromEventList                 0x08008f05   Thumb Code   128  tasks.o(i.xTaskRemoveFromEventList)
    xTaskRemoveFromUnorderedEventList        0x08008f9d   Thumb Code   154  tasks.o(i.xTaskRemoveFromUnorderedEventList)
    xTaskResumeAll                           0x0800904d   Thumb Code   224  tasks.o(i.xTaskResumeAll)
    xTimerCreateTimerTask                    0x08009151   Thumb Code    66  timers.o(i.xTimerCreateTimerTask)
    xTimerGenericCommand                     0x080091a9   Thumb Code   126  timers.o(i.xTimerGenericCommand)
    __aeabi_dneg                             0x0800922d   Thumb Code     0  basic.o(x$fpl$basic)
    _dneg                                    0x0800922d   Thumb Code     6  basic.o(x$fpl$basic)
    __aeabi_fneg                             0x08009233   Thumb Code     0  basic.o(x$fpl$basic)
    _fneg                                    0x08009233   Thumb Code     6  basic.o(x$fpl$basic)
    _dabs                                    0x08009239   Thumb Code     6  basic.o(x$fpl$basic)
    _fabs                                    0x0800923f   Thumb Code     6  basic.o(x$fpl$basic)
    __aeabi_d2f                              0x08009245   Thumb Code     0  d2f.o(x$fpl$d2f)
    _d2f                                     0x08009245   Thumb Code    98  d2f.o(x$fpl$d2f)
    __aeabi_dadd                             0x080092a9   Thumb Code     0  daddsub_clz.o(x$fpl$dadd)
    _dadd                                    0x080092a9   Thumb Code   332  daddsub_clz.o(x$fpl$dadd)
    __fpl_dcmp_Inf                           0x080093f9   Thumb Code    24  dcmpi.o(x$fpl$dcmpinf)
    __aeabi_ddiv                             0x08009411   Thumb Code     0  ddiv.o(x$fpl$ddiv)
    _ddiv                                    0x08009411   Thumb Code   552  ddiv.o(x$fpl$ddiv)
    __aeabi_cdcmpeq                          0x080096c1   Thumb Code     0  deqf.o(x$fpl$deqf)
    _dcmpeq                                  0x080096c1   Thumb Code   120  deqf.o(x$fpl$deqf)
    __aeabi_cdcmple                          0x08009739   Thumb Code     0  dleqf.o(x$fpl$dleqf)
    _dcmple                                  0x08009739   Thumb Code   120  dleqf.o(x$fpl$dleqf)
    __fpl_dcmple_InfNaN                      0x0800979b   Thumb Code     0  dleqf.o(x$fpl$dleqf)
    __aeabi_dmul                             0x080097b1   Thumb Code     0  dmul.o(x$fpl$dmul)
    _dmul                                    0x080097b1   Thumb Code   332  dmul.o(x$fpl$dmul)
    __fpl_dnaninf                            0x08009905   Thumb Code   156  dnaninf.o(x$fpl$dnaninf)
    __fpl_dretinf                            0x080099a1   Thumb Code    12  dretinf.o(x$fpl$dretinf)
    __aeabi_drsub                            0x080099ad   Thumb Code     0  daddsub_clz.o(x$fpl$drsb)
    _drsb                                    0x080099ad   Thumb Code    22  daddsub_clz.o(x$fpl$drsb)
    _dsqrt                                   0x080099c5   Thumb Code   404  dsqrt_umaal.o(x$fpl$dsqrt)
    __aeabi_dsub                             0x08009b5d   Thumb Code     0  daddsub_clz.o(x$fpl$dsub)
    _dsub                                    0x08009b5d   Thumb Code   464  daddsub_clz.o(x$fpl$dsub)
    __aeabi_f2d                              0x08009d31   Thumb Code     0  f2d.o(x$fpl$f2d)
    _f2d                                     0x08009d31   Thumb Code    86  f2d.o(x$fpl$f2d)
    __fpl_fnaninf                            0x08009d87   Thumb Code   140  fnaninf.o(x$fpl$fnaninf)
    _fp_init                                 0x08009e13   Thumb Code    10  fpinit.o(x$fpl$fpinit)
    __fplib_config_fpu_vfp                   0x08009e1b   Thumb Code     0  fpinit.o(x$fpl$fpinit)
    __fplib_config_pureend_doubles           0x08009e1b   Thumb Code     0  fpinit.o(x$fpl$fpinit)
    __fpl_fretinf                            0x08009e1d   Thumb Code    10  fretinf.o(x$fpl$fretinf)
    CRC8_INIT                                0x08009e26   Data           1  crc.o(.constdata)
    __I$use$fp                               0x08009e26   Number         0  usenofp.o(x$fpl$usenofp)
    CRC8_TAB                                 0x08009e27   Data         256  crc.o(.constdata)
    wCRC_Table                               0x08009f28   Data         512  crc.o(.constdata)
    __mathlib_zero                           0x0800a210   Data           8  qnan.o(.constdata)
    Region$$Table$$Base                      0x0800a218   Number         0  anon$$obj.o(Region$$Table)
    Region$$Table$$Limit                     0x0800a238   Number         0  anon$$obj.o(Region$$Table)
    SystemCoreClock                          0x20000000   Data           4  system_stm32f4xx.o(.data)
    AHBPrescTable                            0x20000004   Data          16  system_stm32f4xx.o(.data)
    BMI088_ACCEL_SEN                         0x20000014   Data           4  bmi088driver.o(.data)
    BMI088_GYRO_SEN                          0x20000018   Data           4  bmi088driver.o(.data)
    CAN1_Signal                              0x20000040   Data           4  can_handle.o(.data)
    CAN2_Signal                              0x20000044   Data           4  can_handle.o(.data)
    CAN1_Tx_Message_Flag                     0x20000048   Data           1  can_handle.o(.data)
    CAN2_Tx_Message_Flag                     0x20000049   Data           1  can_handle.o(.data)
    Storage_Num                              0x2000004c   Data           4  can_handle.o(.data)
    Storage_Angle                            0x20000050   Data           4  can_handle.o(.data)
    Storage_Init_Flag                        0x20000054   Data           4  can_handle.o(.data)
    Storage_Init_Angle                       0x20000058   Data           4  can_handle.o(.data)
    CRC_INIT                                 0x2000005c   Data           2  crc.o(.data)
    DR16_Signal                              0x20000060   Data           4  dr16.o(.data)
    Down_To_Up_Data                          0x20000064   Data           8  dual_board.o(.data)
    Origin_Init_Yaw_Angle                    0x2000006c   Data           2  gimbal.o(.data)
    Origin_Init_Pitch_Angle                  0x2000006e   Data           2  gimbal.o(.data)
    q0                                       0x20000070   Data           4  imu.o(.data)
    q1                                       0x20000074   Data           4  imu.o(.data)
    q2                                       0x20000078   Data           4  imu.o(.data)
    q3                                       0x2000007c   Data           4  imu.o(.data)
    exInt                                    0x20000080   Data           4  imu.o(.data)
    eyInt                                    0x20000084   Data           4  imu.o(.data)
    ezInt                                    0x20000088   Data           4  imu.o(.data)
    last_update                              0x200000b0   Data           4  imu.o(.data)
    now_update                               0x200000b4   Data           4  imu.o(.data)
    ist_buff                                 0x200000c8   Data           6  imu.o(.data)
    Yaw_Angle_NUC                            0x200000d0   Data           4  nuc.o(.data)
    Pitch_Angle_NUC                          0x200000d4   Data           4  nuc.o(.data)
    Yaw_Speed_NUC                            0x200000d8   Data           4  nuc.o(.data)
    Pitch_Speed_NUC                          0x200000dc   Data           4  nuc.o(.data)
    Chassis_Speed_Real                       0x200000e0   Data           4  nuc.o(.data)
    buff_data                                0x200000e4   Data           1  referee_info.o(.data)
    real_shoot_data                          0x200000e5   Data           7  referee_info.o(.data)
    bullet_remaining                         0x200000ec   Data           6  referee_info.o(.data)
    length                                   0x200000f2   Data           2  referee_info.o(.data)
    imu_tick_counts                          0x200000f4   Data           4  tim6.o(.data)
    Yaw_Angle                                0x200000f8   Data           4  tim6.o(.data)
    g_z                                      0x200000fc   Data           4  tim6.o(.data)
    yaw_angle                                0x20000100   Data           4  tim6.o(.data)
    pxCurrentTCB                             0x20000118   Data           4  tasks.o(.data)
    StartTask_Handler                        0x2000018c   Data           4  task_init.o(.data)
    EventGroupHandler                        0x20000190   Data           4  task_init.o(.data)
    CAN_SEND_Task_Handler                    0x20000194   Data           4  can_send_task.o(.data)
    CHASSIS_Task_Handler                     0x20000198   Data           4  chassis_task.o(.data)
    Chassis_Mode                             0x2000019c   Data           1  chassis_task.o(.data)
    storage_time                             0x200001a0   Data           4  chassis_task.o(.data)
    left_status                              0x200001a4   Data           4  chassis_task.o(.data)
    right_status                             0x200001a8   Data           4  chassis_task.o(.data)
    move_direction                           0x200001ac   Data           4  chassis_task.o(.data)
    move_direction_last                      0x200001b0   Data           4  chassis_task.o(.data)
    rand_move_position                       0x200001b4   Data           4  chassis_task.o(.data)
    rand_once_flag                           0x200001b8   Data           4  chassis_task.o(.data)
    round_time                               0x200001bc   Data           4  chassis_task.o(.data)
    GIMBAL_Task_Handler                      0x200001c0   Data           4  gimbal_task.o(.data)
    Gimbal_Mode                              0x200001c4   Data           1  gimbal_task.o(.data)
    Yaw_Aim_Angle                            0x200001c8   Data           4  gimbal_task.o(.data)
    Yaw_Angle_Max                            0x200001cc   Data           4  gimbal_task.o(.data)
    Yaw_Angle_Min                            0x200001d0   Data           4  gimbal_task.o(.data)
    Pitch_Aim_Angle                          0x200001d4   Data           4  gimbal_task.o(.data)
    Pitch_Angle_Max                          0x200001d8   Data           4  gimbal_task.o(.data)
    Pitch_Angle_Min                          0x200001dc   Data           4  gimbal_task.o(.data)
    Pitch_Speed                              0x200001e0   Data           4  gimbal_task.o(.data)
    Yaw_Speed                                0x200001e4   Data           4  gimbal_task.o(.data)
    IMU_Task_Handler                         0x200001e8   Data           4  imu_task.o(.data)
    LED_Task_Handler                         0x200001ec   Data           4  led_task.o(.data)
    MODE_Task_Handler                        0x200001f0   Data           4  mode_task.o(.data)
    Cover_Open_Flag                          0x200001f4   Data           4  mode_task.o(.data)
    Shoot_Run_Flag                           0x200001f8   Data           4  mode_task.o(.data)
    Chassis_Rotate_Flag                      0x200001fc   Data           4  mode_task.o(.data)
    Chassis_Status                           0x20000200   Data           1  mode_task.o(.data)
    Shoot_Ready_Flag                         0x20000204   Data           4  mode_task.o(.data)
    Cover_Ready_Flag                         0x20000208   Data           4  mode_task.o(.data)
    NUC_Task_Handler                         0x2000020c   Data           4  nuc_task.o(.data)
    Shoot_Mode                               0x20000210   Data           1  shoot_task.o(.data)
    SHOOT_Task_Handler                       0x20000214   Data           4  shoot_task.o(.data)
    Cover_Mode                               0x20000218   Data           1  shoot_task.o(.data)
    Shoot_Frequency_Speed                    0x2000021c   Data           4  shoot_task.o(.data)
    Cover_Value                              0x20000220   Data           4  shoot_task.o(.data)
    shoot_speed_test                         0x20000224   Data           4  shoot_task.o(.data)
    Block_Time                               0x20000228   Data           4  shoot_task.o(.data)
    Block_Reverse_Time                       0x2000022c   Data           4  shoot_task.o(.data)
    CAN_Chassis                              0x20000230   Data          72  can_handle.o(.bss)
    CAN_Storage                              0x20000278   Data          18  can_handle.o(.bss)
    CAN_Gimbal                               0x2000028a   Data          36  can_handle.o(.bss)
    CAN_Shoot                                0x200002ae   Data          36  can_handle.o(.bss)
    CAN_Trigger                              0x200002d2   Data          36  can_handle.o(.bss)
    CAN2_Rx_Message                          0x200002f8   Data          20  can_handle.o(.bss)
    DBUS                                     0x20000330   Data          58  dr16.o(.bss)
    Up_To_Down_Data                          0x2000036a   Data          20  dual_board.o(.bss)
    Angle_Init                               0x20000380   Data          16  gimbal.o(.bss)
    mpu_buff                                 0x20000390   Data          14  imu.o(.bss)
    mpu_data                                 0x2000039e   Data          32  imu.o(.bss)
    imu                                      0x200003c0   Data          52  imu.o(.bss)
    NUC_rx_buff                              0x200003f4   Data          20  nuc.o(.bss)
    NUC_tx_buff                              0x20000408   Data          23  nuc.o(.bss)
    NUC_Data                                 0x20000420   Data          20  nuc.o(.bss)
    PID_Chassis                              0x20000434   Data         320  pid.o(.bss)
    PID_Storage_Angle                        0x20000574   Data          80  pid.o(.bss)
    PID_Storage_Speed                        0x200005c4   Data          80  pid.o(.bss)
    PID_Gimbal_Angle                         0x20000614   Data         160  pid.o(.bss)
    PID_Gimbal_Speed                         0x200006b4   Data         160  pid.o(.bss)
    PID_Gimbal_Angle_Auto                    0x20000754   Data         160  pid.o(.bss)
    PID_Gimbal_Speed_Auto                    0x200007f4   Data         160  pid.o(.bss)
    PID_Chassis_Omega                        0x20000894   Data          80  pid.o(.bss)
    PID_Shoot                                0x200008e4   Data         160  pid.o(.bss)
    PID_Trigger                              0x20000984   Data         160  pid.o(.bss)
    Usart_Referee_Rx_Buf                     0x20000a24   Data        2048  referee.o(.bss)
    game_robot_state                         0x20001224   Data          27  referee_info.o(.bss)
    power_heat_data                          0x2000123f   Data          16  referee_info.o(.bss)
    xQueueRegistry                           0x20001250   Data          64  queue.o(.bss)
    Chassis_Speed                            0x20013f80   Data          20  chassis_task.o(.bss)
    rc                                       0x20013f94   Data          12  chassis_task.o(.bss)
    keyboard                                 0x20013fa0   Data          12  chassis_task.o(.bss)
    _random_number_data                      0x20013fac   Data         228  rand.o(.bss)
    __libspace_start                         0x20014090   Data          96  libspace.o(.bss)
    __temporary_stack_top$libspace           0x200140f0   Data           0  libspace.o(.bss)



==============================================================================

Memory Map of the image

  Image Entry point : 0x08000189

  Load Region LR_IROM1 (Base: 0x08000000, Size: 0x0000a468, Max: 0x00100000, ABSOLUTE, COMPRESSED[0x0000a2b0])

    Execution Region ER_IROM1 (Exec base: 0x08000000, Load base: 0x08000000, Size: 0x0000a238, Max: 0x00100000, ABSOLUTE)

    Exec Addr    Load Addr    Size         Type   Attr      Idx    E Section Name        Object

    0x08000000   0x08000000   0x00000188   Data   RO         4755    RESET               startup_stm32f40_41xxx.o
    0x08000188   0x08000188   0x00000008   Code   RO         5154  * !!!main             c_w.l(__main.o)
    0x08000190   0x08000190   0x00000034   Code   RO         5436    !!!scatter          c_w.l(__scatter.o)
    0x080001c4   0x080001c4   0x0000003a   Code   RO         5434    !!dczerorl          c_w.l(__dczerorl.o)
    0x080001fe   0x080001fe   0x00000002   PAD
    0x08000200   0x08000200   0x0000001c   Code   RO         5438    !!handler_zi        c_w.l(__scatter_zi.o)
    0x0800021c   0x0800021c   0x00000002   Code   RO         5358    .ARM.Collect$$libinit$$00000000  c_w.l(libinit.o)
    0x0800021e   0x0800021e   0x00000004   Code   RO         5219    .ARM.Collect$$libinit$$00000001  c_w.l(libinit2.o)
    0x08000222   0x08000222   0x00000000   Code   RO         5222    .ARM.Collect$$libinit$$00000004  c_w.l(libinit2.o)
    0x08000222   0x08000222   0x00000000   Code   RO         5225    .ARM.Collect$$libinit$$0000000A  c_w.l(libinit2.o)
    0x08000222   0x08000222   0x00000000   Code   RO         5227    .ARM.Collect$$libinit$$0000000C  c_w.l(libinit2.o)
    0x08000222   0x08000222   0x00000004   Code   RO         5228    .ARM.Collect$$libinit$$0000000D  c_w.l(libinit2.o)
    0x08000226   0x08000226   0x00000000   Code   RO         5229    .ARM.Collect$$libinit$$0000000E  c_w.l(libinit2.o)
    0x08000226   0x08000226   0x00000000   Code   RO         5232    .ARM.Collect$$libinit$$00000011  c_w.l(libinit2.o)
    0x08000226   0x08000226   0x00000000   Code   RO         5234    .ARM.Collect$$libinit$$00000013  c_w.l(libinit2.o)
    0x08000226   0x08000226   0x00000000   Code   RO         5236    .ARM.Collect$$libinit$$00000015  c_w.l(libinit2.o)
    0x08000226   0x08000226   0x00000000   Code   RO         5238    .ARM.Collect$$libinit$$00000017  c_w.l(libinit2.o)
    0x08000226   0x08000226   0x00000000   Code   RO         5240    .ARM.Collect$$libinit$$00000019  c_w.l(libinit2.o)
    0x08000226   0x08000226   0x00000000   Code   RO         5242    .ARM.Collect$$libinit$$0000001B  c_w.l(libinit2.o)
    0x08000226   0x08000226   0x00000000   Code   RO         5244    .ARM.Collect$$libinit$$0000001D  c_w.l(libinit2.o)
    0x08000226   0x08000226   0x00000000   Code   RO         5246    .ARM.Collect$$libinit$$0000001F  c_w.l(libinit2.o)
    0x08000226   0x08000226   0x00000000   Code   RO         5248    .ARM.Collect$$libinit$$00000021  c_w.l(libinit2.o)
    0x08000226   0x08000226   0x00000000   Code   RO         5250    .ARM.Collect$$libinit$$00000023  c_w.l(libinit2.o)
    0x08000226   0x08000226   0x00000000   Code   RO         5252    .ARM.Collect$$libinit$$00000025  c_w.l(libinit2.o)
    0x08000226   0x08000226   0x00000000   Code   RO         5256    .ARM.Collect$$libinit$$0000002C  c_w.l(libinit2.o)
    0x08000226   0x08000226   0x00000000   Code   RO         5258    .ARM.Collect$$libinit$$0000002E  c_w.l(libinit2.o)
    0x08000226   0x08000226   0x00000000   Code   RO         5260    .ARM.Collect$$libinit$$00000030  c_w.l(libinit2.o)
    0x08000226   0x08000226   0x00000000   Code   RO         5262    .ARM.Collect$$libinit$$00000032  c_w.l(libinit2.o)
    0x08000226   0x08000226   0x00000002   Code   RO         5263    .ARM.Collect$$libinit$$00000033  c_w.l(libinit2.o)
    0x08000228   0x08000228   0x00000002   Code   RO         5393    .ARM.Collect$$libshutdown$$00000000  c_w.l(libshutdown.o)
    0x0800022a   0x0800022a   0x00000000   Code   RO         5399    .ARM.Collect$$libshutdown$$00000002  c_w.l(libshutdown2.o)
    0x0800022a   0x0800022a   0x00000000   Code   RO         5401    .ARM.Collect$$libshutdown$$00000004  c_w.l(libshutdown2.o)
    0x0800022a   0x0800022a   0x00000000   Code   RO         5403    .ARM.Collect$$libshutdown$$00000006  c_w.l(libshutdown2.o)
    0x0800022a   0x0800022a   0x00000000   Code   RO         5406    .ARM.Collect$$libshutdown$$00000009  c_w.l(libshutdown2.o)
    0x0800022a   0x0800022a   0x00000000   Code   RO         5409    .ARM.Collect$$libshutdown$$0000000C  c_w.l(libshutdown2.o)
    0x0800022a   0x0800022a   0x00000000   Code   RO         5411    .ARM.Collect$$libshutdown$$0000000E  c_w.l(libshutdown2.o)
    0x0800022a   0x0800022a   0x00000000   Code   RO         5414    .ARM.Collect$$libshutdown$$00000011  c_w.l(libshutdown2.o)
    0x0800022a   0x0800022a   0x00000002   Code   RO         5415    .ARM.Collect$$libshutdown$$00000012  c_w.l(libshutdown2.o)
    0x0800022c   0x0800022c   0x00000000   Code   RO         5214    .ARM.Collect$$rtentry$$00000000  c_w.l(__rtentry.o)
    0x0800022c   0x0800022c   0x00000000   Code   RO         5319    .ARM.Collect$$rtentry$$00000002  c_w.l(__rtentry2.o)
    0x0800022c   0x0800022c   0x00000006   Code   RO         5331    .ARM.Collect$$rtentry$$00000004  c_w.l(__rtentry4.o)
    0x08000232   0x08000232   0x00000000   Code   RO         5321    .ARM.Collect$$rtentry$$00000009  c_w.l(__rtentry2.o)
    0x08000232   0x08000232   0x00000004   Code   RO         5322    .ARM.Collect$$rtentry$$0000000A  c_w.l(__rtentry2.o)
    0x08000236   0x08000236   0x00000000   Code   RO         5324    .ARM.Collect$$rtentry$$0000000C  c_w.l(__rtentry2.o)
    0x08000236   0x08000236   0x00000008   Code   RO         5325    .ARM.Collect$$rtentry$$0000000D  c_w.l(__rtentry2.o)
    0x0800023e   0x0800023e   0x00000002   Code   RO         5361    .ARM.Collect$$rtexit$$00000000  c_w.l(rtexit.o)
    0x08000240   0x08000240   0x00000000   Code   RO         5373    .ARM.Collect$$rtexit$$00000002  c_w.l(rtexit2.o)
    0x08000240   0x08000240   0x00000004   Code   RO         5374    .ARM.Collect$$rtexit$$00000003  c_w.l(rtexit2.o)
    0x08000244   0x08000244   0x00000006   Code   RO         5375    .ARM.Collect$$rtexit$$00000004  c_w.l(rtexit2.o)
    0x0800024a   0x0800024a   0x00000002   PAD
    0x0800024c   0x0800024c   0x000000b6   Code   RO         4676    .emb_text           port.o
    0x08000302   0x08000302   0x00000002   PAD
    0x08000304   0x08000304   0x00000034   Code   RO         5139    .emb_text           c_w.l(rand.o)
    0x08000338   0x08000338   0x00000040   Code   RO         4756    .text               startup_stm32f40_41xxx.o
    0x08000378   0x08000378   0x0000003c   Code   RO         5140    .text               c_w.l(rand.o)
    0x080003b4   0x080003b4   0x0000008a   Code   RO         5144    .text               c_w.l(rt_memcpy_v6.o)
    0x0800043e   0x0800043e   0x00000010   Code   RO         5146    .text               c_w.l(aeabi_memset.o)
    0x0800044e   0x0800044e   0x00000044   Code   RO         5148    .text               c_w.l(rt_memclr.o)
    0x08000492   0x08000492   0x0000004e   Code   RO         5150    .text               c_w.l(rt_memclr_w.o)
    0x080004e0   0x080004e0   0x00000006   Code   RO         5152    .text               c_w.l(heapauxi.o)
    0x080004e6   0x080004e6   0x00000016   Code   RO         5215    .text               c_w.l(_rserrno.o)
    0x080004fc   0x080004fc   0x00000064   Code   RO         5217    .text               c_w.l(rt_memcpy_w.o)
    0x08000560   0x08000560   0x00000008   Code   RO         5336    .text               c_w.l(rt_errno_addr_intlibspace.o)
    0x08000568   0x08000568   0x00000008   Code   RO         5342    .text               c_w.l(libspace.o)
    0x08000570   0x08000570   0x0000004a   Code   RO         5345    .text               c_w.l(sys_stackheap_outer.o)
    0x080005ba   0x080005ba   0x00000012   Code   RO         5347    .text               c_w.l(exit.o)
    0x080005cc   0x080005cc   0x00000002   Code   RO         5369    .text               c_w.l(use_no_semi.o)
    0x080005ce   0x080005ce   0x00000000   Code   RO         5371    .text               c_w.l(indicate_semi.o)
    0x080005ce   0x080005ce   0x00000002   PAD
    0x080005d0   0x080005d0   0x0000000c   Code   RO         5385    .text               c_w.l(sys_exit.o)
    0x080005dc   0x080005dc   0x00000010   Code   RO          933    i.Angle_Correct_Get  gimbal.o
    0x080005ec   0x080005ec   0x00000010   Code   RO          494    i.BMI088_ACCEL_NS_H  bmi088driver.o
    0x080005fc   0x080005fc   0x00000010   Code   RO          495    i.BMI088_ACCEL_NS_L  bmi088driver.o
    0x0800060c   0x0800060c   0x00000010   Code   RO          496    i.BMI088_GYRO_NS_H  bmi088driver.o
    0x0800061c   0x0800061c   0x00000010   Code   RO          497    i.BMI088_GYRO_NS_L  bmi088driver.o
    0x0800062c   0x0800062c   0x000001b4   Code   RO          498    i.BMI088_Get_Data   bmi088driver.o
    0x080007e0   0x080007e0   0x00000154   Code   RO          499    i.BMI088_Offset_Cali  bmi088driver.o
    0x08000934   0x08000934   0x00000140   Code   RO          474    i.BMI088_SPI_Init   bmi088.o
    0x08000a74   0x08000a74   0x00000022   Code   RO          500    i.BMI088_init       bmi088driver.o
    0x08000a96   0x08000a96   0x00000026   Code   RO          502    i.BMI088_read_muli_reg  bmi088driver.o
    0x08000abc   0x08000abc   0x00000018   Code   RO          503    i.BMI088_read_single_reg  bmi088driver.o
    0x08000ad4   0x08000ad4   0x00000038   Code   RO          504    i.BMI088_read_write_byte  bmi088driver.o
    0x08000b0c   0x08000b0c   0x00000014   Code   RO          506    i.BMI088_write_single_reg  bmi088driver.o
    0x08000b20   0x08000b20   0x0000003c   Code   RO            3    i.BSP_Init          main.o
    0x08000b5c   0x08000b5c   0x00000010   Code   RO          442    i.Beep_Ctrl         beep.o
    0x08000b6c   0x08000b6c   0x000000a0   Code   RO          443    i.Beep_Init         beep.o
    0x08000c0c   0x08000c0c   0x00000080   Code   RO         5085    i.Bullet_Block_Control  shoot_task.o
    0x08000c8c   0x08000c8c   0x00000004   Code   RO          326    i.BusFault_Handler  stm32f4xx_it.o
    0x08000c90   0x08000c90   0x0000000c   Code   RO          603    i.CAN12_Init        can.o
    0x08000c9c   0x08000c9c   0x0000011c   Code   RO          604    i.CAN1_Init         can.o
    0x08000db8   0x08000db8   0x000000d8   Code   RO          635    i.CAN1_RX0_IRQHandler  can_handle.o
    0x08000e90   0x08000e90   0x00000094   Code   RO          636    i.CAN1_TX_Chassis   can_handle.o
    0x08000f24   0x08000f24   0x000000a4   Code   RO          637    i.CAN1_TX_Gimbal    can_handle.o
    0x08000fc8   0x08000fc8   0x00000024   Code   RO          638    i.CAN1_TX_IRQHandler  can_handle.o
    0x08000fec   0x08000fec   0x00000090   Code   RO          639    i.CAN1_TX_Shoot     can_handle.o
    0x0800107c   0x0800107c   0x00000128   Code   RO          605    i.CAN2_Init         can.o
    0x080011a4   0x080011a4   0x00000064   Code   RO          640    i.CAN2_RX0_IRQHandler  can_handle.o
    0x08001208   0x08001208   0x00000100   Code   RO          641    i.CAN2_TX_DualBoard  can_handle.o
    0x08001308   0x08001308   0x00000024   Code   RO          642    i.CAN2_TX_IRQHandler  can_handle.o
    0x0800132c   0x0800132c   0x000000a8   Code   RO         1625    i.CAN_ClearITPendingBit  stm32f4xx_can.o
    0x080013d4   0x080013d4   0x00000050   Code   RO          643    i.CAN_Data_Decode   can_handle.o
    0x08001424   0x08001424   0x00000038   Code   RO         1627    i.CAN_DeInit        stm32f4xx_can.o
    0x0800145c   0x0800145c   0x00000108   Code   RO         1629    i.CAN_FilterInit    stm32f4xx_can.o
    0x08001564   0x08001564   0x00000120   Code   RO         1631    i.CAN_GetITStatus   stm32f4xx_can.o
    0x08001684   0x08001684   0x00000012   Code   RO         1635    i.CAN_ITConfig      stm32f4xx_can.o
    0x08001696   0x08001696   0x00000114   Code   RO         1636    i.CAN_Init          stm32f4xx_can.o
    0x080017aa   0x080017aa   0x000000f0   Code   RO         1639    i.CAN_Receive       stm32f4xx_can.o
    0x0800189a   0x0800189a   0x00000002   PAD
    0x0800189c   0x0800189c   0x0000007c   Code   RO          644    i.CAN_Storage_Angle_Decode  can_handle.o
    0x08001918   0x08001918   0x00000020   Code   RO         1642    i.CAN_StructInit    stm32f4xx_can.o
    0x08001938   0x08001938   0x00000126   Code   RO         1644    i.CAN_Transmit      stm32f4xx_can.o
    0x08001a5e   0x08001a5e   0x00000002   PAD
    0x08001a60   0x08001a60   0x0000020c   Code   RO         4829    i.Chassis_Auto_Control  chassis_task.o
    0x08001c6c   0x08001c6c   0x000000b0   Code   RO         4830    i.Chassis_Follow_Control  chassis_task.o
    0x08001d1c   0x08001d1c   0x0000012c   Code   RO          717    i.Chassis_Init      chassis.o
    0x08001e48   0x08001e48   0x00000108   Code   RO         4831    i.Chassis_Speed_Calc  chassis_task.o
    0x08001f50   0x08001f50   0x0000007c   Code   RO         4832    i.Chassis_Stop_Control  chassis_task.o
    0x08001fcc   0x08001fcc   0x00000012   Code   RO         1647    i.CheckITStatus     stm32f4xx_can.o
    0x08001fde   0x08001fde   0x00000002   PAD
    0x08001fe0   0x08001fe0   0x00000018   Code   RO          737    i.Cover_Init        cover.o
    0x08001ff8   0x08001ff8   0x000000ac   Code   RO          738    i.Cover_PWM_Init    cover.o
    0x080020a4   0x080020a4   0x00000030   Code   RO         1197    i.DMA2_Stream7_IRQHandler  nuc.o
    0x080020d4   0x080020d4   0x00000034   Code   RO         1787    i.DMA_ClearITPendingBit  stm32f4xx_dma.o
    0x08002108   0x08002108   0x00000016   Code   RO         1788    i.DMA_Cmd           stm32f4xx_dma.o
    0x0800211e   0x0800211e   0x00000002   PAD
    0x08002120   0x08002120   0x00000158   Code   RO         1789    i.DMA_DeInit        stm32f4xx_dma.o
    0x08002278   0x08002278   0x00000016   Code   RO         1790    i.DMA_DoubleBufferModeCmd  stm32f4xx_dma.o
    0x0800228e   0x0800228e   0x00000018   Code   RO         1791    i.DMA_DoubleBufferModeConfig  stm32f4xx_dma.o
    0x080022a6   0x080022a6   0x00000008   Code   RO         1794    i.DMA_GetCurrDataCounter  stm32f4xx_dma.o
    0x080022ae   0x080022ae   0x00000014   Code   RO         1795    i.DMA_GetCurrentMemoryTarget  stm32f4xx_dma.o
    0x080022c2   0x080022c2   0x00000002   PAD
    0x080022c4   0x080022c4   0x00000064   Code   RO         1798    i.DMA_GetITStatus   stm32f4xx_dma.o
    0x08002328   0x08002328   0x0000003a   Code   RO         1799    i.DMA_ITConfig      stm32f4xx_dma.o
    0x08002362   0x08002362   0x00000002   PAD
    0x08002364   0x08002364   0x00000058   Code   RO         1800    i.DMA_Init          stm32f4xx_dma.o
    0x080023bc   0x080023bc   0x00000004   Code   RO         1803    i.DMA_SetCurrDataCounter  stm32f4xx_dma.o
    0x080023c0   0x080023c0   0x000000c4   Code   RO          817    i.DR16_DataDecode   dr16.o
    0x08002484   0x08002484   0x00000010   Code   RO          818    i.DR16_Init         dr16.o
    0x08002494   0x08002494   0x00000090   Code   RO          819    i.DR16_USART_DMA_Init  dr16.o
    0x08002524   0x08002524   0x0000009c   Code   RO          820    i.DR16_USART_Init   dr16.o
    0x080025c0   0x080025c0   0x00000022   Code   RO          821    i.DR16_USART_NVIC_Init  dr16.o
    0x080025e2   0x080025e2   0x00000002   Code   RO          327    i.DebugMon_Handler  stm32f4xx_it.o
    0x080025e4   0x080025e4   0x00000014   Code   RO          981    i.EXTI9_5_IRQHandler  imu.o
    0x080025f8   0x080025f8   0x0000000c   Code   RO         1915    i.EXTI_ClearITPendingBit  stm32f4xx_exti.o
    0x08002604   0x08002604   0x00000018   Code   RO         1919    i.EXTI_GetITStatus  stm32f4xx_exti.o
    0x0800261c   0x0800261c   0x0000001e   Code   RO          934    i.Encoder_Data_Process  gimbal.o
    0x0800263a   0x0800263a   0x00000002   PAD
    0x0800263c   0x0800263c   0x00000024   Code   RO         3563    i.FLASH_DataCacheCmd  stm32f4xx_flash.o
    0x08002660   0x08002660   0x00000088   Code   RO         3568    i.FLASH_EraseSector  stm32f4xx_flash.o
    0x080026e8   0x080026e8   0x00000054   Code   RO         3570    i.FLASH_GetStatus   stm32f4xx_flash.o
    0x0800273c   0x0800273c   0x00000014   Code   RO         3574    i.FLASH_Lock        stm32f4xx_flash.o
    0x08002750   0x08002750   0x00000050   Code   RO         3598    i.FLASH_ProgramWord  stm32f4xx_flash.o
    0x080027a0   0x080027a0   0x00000024   Code   RO         3600    i.FLASH_Unlock      stm32f4xx_flash.o
    0x080027c4   0x080027c4   0x00000022   Code   RO         3601    i.FLASH_WaitForLastOperation  stm32f4xx_flash.o
    0x080027e6   0x080027e6   0x00000090   Code   RO         1977    i.GPIO_Init         stm32f4xx_gpio.o
    0x08002876   0x08002876   0x00000046   Code   RO         1978    i.GPIO_PinAFConfig  stm32f4xx_gpio.o
    0x080028bc   0x080028bc   0x00000012   Code   RO         1981    i.GPIO_ReadInputDataBit  stm32f4xx_gpio.o
    0x080028ce   0x080028ce   0x00000004   Code   RO         1984    i.GPIO_ResetBits    stm32f4xx_gpio.o
    0x080028d2   0x080028d2   0x00000004   Code   RO         1985    i.GPIO_SetBits      stm32f4xx_gpio.o
    0x080028d6   0x080028d6   0x00000008   Code   RO         1987    i.GPIO_ToggleBits   stm32f4xx_gpio.o
    0x080028de   0x080028de   0x00000002   PAD
    0x080028e0   0x080028e0   0x00000034   Code   RO          765    i.Get_CRC16_Check_Sum  crc.o
    0x08002914   0x08002914   0x00000024   Code   RO          766    i.Get_CRC8_Check_Sum  crc.o
    0x08002938   0x08002938   0x0000003c   Code   RO         4996    i.Get_Chassis_Mode  mode_task.o
    0x08002974   0x08002974   0x0000004c   Code   RO         4997    i.Get_Chassis_RC    mode_task.o
    0x080029c0   0x080029c0   0x000000b0   Code   RO         4998    i.Get_Cover_Mode    mode_task.o
    0x08002a70   0x08002a70   0x00000064   Code   RO         4999    i.Get_Gimbal_Mode   mode_task.o
    0x08002ad4   0x08002ad4   0x00000078   Code   RO         5000    i.Get_Shoot_Mode    mode_task.o
    0x08002b4c   0x08002b4c   0x00000188   Code   RO          935    i.Gimbal_Angle_Calibrate  gimbal.o
    0x08002cd4   0x08002cd4   0x0000007c   Code   RO          936    i.Gimbal_Angle_Read  gimbal.o
    0x08002d50   0x08002d50   0x000002f4   Code   RO         4884    i.Gimbal_AutoAim_Control  gimbal_task.o
    0x08003044   0x08003044   0x000001c0   Code   RO         4885    i.Gimbal_Follow_Control  gimbal_task.o
    0x08003204   0x08003204   0x00000288   Code   RO          937    i.Gimbal_Init       gimbal.o
    0x0800348c   0x0800348c   0x00000198   Code   RO         4886    i.Gimbal_Keep_Control  gimbal_task.o
    0x08003624   0x08003624   0x00000014   Code   RO         4887    i.Gimbal_Stop_Control  gimbal_task.o
    0x08003638   0x08003638   0x00000004   Code   RO          328    i.HardFault_Handler  stm32f4xx_it.o
    0x0800363c   0x0800363c   0x00000770   Code   RO          982    i.IMU_Ahrs_Update   imu.o
    0x08003dac   0x08003dac   0x00000208   Code   RO          983    i.IMU_Attitude_Update  imu.o
    0x08003fb4   0x08003fb4   0x00000030   Code   RO         1145    i.Infrared_Sensor_Init  laser.o
    0x08003fe4   0x08003fe4   0x0000003c   Code   RO         1171    i.LED_Init          led.o
    0x08004020   0x08004020   0x00000014   Code   RO         1172    i.LED_Run           led.o
    0x08004034   0x08004034   0x00000040   Code   RO         1146    i.Laser_Init        laser.o
    0x08004074   0x08004074   0x00000004   Code   RO          329    i.MemManage_Handler  stm32f4xx_it.o
    0x08004078   0x08004078   0x00000002   Code   RO          330    i.NMI_Handler       stm32f4xx_it.o
    0x0800407a   0x0800407a   0x00000002   PAD
    0x0800407c   0x0800407c   0x000000a4   Code   RO         1198    i.NUC_Data_Decode   nuc.o
    0x08004120   0x08004120   0x00000010   Code   RO         1199    i.NUC_Init          nuc.o
    0x08004130   0x08004130   0x0000026c   Code   RO         1200    i.NUC_Send_Data     nuc.o
    0x0800439c   0x0800439c   0x000000f0   Code   RO         1201    i.NUC_USART_DMA_Init  nuc.o
    0x0800448c   0x0800448c   0x000000bc   Code   RO         1202    i.NUC_USART_Init    nuc.o
    0x08004548   0x08004548   0x00000040   Code   RO         1203    i.NUC_USART_NVIC_Init  nuc.o
    0x08004588   0x08004588   0x00000078   Code   RO         1579    i.NVIC_Init         misc.o
    0x08004600   0x08004600   0x00000014   Code   RO         1580    i.NVIC_PriorityGroupConfig  misc.o
    0x08004614   0x08004614   0x000001e0   Code   RO         1274    i.Pid_Calc          pid.o
    0x080047f4   0x080047f4   0x000000a0   Code   RO         1275    i.Pid_Reset         pid.o
    0x08004894   0x08004894   0x0000002e   Code   RO         1276    i.Pid_Set           pid.o
    0x080048c2   0x080048c2   0x00000002   PAD
    0x080048c4   0x080048c4   0x00000020   Code   RO         2196    i.RCC_AHB1PeriphClockCmd  stm32f4xx_rcc.o
    0x080048e4   0x080048e4   0x00000020   Code   RO         2205    i.RCC_APB1PeriphClockCmd  stm32f4xx_rcc.o
    0x08004904   0x08004904   0x00000020   Code   RO         2207    i.RCC_APB1PeriphResetCmd  stm32f4xx_rcc.o
    0x08004924   0x08004924   0x00000020   Code   RO         2208    i.RCC_APB2PeriphClockCmd  stm32f4xx_rcc.o
    0x08004944   0x08004944   0x00000020   Code   RO         2210    i.RCC_APB2PeriphResetCmd  stm32f4xx_rcc.o
    0x08004964   0x08004964   0x000000e8   Code   RO         2217    i.RCC_GetClocksFreq  stm32f4xx_rcc.o
    0x08004a4c   0x08004a4c   0x0000015c   Code   RO         1386    i.RefereeInfo_Decode  referee_info.o
    0x08004ba8   0x08004ba8   0x00000010   Code   RO         1333    i.Referee_Init      referee.o
    0x08004bb8   0x08004bb8   0x00000090   Code   RO         1334    i.Referee_USART_DMA_Init  referee.o
    0x08004c48   0x08004c48   0x0000009c   Code   RO         1335    i.Referee_USART_Init  referee.o
    0x08004ce4   0x08004ce4   0x00000020   Code   RO         1336    i.Referee_USART_NVIC_Init  referee.o
    0x08004d04   0x08004d04   0x00000018   Code   RO         2536    i.SPI_Cmd           stm32f4xx_spi.o
    0x08004d1c   0x08004d1c   0x00000012   Code   RO         2544    i.SPI_I2S_GetFlagStatus  stm32f4xx_spi.o
    0x08004d2e   0x08004d2e   0x00000006   Code   RO         2547    i.SPI_I2S_ReceiveData  stm32f4xx_spi.o
    0x08004d34   0x08004d34   0x00000004   Code   RO         2548    i.SPI_I2S_SendData  stm32f4xx_spi.o
    0x08004d38   0x08004d38   0x0000003c   Code   RO         2549    i.SPI_Init          stm32f4xx_spi.o
    0x08004d74   0x08004d74   0x000000a0   Code   RO          895    i.STMFLASH_GetFlashSector  flash.o
    0x08004e14   0x08004e14   0x00000020   Code   RO          896    i.STMFLASH_Read     flash.o
    0x08004e34   0x08004e34   0x00000006   Code   RO          897    i.STMFLASH_ReadWord  flash.o
    0x08004e3a   0x08004e3a   0x00000002   PAD
    0x08004e3c   0x08004e3c   0x00000098   Code   RO          898    i.STMFLASH_Write    flash.o
    0x08004ed4   0x08004ed4   0x000000ec   Code   RO          405    i.SetSysClock       system_stm32f4xx.o
    0x08004fc0   0x08004fc0   0x000000f8   Code   RO         1437    i.Shoot_Init        shoot.o
    0x080050b8   0x080050b8   0x00000104   Code   RO         5086    i.Shoot_Run_Control  shoot_task.o
    0x080051bc   0x080051bc   0x0000002c   Code   RO         5087    i.Shoot_Run_Down_Control  shoot_task.o
    0x080051e8   0x080051e8   0x00000098   Code   RO         5088    i.Shoot_Stop_Control  shoot_task.o
    0x08005280   0x08005280   0x00000028   Code   RO         1583    i.SysTick_CLKSourceConfig  misc.o
    0x080052a8   0x080052a8   0x00000010   Code   RO         1533    i.SysTick_Handler   delay.o
    0x080052b8   0x080052b8   0x00000068   Code   RO          407    i.SystemInit        system_stm32f4xx.o
    0x08005320   0x08005320   0x00000110   Code   RO         1483    i.TIM6_DAC_IRQHandler  tim6.o
    0x08005430   0x08005430   0x0000005c   Code   RO         1484    i.TIM6_Init         tim6.o
    0x0800548c   0x0800548c   0x00000018   Code   RO         2698    i.TIM_ARRPreloadConfig  stm32f4xx_tim.o
    0x080054a4   0x080054a4   0x00000006   Code   RO         2705    i.TIM_ClearITPendingBit  stm32f4xx_tim.o
    0x080054aa   0x080054aa   0x00000018   Code   RO         2710    i.TIM_Cmd           stm32f4xx_tim.o
    0x080054c2   0x080054c2   0x0000001e   Code   RO         2712    i.TIM_CtrlPWMOutputs  stm32f4xx_tim.o
    0x080054e0   0x080054e0   0x00000022   Code   RO         2731    i.TIM_GetITStatus   stm32f4xx_tim.o
    0x08005502   0x08005502   0x00000012   Code   RO         2735    i.TIM_ITConfig      stm32f4xx_tim.o
    0x08005514   0x08005514   0x0000007c   Code   RO         2739    i.TIM_OC1Init       stm32f4xx_tim.o
    0x08005590   0x08005590   0x00000012   Code   RO         2742    i.TIM_OC1PreloadConfig  stm32f4xx_tim.o
    0x080055a2   0x080055a2   0x00000002   PAD
    0x080055a4   0x080055a4   0x000000a0   Code   RO         2749    i.TIM_OC3Init       stm32f4xx_tim.o
    0x08005644   0x08005644   0x00000012   Code   RO         2752    i.TIM_OC3PreloadConfig  stm32f4xx_tim.o
    0x08005656   0x08005656   0x00000004   Code   RO         2772    i.TIM_SetCompare1   stm32f4xx_tim.o
    0x0800565a   0x0800565a   0x00000002   PAD
    0x0800565c   0x0800565c   0x00000084   Code   RO         2782    i.TIM_TimeBaseInit  stm32f4xx_tim.o
    0x080056e0   0x080056e0   0x00000008   Code   RO         4762    i.Task_Init         task_init.o
    0x080056e8   0x080056e8   0x00000088   Code   RO         1204    i.USART1_IRQHandler  nuc.o
    0x08005770   0x08005770   0x00000088   Code   RO          822    i.USART3_IRQHandler  dr16.o
    0x080057f8   0x080057f8   0x00000158   Code   RO         1337    i.USART6_IRQHandler  referee.o
    0x08005950   0x08005950   0x00000012   Code   RO         3256    i.USART_ClearFlag   stm32f4xx_usart.o
    0x08005962   0x08005962   0x00000018   Code   RO         3260    i.USART_Cmd         stm32f4xx_usart.o
    0x0800597a   0x0800597a   0x00000012   Code   RO         3261    i.USART_DMACmd      stm32f4xx_usart.o
    0x0800598c   0x0800598c   0x00000054   Code   RO         3264    i.USART_GetITStatus  stm32f4xx_usart.o
    0x080059e0   0x080059e0   0x0000004a   Code   RO         3266    i.USART_ITConfig    stm32f4xx_usart.o
    0x08005a2a   0x08005a2a   0x00000002   PAD
    0x08005a2c   0x08005a2c   0x000000d4   Code   RO         3267    i.USART_Init        stm32f4xx_usart.o
    0x08005b00   0x08005b00   0x0000000a   Code   RO         3274    i.USART_ReceiveData  stm32f4xx_usart.o
    0x08005b0a   0x08005b0a   0x00000004   Code   RO          331    i.UsageFault_Handler  stm32f4xx_it.o
    0x08005b0e   0x08005b0e   0x00000002   PAD
    0x08005b10   0x08005b10   0x00000040   Code   RO          767    i.Verify_CRC16_Check_Sum  crc.o
    0x08005b50   0x08005b50   0x00000030   Code   RO          768    i.Verify_CRC8_Check_Sum  crc.o
    0x08005b80   0x08005b80   0x00000030   Code   RO         5313    i.__ARM_fpclassify  m_wm.l(fpclassify.o)
    0x08005bb0   0x08005bb0   0x00000360   Code   RO         5170    i.__hardfp_asin     m_wm.l(asin.o)
    0x08005f10   0x08005f10   0x000002d8   Code   RO         5285    i.__hardfp_atan     m_wm.l(atan.o)
    0x080061e8   0x080061e8   0x00000200   Code   RO         5184    i.__hardfp_atan2    m_wm.l(atan2.o)
    0x080063e8   0x080063e8   0x00000014   Code   RO         5196    i.__hardfp_fabs     m_wm.l(fabs.o)
    0x080063fc   0x080063fc   0x0000007a   Code   RO         5202    i.__hardfp_sqrt     m_wm.l(sqrt.o)
    0x08006476   0x08006476   0x000000f8   Code   RO         5315    i.__kernel_poly     m_wm.l(poly.o)
    0x0800656e   0x0800656e   0x00000014   Code   RO         5300    i.__mathlib_dbl_infnan  m_wm.l(dunder.o)
    0x08006582   0x08006582   0x00000014   Code   RO         5301    i.__mathlib_dbl_infnan2  m_wm.l(dunder.o)
    0x08006596   0x08006596   0x00000002   PAD
    0x08006598   0x08006598   0x00000020   Code   RO         5302    i.__mathlib_dbl_invalid  m_wm.l(dunder.o)
    0x080065b8   0x080065b8   0x00000020   Code   RO         5305    i.__mathlib_dbl_underflow  m_wm.l(dunder.o)
    0x080065d8   0x080065d8   0x00000010   Code   RO         5287    i.atan              m_wm.l(atan.o)
    0x080065e8   0x080065e8   0x0000000c   Code   RO         1205    i.bit32TObit8       nuc.o
    0x080065f4   0x080065f4   0x00000016   Code   RO         1389    i.bit8TObit16       referee_info.o
    0x0800660a   0x0800660a   0x00000020   Code   RO         1390    i.bit8TObit32       referee_info.o
    0x0800662a   0x0800662a   0x00000002   PAD
    0x0800662c   0x0800662c   0x00000128   Code   RO          507    i.bmi088_accel_init  bmi088driver.o
    0x08006754   0x08006754   0x000000f4   Code   RO          508    i.bmi088_gyro_init  bmi088driver.o
    0x08006848   0x08006848   0x00000040   Code   RO         4800    i.can_send_task     can_send_task.o
    0x08006888   0x08006888   0x00000034   Code   RO         4801    i.can_send_task_create  can_send_task.o
    0x080068bc   0x080068bc   0x00000168   Code   RO         4833    i.chassis_task      chassis_task.o
    0x08006a24   0x08006a24   0x00000034   Code   RO         4834    i.chassis_task_create  chassis_task.o
    0x08006a58   0x08006a58   0x00000044   Code   RO         1534    i.delay_init        delay.o
    0x08006a9c   0x08006a9c   0x00000044   Code   RO         1535    i.delay_ms          delay.o
    0x08006ae0   0x08006ae0   0x00000048   Code   RO         1536    i.delay_us          delay.o
    0x08006b28   0x08006b28   0x00000018   Code   RO         1537    i.delay_xms         delay.o
    0x08006b40   0x08006b40   0x00000018   Code   RO         5198    i.fabs              m_wm.l(fabs.o)
    0x08006b58   0x08006b58   0x00000064   Code   RO         4888    i.gimbal_task       gimbal_task.o
    0x08006bbc   0x08006bbc   0x00000030   Code   RO         4889    i.gimbal_task_create  gimbal_task.o
    0x08006bec   0x08006bec   0x00000022   Code   RO         4938    i.imu_task          imu_task.o
    0x08006c0e   0x08006c0e   0x00000002   PAD
    0x08006c10   0x08006c10   0x00000030   Code   RO         4939    i.imu_task_create   imu_task.o
    0x08006c40   0x08006c40   0x00000034   Code   RO         1001    i.inv_sqrt          imu.o
    0x08006c74   0x08006c74   0x0000008a   Code   RO         4967    i.led_task          led_task.o
    0x08006cfe   0x08006cfe   0x00000002   PAD
    0x08006d00   0x08006d00   0x0000002c   Code   RO         4968    i.led_task_create   led_task.o
    0x08006d2c   0x08006d2c   0x0000001c   Code   RO            4    i.main              main.o
    0x08006d48   0x08006d48   0x0000007c   Code   RO         5001    i.mode_task         mode_task.o
    0x08006dc4   0x08006dc4   0x00000030   Code   RO         5002    i.mode_task_create  mode_task.o
    0x08006df4   0x08006df4   0x0000001a   Code   RO         5056    i.nuc_task          nuc_task.o
    0x08006e0e   0x08006e0e   0x00000002   PAD
    0x08006e10   0x08006e10   0x00000030   Code   RO         5057    i.nuc_task_create   nuc_task.o
    0x08006e40   0x08006e40   0x00000098   Code   RO         4154    i.prvAddCurrentTaskToDelayedList  tasks.o
    0x08006ed8   0x08006ed8   0x000000b8   Code   RO         4155    i.prvAddNewTaskToReadyList  tasks.o
    0x08006f90   0x08006f90   0x00000064   Code   RO         4497    i.prvCheckForValidListAndQueue  timers.o
    0x08006ff4   0x08006ff4   0x00000064   Code   RO         4156    i.prvCheckTasksWaitingTermination  tasks.o
    0x08007058   0x08007058   0x0000002a   Code   RO         3956    i.prvCopyDataFromQueue  queue.o
    0x08007082   0x08007082   0x0000007c   Code   RO         3957    i.prvCopyDataToQueue  queue.o
    0x080070fe   0x080070fe   0x00000012   Code   RO         4157    i.prvDeleteTCB      tasks.o
    0x08007110   0x08007110   0x00000028   Code   RO         4498    i.prvGetNextExpireTime  timers.o
    0x08007138   0x08007138   0x0000007c   Code   RO         4627    i.prvHeapInit       heap_4.o
    0x080071b4   0x080071b4   0x00000028   Code   RO         4158    i.prvIdleTask       tasks.o
    0x080071dc   0x080071dc   0x0000002a   Code   RO         3959    i.prvInitialiseNewQueue  queue.o
    0x08007206   0x08007206   0x000000b4   Code   RO         4159    i.prvInitialiseNewTask  tasks.o
    0x080072ba   0x080072ba   0x00000002   PAD
    0x080072bc   0x080072bc   0x00000068   Code   RO         4160    i.prvInitialiseTaskLists  tasks.o
    0x08007324   0x08007324   0x00000068   Code   RO         4628    i.prvInsertBlockIntoFreeList  heap_4.o
    0x0800738c   0x0800738c   0x00000058   Code   RO         4500    i.prvInsertTimerInActiveList  timers.o
    0x080073e4   0x080073e4   0x0000001a   Code   RO         3960    i.prvIsQueueEmpty   queue.o
    0x080073fe   0x080073fe   0x0000001e   Code   RO         3961    i.prvIsQueueFull    queue.o
    0x0800741c   0x0800741c   0x00000064   Code   RO         4501    i.prvProcessExpiredTimer  timers.o
    0x08007480   0x08007480   0x000000f8   Code   RO         4502    i.prvProcessReceivedCommands  timers.o
    0x08007578   0x08007578   0x00000074   Code   RO         4503    i.prvProcessTimerOrBlockTask  timers.o
    0x080075ec   0x080075ec   0x00000034   Code   RO         4162    i.prvResetNextTaskUnblockTime  tasks.o
    0x08007620   0x08007620   0x0000002c   Code   RO         4504    i.prvSampleTimeNow  timers.o
    0x0800764c   0x0800764c   0x000000a0   Code   RO         4505    i.prvSwitchTimerLists  timers.o
    0x080076ec   0x080076ec   0x00000040   Code   RO         4677    i.prvTaskExitError  port.o
    0x0800772c   0x0800772c   0x0000001e   Code   RO         3833    i.prvTestWaitCondition  event_groups.o
    0x0800774a   0x0800774a   0x0000001a   Code   RO         4506    i.prvTimerTask      timers.o
    0x08007764   0x08007764   0x0000007e   Code   RO         3962    i.prvUnlockQueue    queue.o
    0x080077e2   0x080077e2   0x00000002   PAD
    0x080077e4   0x080077e4   0x0000013c   Code   RO         4629    i.pvPortMalloc      heap_4.o
    0x08007920   0x08007920   0x00000020   Code   RO         4165    i.pvTaskIncrementMutexHeldCount  tasks.o
    0x08007940   0x08007940   0x0000002c   Code   RO         4678    i.pxPortInitialiseStack  port.o
    0x0800796c   0x0800796c   0x0000004c   Code   RO         5089    i.shoot_task        shoot_task.o
    0x080079b8   0x080079b8   0x0000002c   Code   RO         5090    i.shoot_task_create  shoot_task.o
    0x080079e4   0x080079e4   0x0000000c   Code   RO         1206    i.shortTou8         nuc.o
    0x080079f0   0x080079f0   0x0000006e   Code   RO         5204    i.sqrt              m_wm.l(sqrt.o)
    0x08007a5e   0x08007a5e   0x00000002   PAD
    0x08007a60   0x08007a60   0x00000044   Code   RO         4763    i.start_task        task_init.o
    0x08007aa4   0x08007aa4   0x00000030   Code   RO         4764    i.start_task_create  task_init.o
    0x08007ad4   0x08007ad4   0x00000028   Code   RO         3919    i.uxListRemove      list.o
    0x08007afc   0x08007afc   0x0000001c   Code   RO         4173    i.uxTaskResetEventItemValue  tasks.o
    0x08007b18   0x08007b18   0x0000001a   Code   RO         3920    i.vListInitialise   list.o
    0x08007b32   0x08007b32   0x00000006   Code   RO         3921    i.vListInitialiseItem  list.o
    0x08007b38   0x08007b38   0x00000034   Code   RO         3922    i.vListInsert       list.o
    0x08007b6c   0x08007b6c   0x00000018   Code   RO         3923    i.vListInsertEnd    list.o
    0x08007b84   0x08007b84   0x00000054   Code   RO         4680    i.vPortEnterCritical  port.o
    0x08007bd8   0x08007bd8   0x0000003c   Code   RO         4681    i.vPortExitCritical  port.o
    0x08007c14   0x08007c14   0x00000094   Code   RO         4630    i.vPortFree         heap_4.o
    0x08007ca8   0x08007ca8   0x00000020   Code   RO         4682    i.vPortSetupTimerInterrupt  port.o
    0x08007cc8   0x08007cc8   0x00000078   Code   RO         4683    i.vPortValidateInterruptPriority  port.o
    0x08007d40   0x08007d40   0x0000002c   Code   RO         3968    i.vQueueAddToRegistry  queue.o
    0x08007d6c   0x08007d6c   0x0000004a   Code   RO         3972    i.vQueueWaitForMessageRestricted  queue.o
    0x08007db6   0x08007db6   0x00000002   PAD
    0x08007db8   0x08007db8   0x0000005c   Code   RO         4174    i.vTaskDelay        tasks.o
    0x08007e14   0x08007e14   0x000000d4   Code   RO         4175    i.vTaskDelayUntil   tasks.o
    0x08007ee8   0x08007ee8   0x000000f4   Code   RO         4176    i.vTaskDelete       tasks.o
    0x08007fdc   0x08007fdc   0x0000000c   Code   RO         4179    i.vTaskMissedYield  tasks.o
    0x08007fe8   0x08007fe8   0x00000038   Code   RO         4181    i.vTaskPlaceOnEventList  tasks.o
    0x08008020   0x08008020   0x00000040   Code   RO         4182    i.vTaskPlaceOnEventListRestricted  tasks.o
    0x08008060   0x08008060   0x0000006c   Code   RO         4183    i.vTaskPlaceOnUnorderedEventList  tasks.o
    0x080080cc   0x080080cc   0x000000b0   Code   RO         4184    i.vTaskPriorityInherit  tasks.o
    0x0800817c   0x0800817c   0x00000030   Code   RO         4188    i.vTaskSetTimeOutState  tasks.o
    0x080081ac   0x080081ac   0x00000094   Code   RO         4189    i.vTaskStartScheduler  tasks.o
    0x08008240   0x08008240   0x00000010   Code   RO         4191    i.vTaskSuspendAll   tasks.o
    0x08008250   0x08008250   0x0000008c   Code   RO         4192    i.vTaskSwitchContext  tasks.o
    0x080082dc   0x080082dc   0x0000001a   Code   RO         3839    i.xEventGroupCreate  event_groups.o
    0x080082f6   0x080082f6   0x000000ce   Code   RO         3841    i.xEventGroupSetBits  event_groups.o
    0x080083c4   0x080083c4   0x00000154   Code   RO         3843    i.xEventGroupWaitBits  event_groups.o
    0x08008518   0x08008518   0x0000013c   Code   RO         4684    i.xPortStartScheduler  port.o
    0x08008654   0x08008654   0x00000034   Code   RO         4685    i.xPortSysTickHandler  port.o
    0x08008688   0x08008688   0x00000058   Code   RO         3975    i.xQueueGenericCreate  queue.o
    0x080086e0   0x080086e0   0x000001c4   Code   RO         3976    i.xQueueGenericReceive  queue.o
    0x080088a4   0x080088a4   0x00000098   Code   RO         3977    i.xQueueGenericReset  queue.o
    0x0800893c   0x0800893c   0x000001a8   Code   RO         3978    i.xQueueGenericSend  queue.o
    0x08008ae4   0x08008ae4   0x000000f8   Code   RO         3979    i.xQueueGenericSendFromISR  queue.o
    0x08008bdc   0x08008bdc   0x0000008c   Code   RO         4193    i.xTaskCheckForTimeOut  tasks.o
    0x08008c68   0x08008c68   0x00000060   Code   RO         4194    i.xTaskCreate       tasks.o
    0x08008cc8   0x08008cc8   0x00000020   Code   RO         4198    i.xTaskGetSchedulerState  tasks.o
    0x08008ce8   0x08008ce8   0x0000000c   Code   RO         4199    i.xTaskGetTickCount  tasks.o
    0x08008cf4   0x08008cf4   0x00000148   Code   RO         4201    i.xTaskIncrementTick  tasks.o
    0x08008e3c   0x08008e3c   0x000000c8   Code   RO         4204    i.xTaskPriorityDisinherit  tasks.o
    0x08008f04   0x08008f04   0x00000098   Code   RO         4205    i.xTaskRemoveFromEventList  tasks.o
    0x08008f9c   0x08008f9c   0x000000b0   Code   RO         4206    i.xTaskRemoveFromUnorderedEventList  tasks.o
    0x0800904c   0x0800904c   0x00000104   Code   RO         4207    i.xTaskResumeAll    tasks.o
    0x08009150   0x08009150   0x00000058   Code   RO         4510    i.xTimerCreateTimerTask  timers.o
    0x080091a8   0x080091a8   0x00000084   Code   RO         4511    i.xTimerGenericCommand  timers.o
    0x0800922c   0x0800922c   0x00000018   Code   RO         5264    x$fpl$basic         fz_wm.l(basic.o)
    0x08009244   0x08009244   0x00000062   Code   RO         5156    x$fpl$d2f           fz_wm.l(d2f.o)
    0x080092a6   0x080092a6   0x00000002   PAD
    0x080092a8   0x080092a8   0x00000150   Code   RO         5158    x$fpl$dadd          fz_wm.l(daddsub_clz.o)
    0x080093f8   0x080093f8   0x00000018   Code   RO         5266    x$fpl$dcmpinf       fz_wm.l(dcmpi.o)
    0x08009410   0x08009410   0x000002b0   Code   RO         5269    x$fpl$ddiv          fz_wm.l(ddiv.o)
    0x080096c0   0x080096c0   0x00000078   Code   RO         5272    x$fpl$deqf          fz_wm.l(deqf.o)
    0x08009738   0x08009738   0x00000078   Code   RO         5164    x$fpl$dleqf         fz_wm.l(dleqf.o)
    0x080097b0   0x080097b0   0x00000154   Code   RO         5166    x$fpl$dmul          fz_wm.l(dmul.o)
    0x08009904   0x08009904   0x0000009c   Code   RO         5274    x$fpl$dnaninf       fz_wm.l(dnaninf.o)
    0x080099a0   0x080099a0   0x0000000c   Code   RO         5276    x$fpl$dretinf       fz_wm.l(dretinf.o)
    0x080099ac   0x080099ac   0x00000016   Code   RO         5159    x$fpl$drsb          fz_wm.l(daddsub_clz.o)
    0x080099c2   0x080099c2   0x00000002   PAD
    0x080099c4   0x080099c4   0x00000198   Code   RO         5278    x$fpl$dsqrt         fz_wm.l(dsqrt_umaal.o)
    0x08009b5c   0x08009b5c   0x000001d4   Code   RO         5160    x$fpl$dsub          fz_wm.l(daddsub_clz.o)
    0x08009d30   0x08009d30   0x00000056   Code   RO         5168    x$fpl$f2d           fz_wm.l(f2d.o)
    0x08009d86   0x08009d86   0x0000008c   Code   RO         5280    x$fpl$fnaninf       fz_wm.l(fnaninf.o)
    0x08009e12   0x08009e12   0x0000000a   Code   RO         5340    x$fpl$fpinit        fz_wm.l(fpinit.o)
    0x08009e1c   0x08009e1c   0x0000000a   Code   RO         5282    x$fpl$fretinf       fz_wm.l(fretinf.o)
    0x08009e26   0x08009e26   0x00000000   Code   RO         5284    x$fpl$usenofp       fz_wm.l(usenofp.o)
    0x08009e26   0x08009e26   0x00000302   Data   RO          769    .constdata          crc.o
    0x0800a128   0x0800a128   0x00000050   Data   RO         5173    .constdata          m_wm.l(asin.o)
    0x0800a178   0x0800a178   0x00000098   Data   RO         5288    .constdata          m_wm.l(atan.o)
    0x0800a210   0x0800a210   0x00000008   Data   RO         5317    .constdata          m_wm.l(qnan.o)
    0x0800a218   0x0800a218   0x00000020   Data   RO         5432    Region$$Table       anon$$obj.o


    Execution Region RW_IRAM1 (Exec base: 0x20000000, Load base: 0x0800a238, Size: 0x000146f0, Max: 0x00020000, ABSOLUTE, COMPRESSED[0x00000078])

    Exec Addr    Load Addr    Size         Type   Attr      Idx    E Section Name        Object

    0x20000000   COMPRESSED   0x00000014   Data   RW          408    .data               system_stm32f4xx.o
    0x20000014   COMPRESSED   0x0000002c   Data   RW          510    .data               bmi088driver.o
    0x20000040   COMPRESSED   0x0000001c   Data   RW          646    .data               can_handle.o
    0x2000005c   COMPRESSED   0x00000002   Data   RW          770    .data               crc.o
    0x2000005e   COMPRESSED   0x00000002   PAD
    0x20000060   COMPRESSED   0x00000004   Data   RW          824    .data               dr16.o
    0x20000064   COMPRESSED   0x00000008   Data   RW          875    .data               dual_board.o
    0x2000006c   COMPRESSED   0x00000004   Data   RW          939    .data               gimbal.o
    0x20000070   COMPRESSED   0x0000005e   Data   RW         1004    .data               imu.o
    0x200000ce   COMPRESSED   0x00000002   PAD
    0x200000d0   COMPRESSED   0x00000014   Data   RW         1208    .data               nuc.o
    0x200000e4   COMPRESSED   0x00000010   Data   RW         1392    .data               referee_info.o
    0x200000f4   COMPRESSED   0x00000010   Data   RW         1485    .data               tim6.o
    0x20000104   COMPRESSED   0x00000004   Data   RW         1538    .data               delay.o
    0x20000108   COMPRESSED   0x00000010   Data   RW         2249    .data               stm32f4xx_rcc.o
    0x20000118   COMPRESSED   0x0000003c   Data   RW         4210    .data               tasks.o
    0x20000154   COMPRESSED   0x00000014   Data   RW         4517    .data               timers.o
    0x20000168   COMPRESSED   0x00000018   Data   RW         4635    .data               heap_4.o
    0x20000180   COMPRESSED   0x0000000c   Data   RW         4686    .data               port.o
    0x2000018c   COMPRESSED   0x00000008   Data   RW         4765    .data               task_init.o
    0x20000194   COMPRESSED   0x00000004   Data   RW         4802    .data               can_send_task.o
    0x20000198   COMPRESSED   0x00000028   Data   RW         4836    .data               chassis_task.o
    0x200001c0   COMPRESSED   0x00000028   Data   RW         4890    .data               gimbal_task.o
    0x200001e8   COMPRESSED   0x00000004   Data   RW         4940    .data               imu_task.o
    0x200001ec   COMPRESSED   0x00000004   Data   RW         4969    .data               led_task.o
    0x200001f0   COMPRESSED   0x0000001c   Data   RW         5003    .data               mode_task.o
    0x2000020c   COMPRESSED   0x00000004   Data   RW         5058    .data               nuc_task.o
    0x20000210   COMPRESSED   0x00000020   Data   RW         5091    .data               shoot_task.o
    0x20000230        -       0x000000dc   Zero   RW          645    .bss                can_handle.o
    0x2000030c        -       0x0000005e   Zero   RW          823    .bss                dr16.o
    0x2000036a        -       0x00000014   Zero   RW          874    .bss                dual_board.o
    0x2000037e   COMPRESSED   0x00000002   PAD
    0x20000380        -       0x00000010   Zero   RW          938    .bss                gimbal.o
    0x20000390        -       0x00000064   Zero   RW         1002    .bss                imu.o
    0x200003f4        -       0x00000040   Zero   RW         1207    .bss                nuc.o
    0x20000434        -       0x000005f0   Zero   RW         1277    .bss                pid.o
    0x20000a24        -       0x00000800   Zero   RW         1338    .bss                referee.o
    0x20001224        -       0x0000002b   Zero   RW         1391    .bss                referee_info.o
    0x2000124f   COMPRESSED   0x00000001   PAD
    0x20001250        -       0x00000040   Zero   RW         3987    .bss                queue.o
    0x20001290        -       0x000000c8   Zero   RW         4209    .bss                tasks.o
    0x20001358        -       0x00000028   Zero   RW         4516    .bss                timers.o
    0x20001380        -       0x00012c00   Zero   RW         4634    .bss                heap_4.o
    0x20013f80        -       0x0000002c   Zero   RW         4835    .bss                chassis_task.o
    0x20013fac        -       0x000000e4   Zero   RW         5141    .bss                c_w.l(rand.o)
    0x20014090        -       0x00000060   Zero   RW         5343    .bss                c_w.l(libspace.o)
    0x200140f0        -       0x00000200   Zero   RW         4754    HEAP                startup_stm32f40_41xxx.o
    0x200142f0        -       0x00000400   Zero   RW         4753    STACK               startup_stm32f40_41xxx.o


==============================================================================

Image component sizes


      Code (inc. data)   RO Data    RW Data    ZI Data      Debug   Object Name

       176         12          0          0          0       2660   beep.o
       320         12          0          0          0        774   bmi088.o
      1552         54          0         44          0       9834   bmi088driver.o
       592         16          0          0          0       2133   can.o
      1304        168          0         28        220       8095   can_handle.o
       116         32          0          4          0       1423   can_send_task.o
       300         54          0          0          0        603   chassis.o
      1500        218          0         40         44       5217   chassis_task.o
       196         16          0          0          0       1222   cover.o
       200         14        770          2          0       3577   crc.o
       248         20          0          4          0       3197   delay.o
       682         48          0          4         94       6124   dr16.o
         0          0          0          8         20       1130   dual_board.o
       602          6          0          0          0      13407   event_groups.o
       350         50          0          0          0       3171   flash.o
      1210        112          0          4         16       4185   gimbal.o
      1780        192          0         40          0       4557   gimbal_task.o
       692         62          0         24      76800       4507   heap_4.o
      2496        180          0         94        100       9662   imu.o
        82         22          0          4          0       1660   imu_task.o
       112         10          0          0          0       1116   laser.o
        80         12          0          0          0       1025   led.o
       182         20          0          4          0       1408   led_task.o
       148          0          0          0          0       3342   list.o
        88          0          0          0          0     337813   main.o
       180         24          0          0          0       2145   misc.o
       704        128          0         28          0       5189   mode_task.o
      1500        126          0         20         64       7977   nuc.o
        74         22          0          4          0       1652   nuc_task.o
       686         10          0          0       1520       4149   pid.o
       954         92          0         12          0      11645   port.o
      1872         22          0          0         64      16269   queue.o
       692         38          0          0       2048       4474   referee.o
       402         30          0         16         43       6690   referee_info.o
       248         20          0          0          0        521   shoot.o
       704        124          0         32          0       3854   shoot_task.o
        64         26        392          0       1536        864   startup_stm32f40_41xxx.o
      1654         22          0          0          0       7728   stm32f4xx_can.o
       742         58          0          0          0       8385   stm32f4xx_dma.o
        36         10          0          0          0       1168   stm32f4xx_exti.o
       426         40          0          0          0       4640   stm32f4xx_flash.o
       248          0          0          0          0       4201   stm32f4xx_gpio.o
        20          0          0          0          0       2833   stm32f4xx_it.o
       392         48          0         16          0       5945   stm32f4xx_rcc.o
       112          0          0          0          0       3598   stm32f4xx_spi.o
       592         48          0          0          0       8294   stm32f4xx_tim.o
       440          8          0          0          0       5583   stm32f4xx_usart.o
       340         32          0         20          0       1821   system_stm32f4xx.o
       124         28          0          8          0       1895   task_init.o
      3602        456          0         60        200      27298   tasks.o
       364         50          0         16          0       1616   tim6.o
      1142        118          0         20         40      17599   timers.o

    ----------------------------------------------------------------------
     33368       2910       1194        560      82812     599875   Object Totals
         0          0         32          0          0          0   (incl. Generated)
        46          0          0          4          3          0   (incl. Padding)

    ----------------------------------------------------------------------

      Code (inc. data)   RO Data    RW Data    ZI Data      Debug   Library Member Name

        58          0          0          0          0          0   __dczerorl.o
         8          0          0          0          0         68   __main.o
         0          0          0          0          0          0   __rtentry.o
        12          0          0          0          0          0   __rtentry2.o
         6          0          0          0          0          0   __rtentry4.o
        52          8          0          0          0          0   __scatter.o
        28          0          0          0          0          0   __scatter_zi.o
        22          0          0          0          0        100   _rserrno.o
        16          0          0          0          0         68   aeabi_memset.o
        18          0          0          0          0         80   exit.o
         6          0          0          0          0        152   heapauxi.o
         0          0          0          0          0          0   indicate_semi.o
         2          0          0          0          0          0   libinit.o
        10          0          0          0          0          0   libinit2.o
         2          0          0          0          0          0   libshutdown.o
         2          0          0          0          0          0   libshutdown2.o
         8          4          0          0         96         68   libspace.o
       112         18          0          0        228        160   rand.o
         8          4          0          0          0         68   rt_errno_addr_intlibspace.o
        68          0          0          0          0         68   rt_memclr.o
        78          0          0          0          0         80   rt_memclr_w.o
       138          0          0          0          0         68   rt_memcpy_v6.o
       100          0          0          0          0         80   rt_memcpy_w.o
         2          0          0          0          0          0   rtexit.o
        10          0          0          0          0          0   rtexit2.o
        12          4          0          0          0         68   sys_exit.o
        74          0          0          0          0         80   sys_stackheap_outer.o
         2          0          0          0          0         68   use_no_semi.o
        24          0          0          0          0        164   basic.o
        98          4          0          0          0        140   d2f.o
       826         16          0          0          0        492   daddsub_clz.o
        24          0          0          0          0        116   dcmpi.o
       688        140          0          0          0        256   ddiv.o
       120          4          0          0          0        140   deqf.o
       120          4          0          0          0        140   dleqf.o
       340         12          0          0          0        152   dmul.o
       156          4          0          0          0        140   dnaninf.o
        12          0          0          0          0        116   dretinf.o
       408         56          0          0          0        168   dsqrt_umaal.o
        86          4          0          0          0        132   f2d.o
       140          4          0          0          0        132   fnaninf.o
        10          0          0          0          0        116   fpinit.o
        10          0          0          0          0        116   fretinf.o
         0          0          0          0          0          0   usenofp.o
       864         94         80          0          0        280   asin.o
       744        106        152          0          0        352   atan.o
       512         64          0          0          0        208   atan2.o
       104         16          0          0          0        496   dunder.o
        44          0          0          0          0        248   fabs.o
        48          0          0          0          0        124   fpclassify.o
       248          0          0          0          0        152   poly.o
         0          0          8          0          0          0   qnan.o
       232          0          0          0          0        296   sqrt.o

    ----------------------------------------------------------------------
      6726        566        240          0        324       5952   Library Totals
        14          0          0          0          0          0   (incl. Padding)

    ----------------------------------------------------------------------

      Code (inc. data)   RO Data    RW Data    ZI Data      Debug   Library Name

       854         38          0          0        324       1276   c_w.l
      3062        248          0          0          0       2520   fz_wm.l
      2796        280        240          0          0       2156   m_wm.l

    ----------------------------------------------------------------------
      6726        566        240          0        324       5952   Library Totals

    ----------------------------------------------------------------------

==============================================================================


      Code (inc. data)   RO Data    RW Data    ZI Data      Debug   

     40094       3476       1434        560      83136     575503   Grand Totals
     40094       3476       1434        120      83136     575503   ELF Image Totals (compressed)
     40094       3476       1434        120          0          0   ROM Totals

==============================================================================

    Total RO  Size (Code + RO Data)                41528 (  40.55kB)
    Total RW  Size (RW Data + ZI Data)             83696 (  81.73kB)
    Total ROM Size (Code + RO Data + RW Data)      41648 (  40.67kB)

==============================================================================

